<?xml version="1.0"?>
<link_info>
   <banner>MSP430 Linker PC v4.3.3</banner>
   <copyright>Copyright (c) 2003-2014 Texas Instruments Incorporated</copyright>
   <link_time>0x53b87f72</link_time>
   <link_errors>0x0</link_errors>
   <output_file>Comm Head v0.2502.out</output_file>
   <entry_point>
      <name>_c_int00</name>
      <address>0xdca4</address>
   </entry_point>
   <input_file_list>
      <input_file id="fl-3">
         <path>C:\Users\sam_000\Dropbox\Turtle Sense\TI workspace\Comm Head v0.2502\Debug\configPkg\package\cfg\</path>
         <kind>object</kind>
         <file>main_pe430X.oe430X</file>
         <name>main_pe430X.oe430X</name>
      </input_file>
      <input_file id="fl-7">
         <path>.\</path>
         <kind>object</kind>
         <file>main.obj</file>
         <name>main.obj</name>
      </input_file>
      <input_file id="fl-d">
         <path>C:\ti\grace_2_20_02_32\packages\ti\targets\msp430\rts430\lib\</path>
         <kind>archive</kind>
         <file>ti.targets.msp430.rts430.ae430X</file>
         <name>boot.oe430X</name>
      </input_file>
      <input_file id="fl-e">
         <path>C:\ti\grace_2_20_02_32\packages\ti\targets\msp430\rts430\lib\</path>
         <kind>archive</kind>
         <file>ti.targets.msp430.rts430.ae430X</file>
         <name>pre_init.oe430X</name>
      </input_file>
      <input_file id="fl-f">
         <path>C:\ti\grace_2_20_02_32\packages\ti\catalog\msp430\init\lib\</path>
         <kind>archive</kind>
         <file>ti.catalog.msp430.init.ae430X</file>
         <name>Boot.oe430X</name>
      </input_file>
      <input_file id="fl-10">
         <path>C:\Users\sam_000\Dropbox\TURTLE~1\TIWORK~1\COMMHE~1.250\src\grace\</path>
         <kind>archive</kind>
         <file>grace.lib</file>
         <name>InterruptVectors_init.obj</name>
      </input_file>
      <input_file id="fl-3f">
         <path>c:\ti\ccsv6\tools\compiler\msp430_4.3.3\lib\</path>
         <kind>archive</kind>
         <file>rts430x_lc_rd_eabi.lib</file>
         <name>args_main.obj</name>
      </input_file>
      <input_file id="fl-40">
         <path>c:\ti\ccsv6\tools\compiler\msp430_4.3.3\lib\</path>
         <kind>archive</kind>
         <file>rts430x_lc_rd_eabi.lib</file>
         <name>autoinit.obj</name>
      </input_file>
      <input_file id="fl-41">
         <path>c:\ti\ccsv6\tools\compiler\msp430_4.3.3\lib\</path>
         <kind>archive</kind>
         <file>rts430x_lc_rd_eabi.lib</file>
         <name>copy_decompress_none.obj</name>
      </input_file>
      <input_file id="fl-42">
         <path>c:\ti\ccsv6\tools\compiler\msp430_4.3.3\lib\</path>
         <kind>archive</kind>
         <file>rts430x_lc_rd_eabi.lib</file>
         <name>copy_decompress_rle.obj</name>
      </input_file>
      <input_file id="fl-43">
         <path>c:\ti\ccsv6\tools\compiler\msp430_4.3.3\lib\</path>
         <kind>archive</kind>
         <file>rts430x_lc_rd_eabi.lib</file>
         <name>copy_zero_init.obj</name>
      </input_file>
      <input_file id="fl-44">
         <path>c:\ti\ccsv6\tools\compiler\msp430_4.3.3\lib\</path>
         <kind>archive</kind>
         <file>rts430x_lc_rd_eabi.lib</file>
         <name>exit.obj</name>
      </input_file>
      <input_file id="fl-45">
         <path>c:\ti\ccsv6\tools\compiler\msp430_4.3.3\lib\</path>
         <kind>archive</kind>
         <file>rts430x_lc_rd_eabi.lib</file>
         <name>int31.obj</name>
      </input_file>
      <input_file id="fl-46">
         <path>c:\ti\ccsv6\tools\compiler\msp430_4.3.3\lib\</path>
         <kind>archive</kind>
         <file>rts430x_lc_rd_eabi.lib</file>
         <name>int32.obj</name>
      </input_file>
      <input_file id="fl-47">
         <path>c:\ti\ccsv6\tools\compiler\msp430_4.3.3\lib\</path>
         <kind>archive</kind>
         <file>rts430x_lc_rd_eabi.lib</file>
         <name>int33.obj</name>
      </input_file>
      <input_file id="fl-48">
         <path>c:\ti\ccsv6\tools\compiler\msp430_4.3.3\lib\</path>
         <kind>archive</kind>
         <file>rts430x_lc_rd_eabi.lib</file>
         <name>int34.obj</name>
      </input_file>
      <input_file id="fl-49">
         <path>c:\ti\ccsv6\tools\compiler\msp430_4.3.3\lib\</path>
         <kind>archive</kind>
         <file>rts430x_lc_rd_eabi.lib</file>
         <name>int35.obj</name>
      </input_file>
      <input_file id="fl-4a">
         <path>c:\ti\ccsv6\tools\compiler\msp430_4.3.3\lib\</path>
         <kind>archive</kind>
         <file>rts430x_lc_rd_eabi.lib</file>
         <name>int36.obj</name>
      </input_file>
      <input_file id="fl-4b">
         <path>c:\ti\ccsv6\tools\compiler\msp430_4.3.3\lib\</path>
         <kind>archive</kind>
         <file>rts430x_lc_rd_eabi.lib</file>
         <name>int37.obj</name>
      </input_file>
      <input_file id="fl-4c">
         <path>c:\ti\ccsv6\tools\compiler\msp430_4.3.3\lib\</path>
         <kind>archive</kind>
         <file>rts430x_lc_rd_eabi.lib</file>
         <name>int38.obj</name>
      </input_file>
      <input_file id="fl-4d">
         <path>c:\ti\ccsv6\tools\compiler\msp430_4.3.3\lib\</path>
         <kind>archive</kind>
         <file>rts430x_lc_rd_eabi.lib</file>
         <name>int39.obj</name>
      </input_file>
      <input_file id="fl-4e">
         <path>c:\ti\ccsv6\tools\compiler\msp430_4.3.3\lib\</path>
         <kind>archive</kind>
         <file>rts430x_lc_rd_eabi.lib</file>
         <name>int40.obj</name>
      </input_file>
      <input_file id="fl-4f">
         <path>c:\ti\ccsv6\tools\compiler\msp430_4.3.3\lib\</path>
         <kind>archive</kind>
         <file>rts430x_lc_rd_eabi.lib</file>
         <name>int41.obj</name>
      </input_file>
      <input_file id="fl-50">
         <path>c:\ti\ccsv6\tools\compiler\msp430_4.3.3\lib\</path>
         <kind>archive</kind>
         <file>rts430x_lc_rd_eabi.lib</file>
         <name>int42.obj</name>
      </input_file>
      <input_file id="fl-51">
         <path>c:\ti\ccsv6\tools\compiler\msp430_4.3.3\lib\</path>
         <kind>archive</kind>
         <file>rts430x_lc_rd_eabi.lib</file>
         <name>int43.obj</name>
      </input_file>
      <input_file id="fl-52">
         <path>c:\ti\ccsv6\tools\compiler\msp430_4.3.3\lib\</path>
         <kind>archive</kind>
         <file>rts430x_lc_rd_eabi.lib</file>
         <name>int44.obj</name>
      </input_file>
      <input_file id="fl-53">
         <path>c:\ti\ccsv6\tools\compiler\msp430_4.3.3\lib\</path>
         <kind>archive</kind>
         <file>rts430x_lc_rd_eabi.lib</file>
         <name>int45.obj</name>
      </input_file>
      <input_file id="fl-54">
         <path>c:\ti\ccsv6\tools\compiler\msp430_4.3.3\lib\</path>
         <kind>archive</kind>
         <file>rts430x_lc_rd_eabi.lib</file>
         <name>int46.obj</name>
      </input_file>
      <input_file id="fl-55">
         <path>c:\ti\ccsv6\tools\compiler\msp430_4.3.3\lib\</path>
         <kind>archive</kind>
         <file>rts430x_lc_rd_eabi.lib</file>
         <name>int47.obj</name>
      </input_file>
      <input_file id="fl-56">
         <path>c:\ti\ccsv6\tools\compiler\msp430_4.3.3\lib\</path>
         <kind>archive</kind>
         <file>rts430x_lc_rd_eabi.lib</file>
         <name>int48.obj</name>
      </input_file>
      <input_file id="fl-57">
         <path>c:\ti\ccsv6\tools\compiler\msp430_4.3.3\lib\</path>
         <kind>archive</kind>
         <file>rts430x_lc_rd_eabi.lib</file>
         <name>int49.obj</name>
      </input_file>
      <input_file id="fl-58">
         <path>c:\ti\ccsv6\tools\compiler\msp430_4.3.3\lib\</path>
         <kind>archive</kind>
         <file>rts430x_lc_rd_eabi.lib</file>
         <name>int50.obj</name>
      </input_file>
      <input_file id="fl-59">
         <path>c:\ti\ccsv6\tools\compiler\msp430_4.3.3\lib\</path>
         <kind>archive</kind>
         <file>rts430x_lc_rd_eabi.lib</file>
         <name>int52.obj</name>
      </input_file>
      <input_file id="fl-5a">
         <path>c:\ti\ccsv6\tools\compiler\msp430_4.3.3\lib\</path>
         <kind>archive</kind>
         <file>rts430x_lc_rd_eabi.lib</file>
         <name>int53.obj</name>
      </input_file>
      <input_file id="fl-5b">
         <path>c:\ti\ccsv6\tools\compiler\msp430_4.3.3\lib\</path>
         <kind>archive</kind>
         <file>rts430x_lc_rd_eabi.lib</file>
         <name>int54.obj</name>
      </input_file>
      <input_file id="fl-5c">
         <path>c:\ti\ccsv6\tools\compiler\msp430_4.3.3\lib\</path>
         <kind>archive</kind>
         <file>rts430x_lc_rd_eabi.lib</file>
         <name>isr_trap.obj</name>
      </input_file>
      <input_file id="fl-5d">
         <path>c:\ti\ccsv6\tools\compiler\msp430_4.3.3\lib\</path>
         <kind>archive</kind>
         <file>rts430x_lc_rd_eabi.lib</file>
         <name>memcpy.obj</name>
      </input_file>
      <input_file id="fl-5e">
         <path>c:\ti\ccsv6\tools\compiler\msp430_4.3.3\lib\</path>
         <kind>archive</kind>
         <file>rts430x_lc_rd_eabi.lib</file>
         <name>_lock.obj</name>
      </input_file>
      <input_file id="fl-5f">
         <path>C:\Users\sam_000\Dropbox\TURTLE~1\TIWORK~1\COMMHE~1.250\src\grace\</path>
         <kind>archive</kind>
         <file>grace.lib</file>
         <name>Grace_init.obj</name>
      </input_file>
      <input_file id="fl-60">
         <path>C:\Users\sam_000\Dropbox\TURTLE~1\TIWORK~1\COMMHE~1.250\src\grace\</path>
         <kind>archive</kind>
         <file>grace.lib</file>
         <name>Timer0_B3_init.obj</name>
      </input_file>
      <input_file id="fl-61">
         <path>C:\Users\sam_000\Dropbox\TURTLE~1\TIWORK~1\COMMHE~1.250\src\grace\</path>
         <kind>archive</kind>
         <file>grace.lib</file>
         <name>GPIO_init.obj</name>
      </input_file>
      <input_file id="fl-62">
         <path>C:\Users\sam_000\Dropbox\TURTLE~1\TIWORK~1\COMMHE~1.250\src\grace\</path>
         <kind>archive</kind>
         <file>grace.lib</file>
         <name>CS_init.obj</name>
      </input_file>
      <input_file id="fl-63">
         <path>C:\Users\sam_000\Dropbox\TURTLE~1\TIWORK~1\COMMHE~1.250\src\grace\</path>
         <kind>archive</kind>
         <file>grace.lib</file>
         <name>ADC10_B_init.obj</name>
      </input_file>
      <input_file id="fl-64">
         <path>C:\Users\sam_000\Dropbox\TURTLE~1\TIWORK~1\COMMHE~1.250\src\grace\</path>
         <kind>archive</kind>
         <file>grace.lib</file>
         <name>REF_init.obj</name>
      </input_file>
      <input_file id="fl-65">
         <path>C:\Users\sam_000\Dropbox\TURTLE~1\TIWORK~1\COMMHE~1.250\src\grace\</path>
         <kind>archive</kind>
         <file>grace.lib</file>
         <name>EUSCI_A0_init.obj</name>
      </input_file>
      <input_file id="fl-66">
         <path>C:\Users\sam_000\Dropbox\TURTLE~1\TIWORK~1\COMMHE~1.250\src\grace\</path>
         <kind>archive</kind>
         <file>grace.lib</file>
         <name>EUSCI_A1_init.obj</name>
      </input_file>
      <input_file id="fl-67">
         <path>C:\Users\sam_000\Dropbox\TURTLE~1\TIWORK~1\COMMHE~1.250\src\grace\</path>
         <kind>archive</kind>
         <file>grace.lib</file>
         <name>System_init.obj</name>
      </input_file>
      <input_file id="fl-68">
         <path>C:\Users\sam_000\Dropbox\TURTLE~1\TIWORK~1\COMMHE~1.250\src\grace\</path>
         <kind>archive</kind>
         <file>grace.lib</file>
         <name>WDT_A_init.obj</name>
      </input_file>
      <input_file id="fl-69">
         <path>C:\Users\sam_000\Dropbox\TURTLE~1\TIWORK~1\COMMHE~1.250\src\grace\</path>
         <kind>archive</kind>
         <file>grace.lib</file>
         <name>adc10_b.obj</name>
      </input_file>
      <input_file id="fl-6a">
         <path>C:\Users\sam_000\Dropbox\TURTLE~1\TIWORK~1\COMMHE~1.250\src\grace\</path>
         <kind>archive</kind>
         <file>grace.lib</file>
         <name>cs.obj</name>
      </input_file>
      <input_file id="fl-6b">
         <path>C:\Users\sam_000\Dropbox\TURTLE~1\TIWORK~1\COMMHE~1.250\src\grace\</path>
         <kind>archive</kind>
         <file>grace.lib</file>
         <name>eusci_a_uart.obj</name>
      </input_file>
      <input_file id="fl-6c">
         <path>C:\Users\sam_000\Dropbox\TURTLE~1\TIWORK~1\COMMHE~1.250\src\grace\</path>
         <kind>archive</kind>
         <file>grace.lib</file>
         <name>ref.obj</name>
      </input_file>
      <input_file id="fl-6d">
         <path>C:\Users\sam_000\Dropbox\TURTLE~1\TIWORK~1\COMMHE~1.250\src\grace\</path>
         <kind>archive</kind>
         <file>grace.lib</file>
         <name>timer_b.obj</name>
      </input_file>
      <input_file id="fl-6e">
         <path>C:\Users\sam_000\Dropbox\TURTLE~1\TIWORK~1\COMMHE~1.250\src\grace\</path>
         <kind>archive</kind>
         <file>grace.lib</file>
         <name>wdt_a.obj</name>
      </input_file>
      <input_file id="fl-6f">
         <path>c:\ti\ccsv6\tools\compiler\msp430_4.3.3\lib\</path>
         <kind>archive</kind>
         <file>rts430x_lc_rd_eabi.lib</file>
         <name>div16s.obj</name>
      </input_file>
      <input_file id="fl-70">
         <path>c:\ti\ccsv6\tools\compiler\msp430_4.3.3\lib\</path>
         <kind>archive</kind>
         <file>rts430x_lc_rd_eabi.lib</file>
         <name>div16u.obj</name>
      </input_file>
      <input_file id="fl-71">
         <path>c:\ti\ccsv6\tools\compiler\msp430_4.3.3\lib\</path>
         <kind>archive</kind>
         <file>rts430x_lc_rd_eabi.lib</file>
         <name>div32s.obj</name>
      </input_file>
      <input_file id="fl-72">
         <path>c:\ti\ccsv6\tools\compiler\msp430_4.3.3\lib\</path>
         <kind>archive</kind>
         <file>rts430x_lc_rd_eabi.lib</file>
         <name>div32u.obj</name>
      </input_file>
   </input_file_list>
   <object_component_list>
      <object_component id="oc-9b">
         <name>xdc.meta</name>
         <load_address>0x0</load_address>
         <run_address>0x0</run_address>
         <size>0x10a</size>
         <input_file_ref idref="fl-3"/>
      </object_component>
      <object_component id="oc-3e0">
         <name>.cinit..data.load</name>
         <load_address>0xc200</load_address>
         <run_address>0xc200</run_address>
         <size>0x11a</size>
      </object_component>
      <object_component id="oc-3dd">
         <name>__TI_handler_table</name>
         <load_address>0xc31c</load_address>
         <run_address>0xc31c</run_address>
         <size>0xc</size>
      </object_component>
      <object_component id="oc-3df">
         <name>.cinit..bss.load</name>
         <load_address>0xc328</load_address>
         <run_address>0xc328</run_address>
         <size>0x6</size>
      </object_component>
      <object_component id="oc-3de">
         <name>__TI_cinit_table</name>
         <load_address>0xc32e</load_address>
         <run_address>0xc32e</run_address>
         <size>0x10</size>
      </object_component>
      <object_component id="oc-1cd">
         <name>.const:.string</name>
         <load_address>0xc33e</load_address>
         <run_address>0xc33e</run_address>
         <size>0x388</size>
         <input_file_ref idref="fl-7"/>
      </object_component>
      <object_component id="oc-311">
         <name>.const:.string:report_script</name>
         <load_address>0xc6c6</load_address>
         <run_address>0xc6c6</run_address>
         <size>0x2d</size>
         <input_file_ref idref="fl-7"/>
      </object_component>
      <object_component id="oc-2fc">
         <name>.const:.string:report_script_noheading</name>
         <load_address>0xc6f4</load_address>
         <run_address>0xc6f4</run_address>
         <size>0x24</size>
         <input_file_ref idref="fl-7"/>
      </object_component>
      <object_component id="oc-2f3">
         <name>.const:.string:days_in_month</name>
         <load_address>0xc718</load_address>
         <run_address>0xc718</run_address>
         <size>0xd</size>
         <input_file_ref idref="fl-7"/>
      </object_component>
      <object_component id="oc-2f7">
         <name>.const:powers_of_10</name>
         <load_address>0xc726</load_address>
         <run_address>0xc726</run_address>
         <size>0xa</size>
         <input_file_ref idref="fl-7"/>
      </object_component>
      <object_component id="oc-323">
         <name>.const:.string:delete_parameters</name>
         <load_address>0xc730</load_address>
         <run_address>0xc730</run_address>
         <size>0x8</size>
         <input_file_ref idref="fl-7"/>
      </object_component>
      <object_component id="oc-320">
         <name>.const:.string:read_parameters</name>
         <load_address>0xc738</load_address>
         <run_address>0xc738</run_address>
         <size>0x8</size>
         <input_file_ref idref="fl-7"/>
      </object_component>
      <object_component id="oc-31b">
         <name>.const:.string:end_report</name>
         <load_address>0xc740</load_address>
         <run_address>0xc740</run_address>
         <size>0x4</size>
         <input_file_ref idref="fl-7"/>
      </object_component>
      <object_component id="oc-1fd">
         <name>.text:send_report</name>
         <load_address>0xc800</load_address>
         <run_address>0xc800</run_address>
         <size>0x156</size>
         <input_file_ref idref="fl-7"/>
      </object_component>
      <object_component id="oc-138">
         <name>.text:phone_it_in</name>
         <load_address>0xc956</load_address>
         <run_address>0xc956</run_address>
         <size>0x11a</size>
         <input_file_ref idref="fl-7"/>
      </object_component>
      <object_component id="oc-111">
         <name>.text:start_up</name>
         <load_address>0xca70</load_address>
         <run_address>0xca70</run_address>
         <size>0x112</size>
         <input_file_ref idref="fl-7"/>
      </object_component>
      <object_component id="oc-203">
         <name>.text:get_new_parameters</name>
         <load_address>0xcb82</load_address>
         <run_address>0xcb82</run_address>
         <size>0xf8</size>
         <input_file_ref idref="fl-7"/>
      </object_component>
      <object_component id="oc-330">
         <name>.text:privateTimerBProcessClockSourceDivider</name>
         <load_address>0xcc7a</load_address>
         <run_address>0xcc7a</run_address>
         <size>0xce</size>
         <input_file_ref idref="fl-6d"/>
      </object_component>
      <object_component id="oc-1eb">
         <name>.text:set_time</name>
         <load_address>0xcd48</load_address>
         <run_address>0xcd48</run_address>
         <size>0xce</size>
         <input_file_ref idref="fl-7"/>
      </object_component>
      <object_component id="oc-24c">
         <name>.text:CS_XT1StartWithTimeout</name>
         <load_address>0xce16</load_address>
         <run_address>0xce16</run_address>
         <size>0xc4</size>
         <input_file_ref idref="fl-6a"/>
      </object_component>
      <object_component id="oc-258">
         <name>.text:CS_clockSignalInit</name>
         <load_address>0xceda</load_address>
         <run_address>0xceda</run_address>
         <size>0xc0</size>
         <input_file_ref idref="fl-6a"/>
      </object_component>
      <object_component id="oc-1d9">
         <name>.text:phone_on</name>
         <load_address>0xcf9a</load_address>
         <run_address>0xcf9a</run_address>
         <size>0xac</size>
         <input_file_ref idref="fl-7"/>
      </object_component>
      <object_component id="oc-2af">
         <name>.text:EUSCI_A_UART_initAdvance</name>
         <load_address>0xd046</load_address>
         <run_address>0xd046</run_address>
         <size>0xaa</size>
         <input_file_ref idref="fl-6b"/>
      </object_component>
      <object_component id="oc-18a">
         <name>.text:CS_graceInit</name>
         <load_address>0xd0f0</load_address>
         <run_address>0xd0f0</run_address>
         <size>0xa6</size>
         <input_file_ref idref="fl-62"/>
      </object_component>
      <object_component id="oc-190">
         <name>.text:ADC10_B_graceInit</name>
         <load_address>0xd196</load_address>
         <run_address>0xd196</run_address>
         <size>0x9c</size>
         <input_file_ref idref="fl-63"/>
      </object_component>
      <object_component id="oc-184">
         <name>.text:GPIO_graceInit</name>
         <load_address>0xd232</load_address>
         <run_address>0xd232</run_address>
         <size>0x9c</size>
         <input_file_ref idref="fl-61"/>
      </object_component>
      <object_component id="oc-314">
         <name>.text:report_record_data</name>
         <load_address>0xd2ce</load_address>
         <run_address>0xd2ce</run_address>
         <size>0x8e</size>
         <input_file_ref idref="fl-7"/>
      </object_component>
      <object_component id="oc-b9">
         <name>.text:main</name>
         <load_address>0xd35c</load_address>
         <run_address>0xd35c</run_address>
         <size>0x8a</size>
         <input_file_ref idref="fl-7"/>
      </object_component>
      <object_component id="oc-2d8">
         <name>.text:readBattery</name>
         <load_address>0xd3e6</load_address>
         <run_address>0xd3e6</run_address>
         <size>0x86</size>
         <input_file_ref idref="fl-7"/>
      </object_component>
      <object_component id="oc-123">
         <name>.text:SS_receive_records</name>
         <load_address>0xd46c</load_address>
         <run_address>0xd46c</run_address>
         <size>0x74</size>
         <input_file_ref idref="fl-7"/>
      </object_component>
      <object_component id="oc-1be">
         <name>.text:transfer_string</name>
         <load_address>0xd4e0</load_address>
         <run_address>0xd4e0</run_address>
         <size>0x74</size>
         <input_file_ref idref="fl-7"/>
      </object_component>
      <object_component id="oc-19c">
         <name>.text:EUSCI_A0_graceInit</name>
         <load_address>0xd554</load_address>
         <run_address>0xd554</run_address>
         <size>0x70</size>
         <input_file_ref idref="fl-65"/>
      </object_component>
      <object_component id="oc-1a2">
         <name>.text:EUSCI_A1_graceInit</name>
         <load_address>0xd5c4</load_address>
         <run_address>0xd5c4</run_address>
         <size>0x70</size>
         <input_file_ref idref="fl-66"/>
      </object_component>
      <object_component id="oc-1f7">
         <name>.text:int2ascii</name>
         <load_address>0xd634</load_address>
         <run_address>0xd634</run_address>
         <size>0x70</size>
         <input_file_ref idref="fl-7"/>
      </object_component>
      <object_component id="oc-b3">
         <name>.text:_auto_init_hold_wdt</name>
         <load_address>0xd6a4</load_address>
         <run_address>0xd6a4</run_address>
         <size>0x6e</size>
         <input_file_ref idref="fl-40"/>
      </object_component>
      <object_component id="oc-11d">
         <name>.text:SS_command</name>
         <load_address>0xd712</load_address>
         <run_address>0xd712</run_address>
         <size>0x6a</size>
         <input_file_ref idref="fl-7"/>
      </object_component>
      <object_component id="oc-e5">
         <name>.text:__TI_decompress_rle_core</name>
         <load_address>0xd77c</load_address>
         <run_address>0xd77c</run_address>
         <size>0x62</size>
         <input_file_ref idref="fl-42"/>
      </object_component>
      <object_component id="oc-1df">
         <name>.text:makeConnection</name>
         <load_address>0xd7de</load_address>
         <run_address>0xd7de</run_address>
         <size>0x5e</size>
         <input_file_ref idref="fl-7"/>
      </object_component>
      <object_component id="oc-2e5">
         <name>.text:sendMessage</name>
         <load_address>0xd83c</load_address>
         <run_address>0xd83c</run_address>
         <size>0x5a</size>
         <input_file_ref idref="fl-7"/>
      </object_component>
      <object_component id="oc-132">
         <name>.text:set_report_frequency</name>
         <load_address>0xd896</load_address>
         <run_address>0xd896</run_address>
         <size>0x5a</size>
         <input_file_ref idref="fl-7"/>
      </object_component>
      <object_component id="oc-238">
         <name>.text:TIMER_B_configureUpMode</name>
         <load_address>0xd8f0</load_address>
         <run_address>0xd8f0</run_address>
         <size>0x56</size>
         <input_file_ref idref="fl-6d"/>
      </object_component>
      <object_component id="oc-cb">
         <name>.text:_isr:TIMER0_B0_ISR_HOOK</name>
         <load_address>0xd946</load_address>
         <run_address>0xd946</run_address>
         <size>0x56</size>
         <input_file_ref idref="fl-10"/>
      </object_component>
      <object_component id="oc-26b">
         <name>.text:ADC10_B_init</name>
         <load_address>0xd99c</load_address>
         <run_address>0xd99c</run_address>
         <size>0x52</size>
         <input_file_ref idref="fl-69"/>
      </object_component>
      <object_component id="oc-209">
         <name>.text:phone_off</name>
         <load_address>0xd9ee</load_address>
         <run_address>0xd9ee</run_address>
         <size>0x4e</size>
         <input_file_ref idref="fl-7"/>
      </object_component>
      <object_component id="oc-1f1">
         <name>.text:ascii2int</name>
         <load_address>0xda3c</load_address>
         <run_address>0xda3c</run_address>
         <size>0x4c</size>
         <input_file_ref idref="fl-7"/>
      </object_component>
      <object_component id="oc-2eb">
         <name>.text:ATresponse</name>
         <load_address>0xda88</load_address>
         <run_address>0xda88</run_address>
         <size>0x4a</size>
         <input_file_ref idref="fl-7"/>
      </object_component>
      <object_component id="oc-117">
         <name>.text:contact_sensor</name>
         <load_address>0xdad2</load_address>
         <run_address>0xdad2</run_address>
         <size>0x48</size>
         <input_file_ref idref="fl-7"/>
      </object_component>
      <object_component id="oc-17e">
         <name>.text:Timer0_B3_graceInit</name>
         <load_address>0xdb1a</load_address>
         <run_address>0xdb1a</run_address>
         <size>0x46</size>
         <input_file_ref idref="fl-60"/>
      </object_component>
      <object_component id="oc-141">
         <name>.text:sensor_connection</name>
         <load_address>0xdb60</load_address>
         <run_address>0xdb60</run_address>
         <size>0x46</size>
         <input_file_ref idref="fl-7"/>
      </object_component>
      <object_component id="oc-25e">
         <name>.text:CS_clearAllOscFlagsWithTimeout</name>
         <load_address>0xdba6</load_address>
         <run_address>0xdba6</run_address>
         <size>0x3c</size>
         <input_file_ref idref="fl-6a"/>
      </object_component>
      <object_component id="oc-1c7">
         <name>.text:move_string</name>
         <load_address>0xdbe2</load_address>
         <run_address>0xdbe2</run_address>
         <size>0x36</size>
         <input_file_ref idref="fl-7"/>
      </object_component>
      <object_component id="oc-102">
         <name>.text:Grace_init</name>
         <load_address>0xdc18</load_address>
         <run_address>0xdc18</run_address>
         <size>0x32</size>
         <input_file_ref idref="fl-5f"/>
      </object_component>
      <object_component id="oc-2ff">
         <name>.text:do_script</name>
         <load_address>0xdc4a</load_address>
         <run_address>0xdc4a</run_address>
         <size>0x30</size>
         <input_file_ref idref="fl-7"/>
      </object_component>
      <object_component id="oc-12c">
         <name>.text:wait</name>
         <load_address>0xdc7a</load_address>
         <run_address>0xdc7a</run_address>
         <size>0x2a</size>
         <input_file_ref idref="fl-7"/>
      </object_component>
      <object_component id="oc-7e">
         <name>.text:_isr:_c_int00_noexit</name>
         <load_address>0xdca4</load_address>
         <run_address>0xdca4</run_address>
         <size>0x26</size>
         <input_file_ref idref="fl-d"/>
      </object_component>
      <object_component id="oc-147">
         <name>.text:await_connection</name>
         <load_address>0xdcca</load_address>
         <run_address>0xdcca</run_address>
         <size>0x26</size>
         <input_file_ref idref="fl-7"/>
      </object_component>
      <object_component id="oc-8f">
         <name>.text:decompress:ZI:__TI_zero_init</name>
         <load_address>0xdcf0</load_address>
         <run_address>0xdcf0</run_address>
         <size>0x24</size>
         <input_file_ref idref="fl-43"/>
      </object_component>
      <object_component id="oc-2df">
         <name>.text:reset_phone_UART</name>
         <load_address>0xdd14</load_address>
         <run_address>0xdd14</run_address>
         <size>0x24</size>
         <input_file_ref idref="fl-7"/>
      </object_component>
      <object_component id="oc-246">
         <name>.text:CS_setExternalClockSource</name>
         <load_address>0xdd38</load_address>
         <run_address>0xdd38</run_address>
         <size>0x22</size>
         <input_file_ref idref="fl-6a"/>
      </object_component>
      <object_component id="oc-2c1">
         <name>.text:EUSCI_A_UART_disableInterrupt</name>
         <load_address>0xdd5a</load_address>
         <run_address>0xdd5a</run_address>
         <size>0x22</size>
         <input_file_ref idref="fl-6b"/>
      </object_component>
      <object_component id="oc-196">
         <name>.text:REF_graceInit</name>
         <load_address>0xdd7c</load_address>
         <run_address>0xdd7c</run_address>
         <size>0x22</size>
         <input_file_ref idref="fl-64"/>
      </object_component>
      <object_component id="oc-367">
         <name>.text:send_nibble</name>
         <load_address>0xdd9e</load_address>
         <run_address>0xdd9e</run_address>
         <size>0x20</size>
         <input_file_ref idref="fl-7"/>
      </object_component>
      <object_component id="oc-277">
         <name>.text:ADC10_B_setupSamplingTimer</name>
         <load_address>0xddbe</load_address>
         <run_address>0xddbe</run_address>
         <size>0x1a</size>
         <input_file_ref idref="fl-69"/>
      </object_component>
      <object_component id="oc-264">
         <name>.text:CS_disableClockRequest</name>
         <load_address>0xddd8</load_address>
         <run_address>0xddd8</run_address>
         <size>0x1a</size>
         <input_file_ref idref="fl-6a"/>
      </object_component>
      <object_component id="oc-252">
         <name>.text:CS_setDCOFreq</name>
         <load_address>0xddf2</load_address>
         <run_address>0xddf2</run_address>
         <size>0x18</size>
         <input_file_ref idref="fl-6a"/>
      </object_component>
      <object_component id="oc-305">
         <name>.text:send_byte</name>
         <load_address>0xde0a</load_address>
         <run_address>0xde0a</run_address>
         <size>0x18</size>
         <input_file_ref idref="fl-7"/>
      </object_component>
      <object_component id="oc-283">
         <name>.text:ADC10_B_setSampleHoldSignalInversion</name>
         <load_address>0xde22</load_address>
         <run_address>0xde22</run_address>
         <size>0x16</size>
         <input_file_ref idref="fl-69"/>
      </object_component>
      <object_component id="oc-10b">
         <name>.text:blink</name>
         <load_address>0xde38</load_address>
         <run_address>0xde38</run_address>
         <size>0x16</size>
         <input_file_ref idref="fl-7"/>
      </object_component>
      <object_component id="oc-14d">
         <name>.text:watchdog_reset</name>
         <load_address>0xde4e</load_address>
         <run_address>0xde4e</run_address>
         <size>0x16</size>
         <input_file_ref idref="fl-7"/>
      </object_component>
      <object_component id="oc-289">
         <name>.text:ADC10_B_setDataReadBackFormat</name>
         <load_address>0xde64</load_address>
         <run_address>0xde64</run_address>
         <size>0x14</size>
         <input_file_ref idref="fl-69"/>
      </object_component>
      <object_component id="oc-28f">
         <name>.text:ADC10_B_setReferenceBufferSamplingRate</name>
         <load_address>0xde78</load_address>
         <run_address>0xde78</run_address>
         <size>0x14</size>
         <input_file_ref idref="fl-69"/>
      </object_component>
      <object_component id="oc-2bb">
         <name>.text:EUSCI_A_UART_selectDeglitchTime</name>
         <load_address>0xde8c</load_address>
         <run_address>0xde8c</run_address>
         <size>0x14</size>
         <input_file_ref idref="fl-6b"/>
      </object_component>
      <object_component id="oc-2cb">
         <name>.text:WDT_A_watchdogTimerInit</name>
         <load_address>0xdea0</load_address>
         <run_address>0xdea0</run_address>
         <size>0x14</size>
         <input_file_ref idref="fl-6e"/>
      </object_component>
      <object_component id="oc-d1">
         <name>.text:memcpy</name>
         <load_address>0xdeb4</load_address>
         <run_address>0xdeb4</run_address>
         <size>0x14</size>
         <input_file_ref idref="fl-5d"/>
      </object_component>
      <object_component id="oc-30b">
         <name>.text:send_integer</name>
         <load_address>0xdec8</load_address>
         <run_address>0xdec8</run_address>
         <size>0x14</size>
         <input_file_ref idref="fl-7"/>
      </object_component>
      <object_component id="oc-27d">
         <name>.text:ADC10_B_memoryConfigure</name>
         <load_address>0xdedc</load_address>
         <run_address>0xdedc</run_address>
         <size>0x12</size>
         <input_file_ref idref="fl-69"/>
      </object_component>
      <object_component id="oc-1b4">
         <name>.text:WDT_A_graceInit</name>
         <load_address>0xdeee</load_address>
         <run_address>0xdeee</run_address>
         <size>0x12</size>
         <input_file_ref idref="fl-68"/>
      </object_component>
      <object_component id="oc-89">
         <name>.text:decompress:none:__TI_decompress_none</name>
         <load_address>0xdf00</load_address>
         <run_address>0xdf00</run_address>
         <size>0x12</size>
         <input_file_ref idref="fl-41"/>
      </object_component>
      <object_component id="oc-1e5">
         <name>.text:sleep</name>
         <load_address>0xdf12</load_address>
         <run_address>0xdf12</run_address>
         <size>0x12</size>
         <input_file_ref idref="fl-7"/>
      </object_component>
      <object_component id="oc-295">
         <name>.text:ADC10_B_disableInterrupt</name>
         <load_address>0xdf24</load_address>
         <run_address>0xdf24</run_address>
         <size>0xe</size>
         <input_file_ref idref="fl-69"/>
      </object_component>
      <object_component id="oc-29c">
         <name>.text:REF_setReferenceVoltage</name>
         <load_address>0xdf32</load_address>
         <run_address>0xdf32</run_address>
         <size>0xc</size>
         <input_file_ref idref="fl-6c"/>
      </object_component>
      <object_component id="oc-232">
         <name>.text:TIMER_B_selectCounterLength</name>
         <load_address>0xdf3e</load_address>
         <run_address>0xdf3e</run_address>
         <size>0xc</size>
         <input_file_ref idref="fl-6d"/>
      </object_component>
      <object_component id="oc-f8">
         <name>.text:.bootCodeSection:ti_catalog_msp430_init_Boot_init</name>
         <load_address>0xdf4a</load_address>
         <run_address>0xdf4a</run_address>
         <size>0xa</size>
         <input_file_ref idref="fl-3"/>
      </object_component>
      <object_component id="oc-170">
         <name>.text:.bootCodeSection:ti_catalog_msp430_init_Boot_disableWatchdog</name>
         <load_address>0xdf54</load_address>
         <run_address>0xdf54</run_address>
         <size>0x8</size>
         <input_file_ref idref="fl-f"/>
      </object_component>
      <object_component id="oc-271">
         <name>.text:ADC10_B_enable</name>
         <load_address>0xdf5c</load_address>
         <run_address>0xdf5c</run_address>
         <size>0x8</size>
         <input_file_ref idref="fl-69"/>
      </object_component>
      <object_component id="oc-1ae">
         <name>.text:System_graceInit</name>
         <load_address>0xdf64</load_address>
         <run_address>0xdf64</run_address>
         <size>0x8</size>
         <input_file_ref idref="fl-67"/>
      </object_component>
      <object_component id="oc-2b5">
         <name>.text:EUSCI_A_UART_enable</name>
         <load_address>0xdf6c</load_address>
         <run_address>0xdf6c</run_address>
         <size>0x6</size>
         <input_file_ref idref="fl-6b"/>
      </object_component>
      <object_component id="oc-2a8">
         <name>.text:REF_disableTempSensor</name>
         <load_address>0xdf72</load_address>
         <run_address>0xdf72</run_address>
         <size>0x6</size>
         <input_file_ref idref="fl-6c"/>
      </object_component>
      <object_component id="oc-2a2">
         <name>.text:REF_enableReferenceVoltage</name>
         <load_address>0xdf78</load_address>
         <run_address>0xdf78</run_address>
         <size>0x6</size>
         <input_file_ref idref="fl-6c"/>
      </object_component>
      <object_component id="oc-23e">
         <name>.text:TIMER_B_startCounter</name>
         <load_address>0xdf7e</load_address>
         <run_address>0xdf7e</run_address>
         <size>0x6</size>
         <input_file_ref idref="fl-6d"/>
      </object_component>
      <object_component id="oc-a2">
         <name>.text:__TI_ISR_TRAP</name>
         <load_address>0xdf84</load_address>
         <run_address>0xdf84</run_address>
         <size>0x6</size>
         <input_file_ref idref="fl-5c"/>
      </object_component>
      <object_component id="oc-95">
         <name>.text:decompress:rle24:__TI_decompress_rle24</name>
         <load_address>0xdf8a</load_address>
         <run_address>0xdf8a</run_address>
         <size>0x6</size>
         <input_file_ref idref="fl-42"/>
      </object_component>
      <object_component id="oc-a7">
         <name>.text:xdc_runtime_Startup_reset__I</name>
         <load_address>0xdf90</load_address>
         <run_address>0xdf90</run_address>
         <size>0x6</size>
         <input_file_ref idref="fl-3"/>
      </object_component>
      <object_component id="oc-ad">
         <name>.text:_system_pre_init</name>
         <load_address>0xdf96</load_address>
         <run_address>0xdf96</run_address>
         <size>0x4</size>
         <input_file_ref idref="fl-e"/>
      </object_component>
      <object_component id="oc-bf">
         <name>.text:abort</name>
         <load_address>0xdf9a</load_address>
         <run_address>0xdf9a</run_address>
         <size>0x4</size>
         <input_file_ref idref="fl-44"/>
      </object_component>
      <object_component id="oc-1a8">
         <name>.text:InterruptVectors_graceInit</name>
         <load_address>0xdf9e</load_address>
         <run_address>0xdf9e</run_address>
         <size>0x2</size>
         <input_file_ref idref="fl-10"/>
      </object_component>
      <object_component id="oc-1d1">
         <name>.fram_vars:uninit</name>
         <load_address>0xe000</load_address>
         <run_address>0xe000</run_address>
         <size>0x1e82</size>
         <input_file_ref idref="fl-7"/>
      </object_component>
      <object_component id="oc-129">
         <name>.fram_vars:init</name>
         <load_address>0xfe82</load_address>
         <run_address>0xfe82</run_address>
         <size>0x89</size>
         <input_file_ref idref="fl-7"/>
      </object_component>
      <object_component id="oc-9e">
         <name>.stack</name>
         <uninitialized>true</uninitialized>
         <run_address>0x1fc0</run_address>
         <size>0x4</size>
         <input_file_ref idref="fl-d"/>
      </object_component>
      <object_component id="oc-3e1">
         <name>.stack</name>
         <uninitialized>true</uninitialized>
         <run_address>0x1fc0</run_address>
         <size>0x0</size>
      </object_component>
      <object_component id="oc-6b">
         <name>.int31</name>
         <load_address>0xffce</load_address>
         <run_address>0xffce</run_address>
         <size>0x2</size>
         <input_file_ref idref="fl-45"/>
      </object_component>
      <object_component id="oc-6c">
         <name>.int32</name>
         <load_address>0xffd0</load_address>
         <run_address>0xffd0</run_address>
         <size>0x2</size>
         <input_file_ref idref="fl-46"/>
      </object_component>
      <object_component id="oc-6d">
         <name>.int33</name>
         <load_address>0xffd2</load_address>
         <run_address>0xffd2</run_address>
         <size>0x2</size>
         <input_file_ref idref="fl-47"/>
      </object_component>
      <object_component id="oc-6e">
         <name>.int34</name>
         <load_address>0xffd4</load_address>
         <run_address>0xffd4</run_address>
         <size>0x2</size>
         <input_file_ref idref="fl-48"/>
      </object_component>
      <object_component id="oc-6f">
         <name>.int35</name>
         <load_address>0xffd6</load_address>
         <run_address>0xffd6</run_address>
         <size>0x2</size>
         <input_file_ref idref="fl-49"/>
      </object_component>
      <object_component id="oc-70">
         <name>.int36</name>
         <load_address>0xffd8</load_address>
         <run_address>0xffd8</run_address>
         <size>0x2</size>
         <input_file_ref idref="fl-4a"/>
      </object_component>
      <object_component id="oc-71">
         <name>.int37</name>
         <load_address>0xffda</load_address>
         <run_address>0xffda</run_address>
         <size>0x2</size>
         <input_file_ref idref="fl-4b"/>
      </object_component>
      <object_component id="oc-72">
         <name>.int38</name>
         <load_address>0xffdc</load_address>
         <run_address>0xffdc</run_address>
         <size>0x2</size>
         <input_file_ref idref="fl-4c"/>
      </object_component>
      <object_component id="oc-73">
         <name>.int39</name>
         <load_address>0xffde</load_address>
         <run_address>0xffde</run_address>
         <size>0x2</size>
         <input_file_ref idref="fl-4d"/>
      </object_component>
      <object_component id="oc-74">
         <name>.int40</name>
         <load_address>0xffe0</load_address>
         <run_address>0xffe0</run_address>
         <size>0x2</size>
         <input_file_ref idref="fl-4e"/>
      </object_component>
      <object_component id="oc-75">
         <name>.int41</name>
         <load_address>0xffe2</load_address>
         <run_address>0xffe2</run_address>
         <size>0x2</size>
         <input_file_ref idref="fl-4f"/>
      </object_component>
      <object_component id="oc-76">
         <name>.int42</name>
         <load_address>0xffe4</load_address>
         <run_address>0xffe4</run_address>
         <size>0x2</size>
         <input_file_ref idref="fl-50"/>
      </object_component>
      <object_component id="oc-77">
         <name>.int43</name>
         <load_address>0xffe6</load_address>
         <run_address>0xffe6</run_address>
         <size>0x2</size>
         <input_file_ref idref="fl-51"/>
      </object_component>
      <object_component id="oc-78">
         <name>.int44</name>
         <load_address>0xffe8</load_address>
         <run_address>0xffe8</run_address>
         <size>0x2</size>
         <input_file_ref idref="fl-52"/>
      </object_component>
      <object_component id="oc-79">
         <name>.int45</name>
         <load_address>0xffea</load_address>
         <run_address>0xffea</run_address>
         <size>0x2</size>
         <input_file_ref idref="fl-53"/>
      </object_component>
      <object_component id="oc-7a">
         <name>.int46</name>
         <load_address>0xffec</load_address>
         <run_address>0xffec</run_address>
         <size>0x2</size>
         <input_file_ref idref="fl-54"/>
      </object_component>
      <object_component id="oc-7b">
         <name>.int47</name>
         <load_address>0xffee</load_address>
         <run_address>0xffee</run_address>
         <size>0x2</size>
         <input_file_ref idref="fl-55"/>
      </object_component>
      <object_component id="oc-7c">
         <name>.int48</name>
         <load_address>0xfff0</load_address>
         <run_address>0xfff0</run_address>
         <size>0x2</size>
         <input_file_ref idref="fl-56"/>
      </object_component>
      <object_component id="oc-7d">
         <name>.int49</name>
         <load_address>0xfff2</load_address>
         <run_address>0xfff2</run_address>
         <size>0x2</size>
         <input_file_ref idref="fl-57"/>
      </object_component>
      <object_component id="oc-84">
         <name>.int50</name>
         <load_address>0xfff4</load_address>
         <run_address>0xfff4</run_address>
         <size>0x2</size>
         <input_file_ref idref="fl-58"/>
      </object_component>
      <object_component id="oc-85">
         <name>.int51</name>
         <load_address>0xfff6</load_address>
         <run_address>0xfff6</run_address>
         <size>0x2</size>
         <input_file_ref idref="fl-10"/>
      </object_component>
      <object_component id="oc-86">
         <name>.int52</name>
         <load_address>0xfff8</load_address>
         <run_address>0xfff8</run_address>
         <size>0x2</size>
         <input_file_ref idref="fl-59"/>
      </object_component>
      <object_component id="oc-87">
         <name>.int53</name>
         <load_address>0xfffa</load_address>
         <run_address>0xfffa</run_address>
         <size>0x2</size>
         <input_file_ref idref="fl-5a"/>
      </object_component>
      <object_component id="oc-88">
         <name>.int54</name>
         <load_address>0xfffc</load_address>
         <run_address>0xfffc</run_address>
         <size>0x2</size>
         <input_file_ref idref="fl-5b"/>
      </object_component>
      <object_component id="oc-a1">
         <name>.reset</name>
         <load_address>0xfffe</load_address>
         <run_address>0xfffe</run_address>
         <size>0x2</size>
         <input_file_ref idref="fl-d"/>
      </object_component>
      <object_component id="oc-31e">
         <name>.common:wd_reset</name>
         <uninitialized>true</uninitialized>
         <run_address>0x1d1c</run_address>
         <size>0x1</size>
      </object_component>
      <object_component id="oc-35b">
         <name>.common:x</name>
         <uninitialized>true</uninitialized>
         <run_address>0x1d14</run_address>
         <size>0x4</size>
      </object_component>
      <object_component id="oc-218">
         <name>.common:y</name>
         <uninitialized>true</uninitialized>
         <run_address>0x1d18</run_address>
         <size>0x2</size>
      </object_component>
      <object_component id="oc-216">
         <name>.common:z</name>
         <uninitialized>true</uninitialized>
         <run_address>0x1d1a</run_address>
         <size>0x2</size>
      </object_component>
      <object_component id="oc-13e">
         <name>.data</name>
         <load_address>0x1d00</load_address>
         <run_address>0x1d00</run_address>
         <size>0xb</size>
         <input_file_ref idref="fl-7"/>
      </object_component>
      <object_component id="oc-1c4">
         <name>.data:messages</name>
         <load_address>0x1c00</load_address>
         <run_address>0x1c00</run_address>
         <size>0x100</size>
         <input_file_ref idref="fl-7"/>
      </object_component>
      <object_component id="oc-338">
         <name>.data</name>
         <load_address>0x1d0c</load_address>
         <run_address>0x1d0c</run_address>
         <size>0x8</size>
         <input_file_ref idref="fl-6a"/>
      </object_component>
      <object_component id="oc-7f">
         <name>.debug_line</name>
         <load_address>0x0</load_address>
         <run_address>0x0</run_address>
         <size>0x4f</size>
         <input_file_ref idref="fl-d"/>
      </object_component>
      <object_component id="oc-8e">
         <name>.debug_line</name>
         <load_address>0x4f</load_address>
         <run_address>0x4f</run_address>
         <size>0x50</size>
         <input_file_ref idref="fl-41"/>
      </object_component>
      <object_component id="oc-91">
         <name>.debug_line</name>
         <load_address>0x9f</load_address>
         <run_address>0x9f</run_address>
         <size>0x4d</size>
         <input_file_ref idref="fl-43"/>
      </object_component>
      <object_component id="oc-97">
         <name>.debug_line</name>
         <load_address>0xec</load_address>
         <run_address>0xec</run_address>
         <size>0x49</size>
         <input_file_ref idref="fl-42"/>
      </object_component>
      <object_component id="oc-a6">
         <name>.debug_line</name>
         <load_address>0x135</load_address>
         <run_address>0x135</run_address>
         <size>0x3c</size>
         <input_file_ref idref="fl-5c"/>
      </object_component>
      <object_component id="oc-ab">
         <name>.debug_line</name>
         <load_address>0x171</load_address>
         <run_address>0x171</run_address>
         <size>0x53</size>
         <input_file_ref idref="fl-3"/>
      </object_component>
      <object_component id="oc-af">
         <name>.debug_line</name>
         <load_address>0x1c4</load_address>
         <run_address>0x1c4</run_address>
         <size>0x3e</size>
         <input_file_ref idref="fl-e"/>
      </object_component>
      <object_component id="oc-b5">
         <name>.debug_line</name>
         <load_address>0x202</load_address>
         <run_address>0x202</run_address>
         <size>0x65</size>
         <input_file_ref idref="fl-40"/>
      </object_component>
      <object_component id="oc-be">
         <name>.debug_line</name>
         <load_address>0x267</load_address>
         <run_address>0x267</run_address>
         <size>0x69</size>
         <input_file_ref idref="fl-7"/>
      </object_component>
      <object_component id="oc-c4">
         <name>.debug_line</name>
         <load_address>0x2d0</load_address>
         <run_address>0x2d0</run_address>
         <size>0x3a</size>
         <input_file_ref idref="fl-44"/>
      </object_component>
      <object_component id="oc-c9">
         <name>.debug_line</name>
         <load_address>0x30a</load_address>
         <run_address>0x30a</run_address>
         <size>0x20</size>
         <input_file_ref idref="fl-3"/>
      </object_component>
      <object_component id="oc-ce">
         <name>.debug_line</name>
         <load_address>0x32a</load_address>
         <run_address>0x32a</run_address>
         <size>0x63</size>
         <input_file_ref idref="fl-10"/>
      </object_component>
      <object_component id="oc-d5">
         <name>.debug_line</name>
         <load_address>0x38d</load_address>
         <run_address>0x38d</run_address>
         <size>0x45</size>
         <input_file_ref idref="fl-5d"/>
      </object_component>
      <object_component id="oc-db">
         <name>.debug_line</name>
         <load_address>0x3d2</load_address>
         <run_address>0x3d2</run_address>
         <size>0x3a</size>
         <input_file_ref idref="fl-41"/>
      </object_component>
      <object_component id="oc-e2">
         <name>.debug_line</name>
         <load_address>0x40c</load_address>
         <run_address>0x40c</run_address>
         <size>0x34</size>
         <input_file_ref idref="fl-43"/>
      </object_component>
      <object_component id="oc-e7">
         <name>.debug_line</name>
         <load_address>0x440</load_address>
         <run_address>0x440</run_address>
         <size>0x81</size>
         <input_file_ref idref="fl-42"/>
      </object_component>
      <object_component id="oc-f0">
         <name>.debug_line</name>
         <load_address>0x4c1</load_address>
         <run_address>0x4c1</run_address>
         <size>0x39</size>
         <input_file_ref idref="fl-42"/>
      </object_component>
      <object_component id="oc-f3">
         <name>.debug_line</name>
         <load_address>0x4fa</load_address>
         <run_address>0x4fa</run_address>
         <size>0x3d</size>
         <input_file_ref idref="fl-3"/>
      </object_component>
      <object_component id="oc-f6">
         <name>.debug_line</name>
         <load_address>0x537</load_address>
         <run_address>0x537</run_address>
         <size>0x2e</size>
         <input_file_ref idref="fl-d"/>
      </object_component>
      <object_component id="oc-fc">
         <name>.debug_line</name>
         <load_address>0x565</load_address>
         <run_address>0x565</run_address>
         <size>0x53</size>
         <input_file_ref idref="fl-3"/>
      </object_component>
      <object_component id="oc-106">
         <name>.debug_line</name>
         <load_address>0x5b8</load_address>
         <run_address>0x5b8</run_address>
         <size>0x4d</size>
         <input_file_ref idref="fl-5f"/>
      </object_component>
      <object_component id="oc-10f">
         <name>.debug_line</name>
         <load_address>0x605</load_address>
         <run_address>0x605</run_address>
         <size>0x45</size>
         <input_file_ref idref="fl-7"/>
      </object_component>
      <object_component id="oc-116">
         <name>.debug_line</name>
         <load_address>0x64a</load_address>
         <run_address>0x64a</run_address>
         <size>0x5f</size>
         <input_file_ref idref="fl-7"/>
      </object_component>
      <object_component id="oc-11b">
         <name>.debug_line</name>
         <load_address>0x6a9</load_address>
         <run_address>0x6a9</run_address>
         <size>0x53</size>
         <input_file_ref idref="fl-7"/>
      </object_component>
      <object_component id="oc-121">
         <name>.debug_line</name>
         <load_address>0x6fc</load_address>
         <run_address>0x6fc</run_address>
         <size>0x5e</size>
         <input_file_ref idref="fl-7"/>
      </object_component>
      <object_component id="oc-127">
         <name>.debug_line</name>
         <load_address>0x75a</load_address>
         <run_address>0x75a</run_address>
         <size>0x6f</size>
         <input_file_ref idref="fl-7"/>
      </object_component>
      <object_component id="oc-130">
         <name>.debug_line</name>
         <load_address>0x7c9</load_address>
         <run_address>0x7c9</run_address>
         <size>0x4f</size>
         <input_file_ref idref="fl-7"/>
      </object_component>
      <object_component id="oc-136">
         <name>.debug_line</name>
         <load_address>0x818</load_address>
         <run_address>0x818</run_address>
         <size>0x51</size>
         <input_file_ref idref="fl-7"/>
      </object_component>
      <object_component id="oc-13d">
         <name>.debug_line</name>
         <load_address>0x869</load_address>
         <run_address>0x869</run_address>
         <size>0x7b</size>
         <input_file_ref idref="fl-7"/>
      </object_component>
      <object_component id="oc-146">
         <name>.debug_line</name>
         <load_address>0x8e4</load_address>
         <run_address>0x8e4</run_address>
         <size>0x5a</size>
         <input_file_ref idref="fl-7"/>
      </object_component>
      <object_component id="oc-14c">
         <name>.debug_line</name>
         <load_address>0x93e</load_address>
         <run_address>0x93e</run_address>
         <size>0x4e</size>
         <input_file_ref idref="fl-7"/>
      </object_component>
      <object_component id="oc-151">
         <name>.debug_line</name>
         <load_address>0x98c</load_address>
         <run_address>0x98c</run_address>
         <size>0x43</size>
         <input_file_ref idref="fl-7"/>
      </object_component>
      <object_component id="oc-15b">
         <name>.debug_line</name>
         <load_address>0x9cf</load_address>
         <run_address>0x9cf</run_address>
         <size>0x44</size>
         <input_file_ref idref="fl-5d"/>
      </object_component>
      <object_component id="oc-15e">
         <name>.debug_line</name>
         <load_address>0xa13</load_address>
         <run_address>0xa13</run_address>
         <size>0x44</size>
         <input_file_ref idref="fl-41"/>
      </object_component>
      <object_component id="oc-162">
         <name>.debug_line</name>
         <load_address>0xa57</load_address>
         <run_address>0xa57</run_address>
         <size>0x44</size>
         <input_file_ref idref="fl-41"/>
      </object_component>
      <object_component id="oc-165">
         <name>.debug_line</name>
         <load_address>0xa9b</load_address>
         <run_address>0xa9b</run_address>
         <size>0x20</size>
         <input_file_ref idref="fl-43"/>
      </object_component>
      <object_component id="oc-168">
         <name>.debug_line</name>
         <load_address>0xabb</load_address>
         <run_address>0xabb</run_address>
         <size>0x20</size>
         <input_file_ref idref="fl-42"/>
      </object_component>
      <object_component id="oc-16a">
         <name>.debug_line</name>
         <load_address>0xadb</load_address>
         <run_address>0xadb</run_address>
         <size>0x3d</size>
         <input_file_ref idref="fl-3"/>
      </object_component>
      <object_component id="oc-16e">
         <name>.debug_line</name>
         <load_address>0xb18</load_address>
         <run_address>0xb18</run_address>
         <size>0x50</size>
         <input_file_ref idref="fl-3"/>
      </object_component>
      <object_component id="oc-175">
         <name>.debug_line</name>
         <load_address>0xb68</load_address>
         <run_address>0xb68</run_address>
         <size>0x3a</size>
         <input_file_ref idref="fl-f"/>
      </object_component>
      <object_component id="oc-178">
         <name>.debug_line</name>
         <load_address>0xba2</load_address>
         <run_address>0xba2</run_address>
         <size>0x2e</size>
         <input_file_ref idref="fl-40"/>
      </object_component>
      <object_component id="oc-17c">
         <name>.debug_line</name>
         <load_address>0xbd0</load_address>
         <run_address>0xbd0</run_address>
         <size>0x2e</size>
         <input_file_ref idref="fl-40"/>
      </object_component>
      <object_component id="oc-182">
         <name>.debug_line</name>
         <load_address>0xbfe</load_address>
         <run_address>0xbfe</run_address>
         <size>0x4b</size>
         <input_file_ref idref="fl-60"/>
      </object_component>
      <object_component id="oc-185">
         <name>.debug_line</name>
         <load_address>0xc49</load_address>
         <run_address>0xc49</run_address>
         <size>0x5a</size>
         <input_file_ref idref="fl-61"/>
      </object_component>
      <object_component id="oc-18f">
         <name>.debug_line</name>
         <load_address>0xca3</load_address>
         <run_address>0xca3</run_address>
         <size>0x4a</size>
         <input_file_ref idref="fl-62"/>
      </object_component>
      <object_component id="oc-194">
         <name>.debug_line</name>
         <load_address>0xced</load_address>
         <run_address>0xced</run_address>
         <size>0x51</size>
         <input_file_ref idref="fl-63"/>
      </object_component>
      <object_component id="oc-19b">
         <name>.debug_line</name>
         <load_address>0xd3e</load_address>
         <run_address>0xd3e</run_address>
         <size>0x43</size>
         <input_file_ref idref="fl-64"/>
      </object_component>
      <object_component id="oc-1a0">
         <name>.debug_line</name>
         <load_address>0xd81</load_address>
         <run_address>0xd81</run_address>
         <size>0x4c</size>
         <input_file_ref idref="fl-65"/>
      </object_component>
      <object_component id="oc-1a3">
         <name>.debug_line</name>
         <load_address>0xdcd</load_address>
         <run_address>0xdcd</run_address>
         <size>0x4c</size>
         <input_file_ref idref="fl-66"/>
      </object_component>
      <object_component id="oc-1ac">
         <name>.debug_line</name>
         <load_address>0xe19</load_address>
         <run_address>0xe19</run_address>
         <size>0x49</size>
         <input_file_ref idref="fl-10"/>
      </object_component>
      <object_component id="oc-1af">
         <name>.debug_line</name>
         <load_address>0xe62</load_address>
         <run_address>0xe62</run_address>
         <size>0x44</size>
         <input_file_ref idref="fl-67"/>
      </object_component>
      <object_component id="oc-1b9">
         <name>.debug_line</name>
         <load_address>0xea6</load_address>
         <run_address>0xea6</run_address>
         <size>0x45</size>
         <input_file_ref idref="fl-68"/>
      </object_component>
      <object_component id="oc-1bc">
         <name>.debug_line</name>
         <load_address>0xeeb</load_address>
         <run_address>0xeeb</run_address>
         <size>0x9c</size>
         <input_file_ref idref="fl-7"/>
      </object_component>
      <object_component id="oc-1c2">
         <name>.debug_line</name>
         <load_address>0xf87</load_address>
         <run_address>0xf87</run_address>
         <size>0x73</size>
         <input_file_ref idref="fl-7"/>
      </object_component>
      <object_component id="oc-1cb">
         <name>.debug_line</name>
         <load_address>0xffa</load_address>
         <run_address>0xffa</run_address>
         <size>0x65</size>
         <input_file_ref idref="fl-7"/>
      </object_component>
      <object_component id="oc-1d6">
         <name>.debug_line</name>
         <load_address>0x105f</load_address>
         <run_address>0x105f</run_address>
         <size>0x2d</size>
         <input_file_ref idref="fl-7"/>
      </object_component>
      <object_component id="oc-1de">
         <name>.debug_line</name>
         <load_address>0x108c</load_address>
         <run_address>0x108c</run_address>
         <size>0x69</size>
         <input_file_ref idref="fl-7"/>
      </object_component>
      <object_component id="oc-1e3">
         <name>.debug_line</name>
         <load_address>0x10f5</load_address>
         <run_address>0x10f5</run_address>
         <size>0x5f</size>
         <input_file_ref idref="fl-7"/>
      </object_component>
      <object_component id="oc-1e9">
         <name>.debug_line</name>
         <load_address>0x1154</load_address>
         <run_address>0x1154</run_address>
         <size>0x47</size>
         <input_file_ref idref="fl-7"/>
      </object_component>
      <object_component id="oc-1ef">
         <name>.debug_line</name>
         <load_address>0x119b</load_address>
         <run_address>0x119b</run_address>
         <size>0x60</size>
         <input_file_ref idref="fl-7"/>
      </object_component>
      <object_component id="oc-1f5">
         <name>.debug_line</name>
         <load_address>0x11fb</load_address>
         <run_address>0x11fb</run_address>
         <size>0x5f</size>
         <input_file_ref idref="fl-7"/>
      </object_component>
      <object_component id="oc-1fb">
         <name>.debug_line</name>
         <load_address>0x125a</load_address>
         <run_address>0x125a</run_address>
         <size>0x62</size>
         <input_file_ref idref="fl-7"/>
      </object_component>
      <object_component id="oc-202">
         <name>.debug_line</name>
         <load_address>0x12bc</load_address>
         <run_address>0x12bc</run_address>
         <size>0x8d</size>
         <input_file_ref idref="fl-7"/>
      </object_component>
      <object_component id="oc-207">
         <name>.debug_line</name>
         <load_address>0x1349</load_address>
         <run_address>0x1349</run_address>
         <size>0x9d</size>
         <input_file_ref idref="fl-7"/>
      </object_component>
      <object_component id="oc-20e">
         <name>.debug_line</name>
         <load_address>0x13e6</load_address>
         <run_address>0x13e6</run_address>
         <size>0x52</size>
         <input_file_ref idref="fl-7"/>
      </object_component>
      <object_component id="oc-21b">
         <name>.debug_line</name>
         <load_address>0x1438</load_address>
         <run_address>0x1438</run_address>
         <size>0x2d</size>
         <input_file_ref idref="fl-7"/>
      </object_component>
      <object_component id="oc-220">
         <name>.debug_line</name>
         <load_address>0x1465</load_address>
         <run_address>0x1465</run_address>
         <size>0x20</size>
         <input_file_ref idref="fl-5d"/>
      </object_component>
      <object_component id="oc-224">
         <name>.debug_line</name>
         <load_address>0x1485</load_address>
         <run_address>0x1485</run_address>
         <size>0x5c</size>
         <input_file_ref idref="fl-3"/>
      </object_component>
      <object_component id="oc-229">
         <name>.debug_line</name>
         <load_address>0x14e1</load_address>
         <run_address>0x14e1</run_address>
         <size>0x5c</size>
         <input_file_ref idref="fl-3"/>
      </object_component>
      <object_component id="oc-22e">
         <name>.debug_line</name>
         <load_address>0x153d</load_address>
         <run_address>0x153d</run_address>
         <size>0x57</size>
         <input_file_ref idref="fl-3"/>
      </object_component>
      <object_component id="oc-237">
         <name>.debug_line</name>
         <load_address>0x1594</load_address>
         <run_address>0x1594</run_address>
         <size>0x94</size>
         <input_file_ref idref="fl-6d"/>
      </object_component>
      <object_component id="oc-23c">
         <name>.debug_line</name>
         <load_address>0x1628</load_address>
         <run_address>0x1628</run_address>
         <size>0xa1</size>
         <input_file_ref idref="fl-6d"/>
      </object_component>
      <object_component id="oc-242">
         <name>.debug_line</name>
         <load_address>0x16c9</load_address>
         <run_address>0x16c9</run_address>
         <size>0x93</size>
         <input_file_ref idref="fl-6d"/>
      </object_component>
      <object_component id="oc-24a">
         <name>.debug_line</name>
         <load_address>0x175c</load_address>
         <run_address>0x175c</run_address>
         <size>0x8f</size>
         <input_file_ref idref="fl-6a"/>
      </object_component>
      <object_component id="oc-250">
         <name>.debug_line</name>
         <load_address>0x17eb</load_address>
         <run_address>0x17eb</run_address>
         <size>0xaf</size>
         <input_file_ref idref="fl-6a"/>
      </object_component>
      <object_component id="oc-257">
         <name>.debug_line</name>
         <load_address>0x189a</load_address>
         <run_address>0x189a</run_address>
         <size>0x90</size>
         <input_file_ref idref="fl-6a"/>
      </object_component>
      <object_component id="oc-25c">
         <name>.debug_line</name>
         <load_address>0x192a</load_address>
         <run_address>0x192a</run_address>
         <size>0xbc</size>
         <input_file_ref idref="fl-6a"/>
      </object_component>
      <object_component id="oc-263">
         <name>.debug_line</name>
         <load_address>0x19e6</load_address>
         <run_address>0x19e6</run_address>
         <size>0x99</size>
         <input_file_ref idref="fl-6a"/>
      </object_component>
      <object_component id="oc-268">
         <name>.debug_line</name>
         <load_address>0x1a7f</load_address>
         <run_address>0x1a7f</run_address>
         <size>0x90</size>
         <input_file_ref idref="fl-6a"/>
      </object_component>
      <object_component id="oc-26f">
         <name>.debug_line</name>
         <load_address>0x1b0f</load_address>
         <run_address>0x1b0f</run_address>
         <size>0x98</size>
         <input_file_ref idref="fl-69"/>
      </object_component>
      <object_component id="oc-275">
         <name>.debug_line</name>
         <load_address>0x1ba7</load_address>
         <run_address>0x1ba7</run_address>
         <size>0x93</size>
         <input_file_ref idref="fl-69"/>
      </object_component>
      <object_component id="oc-27b">
         <name>.debug_line</name>
         <load_address>0x1c3a</load_address>
         <run_address>0x1c3a</run_address>
         <size>0x95</size>
         <input_file_ref idref="fl-69"/>
      </object_component>
      <object_component id="oc-281">
         <name>.debug_line</name>
         <load_address>0x1ccf</load_address>
         <run_address>0x1ccf</run_address>
         <size>0x93</size>
         <input_file_ref idref="fl-69"/>
      </object_component>
      <object_component id="oc-287">
         <name>.debug_line</name>
         <load_address>0x1d62</load_address>
         <run_address>0x1d62</run_address>
         <size>0x94</size>
         <input_file_ref idref="fl-69"/>
      </object_component>
      <object_component id="oc-28d">
         <name>.debug_line</name>
         <load_address>0x1df6</load_address>
         <run_address>0x1df6</run_address>
         <size>0x94</size>
         <input_file_ref idref="fl-69"/>
      </object_component>
      <object_component id="oc-293">
         <name>.debug_line</name>
         <load_address>0x1e8a</load_address>
         <run_address>0x1e8a</run_address>
         <size>0x94</size>
         <input_file_ref idref="fl-69"/>
      </object_component>
      <object_component id="oc-299">
         <name>.debug_line</name>
         <load_address>0x1f1e</load_address>
         <run_address>0x1f1e</run_address>
         <size>0x93</size>
         <input_file_ref idref="fl-69"/>
      </object_component>
      <object_component id="oc-29d">
         <name>.debug_line</name>
         <load_address>0x1fb1</load_address>
         <run_address>0x1fb1</run_address>
         <size>0x90</size>
         <input_file_ref idref="fl-6c"/>
      </object_component>
      <object_component id="oc-2a3">
         <name>.debug_line</name>
         <load_address>0x2041</load_address>
         <run_address>0x2041</run_address>
         <size>0x8f</size>
         <input_file_ref idref="fl-6c"/>
      </object_component>
      <object_component id="oc-2a9">
         <name>.debug_line</name>
         <load_address>0x20d0</load_address>
         <run_address>0x20d0</run_address>
         <size>0x8f</size>
         <input_file_ref idref="fl-6c"/>
      </object_component>
      <object_component id="oc-2b3">
         <name>.debug_line</name>
         <load_address>0x215f</load_address>
         <run_address>0x215f</run_address>
         <size>0xbd</size>
         <input_file_ref idref="fl-6b"/>
      </object_component>
      <object_component id="oc-2b9">
         <name>.debug_line</name>
         <load_address>0x221c</load_address>
         <run_address>0x221c</run_address>
         <size>0x98</size>
         <input_file_ref idref="fl-6b"/>
      </object_component>
      <object_component id="oc-2bc">
         <name>.debug_line</name>
         <load_address>0x22b4</load_address>
         <run_address>0x22b4</run_address>
         <size>0x99</size>
         <input_file_ref idref="fl-6b"/>
      </object_component>
      <object_component id="oc-2c5">
         <name>.debug_line</name>
         <load_address>0x234d</load_address>
         <run_address>0x234d</run_address>
         <size>0x9b</size>
         <input_file_ref idref="fl-6b"/>
      </object_component>
      <object_component id="oc-2cf">
         <name>.debug_line</name>
         <load_address>0x23e8</load_address>
         <run_address>0x23e8</run_address>
         <size>0x91</size>
         <input_file_ref idref="fl-6e"/>
      </object_component>
      <object_component id="oc-2d4">
         <name>.debug_line</name>
         <load_address>0x2479</load_address>
         <run_address>0x2479</run_address>
         <size>0x2d</size>
         <input_file_ref idref="fl-7"/>
      </object_component>
      <object_component id="oc-2d7">
         <name>.debug_line</name>
         <load_address>0x24a6</load_address>
         <run_address>0x24a6</run_address>
         <size>0x2d</size>
         <input_file_ref idref="fl-7"/>
      </object_component>
      <object_component id="oc-2dc">
         <name>.debug_line</name>
         <load_address>0x24d3</load_address>
         <run_address>0x24d3</run_address>
         <size>0x62</size>
         <input_file_ref idref="fl-7"/>
      </object_component>
      <object_component id="oc-2e3">
         <name>.debug_line</name>
         <load_address>0x2535</load_address>
         <run_address>0x2535</run_address>
         <size>0x49</size>
         <input_file_ref idref="fl-7"/>
      </object_component>
      <object_component id="oc-2e9">
         <name>.debug_line</name>
         <load_address>0x257e</load_address>
         <run_address>0x257e</run_address>
         <size>0x5d</size>
         <input_file_ref idref="fl-7"/>
      </object_component>
      <object_component id="oc-2ef">
         <name>.debug_line</name>
         <load_address>0x25db</load_address>
         <run_address>0x25db</run_address>
         <size>0x5f</size>
         <input_file_ref idref="fl-7"/>
      </object_component>
      <object_component id="oc-303">
         <name>.debug_line</name>
         <load_address>0x263a</load_address>
         <run_address>0x263a</run_address>
         <size>0x52</size>
         <input_file_ref idref="fl-7"/>
      </object_component>
      <object_component id="oc-309">
         <name>.debug_line</name>
         <load_address>0x268c</load_address>
         <run_address>0x268c</run_address>
         <size>0x46</size>
         <input_file_ref idref="fl-7"/>
      </object_component>
      <object_component id="oc-30f">
         <name>.debug_line</name>
         <load_address>0x26d2</load_address>
         <run_address>0x26d2</run_address>
         <size>0x44</size>
         <input_file_ref idref="fl-7"/>
      </object_component>
      <object_component id="oc-318">
         <name>.debug_line</name>
         <load_address>0x2716</load_address>
         <run_address>0x2716</run_address>
         <size>0x6b</size>
         <input_file_ref idref="fl-7"/>
      </object_component>
      <object_component id="oc-32b">
         <name>.debug_line</name>
         <load_address>0x2781</load_address>
         <run_address>0x2781</run_address>
         <size>0x5c</size>
         <input_file_ref idref="fl-3"/>
      </object_component>
      <object_component id="oc-32e">
         <name>.debug_line</name>
         <load_address>0x27dd</load_address>
         <run_address>0x27dd</run_address>
         <size>0x20</size>
         <input_file_ref idref="fl-f"/>
      </object_component>
      <object_component id="oc-334">
         <name>.debug_line</name>
         <load_address>0x27fd</load_address>
         <run_address>0x27fd</run_address>
         <size>0xaf</size>
         <input_file_ref idref="fl-6d"/>
      </object_component>
      <object_component id="oc-340">
         <name>.debug_line</name>
         <load_address>0x28ac</load_address>
         <run_address>0x28ac</run_address>
         <size>0x20</size>
         <input_file_ref idref="fl-62"/>
      </object_component>
      <object_component id="oc-361">
         <name>.debug_line</name>
         <load_address>0x28cc</load_address>
         <run_address>0x28cc</run_address>
         <size>0x2d</size>
         <input_file_ref idref="fl-7"/>
      </object_component>
      <object_component id="oc-363">
         <name>.debug_line</name>
         <load_address>0x28f9</load_address>
         <run_address>0x28f9</run_address>
         <size>0x2d</size>
         <input_file_ref idref="fl-7"/>
      </object_component>
      <object_component id="oc-365">
         <name>.debug_line</name>
         <load_address>0x2926</load_address>
         <run_address>0x2926</run_address>
         <size>0x2d</size>
         <input_file_ref idref="fl-7"/>
      </object_component>
      <object_component id="oc-36b">
         <name>.debug_line</name>
         <load_address>0x2953</load_address>
         <run_address>0x2953</run_address>
         <size>0x4c</size>
         <input_file_ref idref="fl-7"/>
      </object_component>
      <object_component id="oc-370">
         <name>.debug_line</name>
         <load_address>0x299f</load_address>
         <run_address>0x299f</run_address>
         <size>0x2d</size>
         <input_file_ref idref="fl-7"/>
      </object_component>
      <object_component id="oc-373">
         <name>.debug_line</name>
         <load_address>0x29cc</load_address>
         <run_address>0x29cc</run_address>
         <size>0x2d</size>
         <input_file_ref idref="fl-7"/>
      </object_component>
      <object_component id="oc-375">
         <name>.debug_line</name>
         <load_address>0x29f9</load_address>
         <run_address>0x29f9</run_address>
         <size>0x2d</size>
         <input_file_ref idref="fl-7"/>
      </object_component>
      <object_component id="oc-377">
         <name>.debug_line</name>
         <load_address>0x2a26</load_address>
         <run_address>0x2a26</run_address>
         <size>0x2d</size>
         <input_file_ref idref="fl-7"/>
      </object_component>
      <object_component id="oc-37a">
         <name>.debug_line</name>
         <load_address>0x2a53</load_address>
         <run_address>0x2a53</run_address>
         <size>0x78</size>
         <input_file_ref idref="fl-6a"/>
      </object_component>
      <object_component id="oc-80">
         <name>.debug_info</name>
         <load_address>0x0</load_address>
         <run_address>0x0</run_address>
         <size>0x192</size>
         <input_file_ref idref="fl-d"/>
      </object_component>
      <object_component id="oc-8c">
         <name>.debug_info</name>
         <load_address>0x192</load_address>
         <run_address>0x192</run_address>
         <size>0x194</size>
         <input_file_ref idref="fl-41"/>
      </object_component>
      <object_component id="oc-92">
         <name>.debug_info</name>
         <load_address>0x326</load_address>
         <run_address>0x326</run_address>
         <size>0x16f</size>
         <input_file_ref idref="fl-43"/>
      </object_component>
      <object_component id="oc-98">
         <name>.debug_info</name>
         <load_address>0x495</load_address>
         <run_address>0x495</run_address>
         <size>0x18e</size>
         <input_file_ref idref="fl-42"/>
      </object_component>
      <object_component id="oc-9c">
         <name>.debug_info</name>
         <load_address>0x623</load_address>
         <run_address>0x623</run_address>
         <size>0x17c</size>
         <input_file_ref idref="fl-3"/>
      </object_component>
      <object_component id="oc-9f">
         <name>.debug_info</name>
         <load_address>0x79f</load_address>
         <run_address>0x79f</run_address>
         <size>0xd4</size>
         <input_file_ref idref="fl-d"/>
      </object_component>
      <object_component id="oc-a3">
         <name>.debug_info</name>
         <load_address>0x873</load_address>
         <run_address>0x873</run_address>
         <size>0xc2</size>
         <input_file_ref idref="fl-5c"/>
      </object_component>
      <object_component id="oc-a8">
         <name>.debug_info</name>
         <load_address>0x935</load_address>
         <run_address>0x935</run_address>
         <size>0x195</size>
         <input_file_ref idref="fl-3"/>
      </object_component>
      <object_component id="oc-b1">
         <name>.debug_info</name>
         <load_address>0xaca</load_address>
         <run_address>0xaca</run_address>
         <size>0x11c</size>
         <input_file_ref idref="fl-e"/>
      </object_component>
      <object_component id="oc-b6">
         <name>.debug_info</name>
         <load_address>0xbe6</load_address>
         <run_address>0xbe6</run_address>
         <size>0x1a0</size>
         <input_file_ref idref="fl-40"/>
      </object_component>
[...]
      <symbol id="sm-4a7">
         <name>force_shut_down</name>
         <value>0x1d05</value>
         <object_component_ref idref="oc-13e"/>
      </symbol>
      <symbol id="sm-4a8">
         <name>new_parameters_loaded</name>
         <value>0xff0a</value>
         <object_component_ref idref="oc-129"/>
      </symbol>
      <symbol id="sm-4a9">
         <name>error_code</name>
         <value>0xfe88</value>
         <object_component_ref idref="oc-129"/>
      </symbol>
      <symbol id="sm-4aa">
         <name>new_settings</name>
         <value>0x1d00</value>
         <object_component_ref idref="oc-13e"/>
      </symbol>
      <symbol id="sm-4ab">
         <name>records</name>
         <value>0xe080</value>
         <object_component_ref idref="oc-1d1"/>
      </symbol>
      <symbol id="sm-4ac">
         <name>sensor_error</name>
         <value>0x1d09</value>
         <object_component_ref idref="oc-13e"/>
      </symbol>
      <symbol id="sm-4ad">
         <name>last_day_count</name>
         <value>0xfe86</value>
         <object_component_ref idref="oc-129"/>
      </symbol>
      <symbol id="sm-4ae">
         <name>sensor_plugged_in</name>
         <value>0x1d08</value>
         <object_component_ref idref="oc-13e"/>
      </symbol>
      <symbol id="sm-4af">
         <name>nest_ID</name>
         <value>0xfe8a</value>
         <object_component_ref idref="oc-129"/>
      </symbol>
      <symbol id="sm-4b0">
         <name>messages</name>
         <value>0x1c00</value>
         <object_component_ref idref="oc-1c4"/>
      </symbol>
      <symbol id="sm-4b1">
         <name>parameters</name>
         <value>0xfeba</value>
         <object_component_ref idref="oc-129"/>
      </symbol>
      <symbol id="sm-4c2">
         <name>_stack</name>
         <value>0x1fc0</value>
         <object_component_ref idref="oc-9e"/>
      </symbol>
      <symbol id="sm-4c3">
         <name>_reset_vector</name>
         <value>0xfffe</value>
         <object_component_ref idref="oc-a1"/>
      </symbol>
      <symbol id="sm-4ea">
         <name>__TI_int51</name>
         <value>0xfff6</value>
         <object_component_ref idref="oc-85"/>
      </symbol>
      <symbol id="sm-555">
         <name>__TI_int31</name>
         <value>0xffce</value>
         <object_component_ref idref="oc-6b"/>
      </symbol>
      <symbol id="sm-558">
         <name>__TI_int32</name>
         <value>0xffd0</value>
         <object_component_ref idref="oc-6c"/>
      </symbol>
      <symbol id="sm-55b">
         <name>__TI_int33</name>
         <value>0xffd2</value>
         <object_component_ref idref="oc-6d"/>
      </symbol>
      <symbol id="sm-55e">
         <name>__TI_int34</name>
         <value>0xffd4</value>
         <object_component_ref idref="oc-6e"/>
      </symbol>
      <symbol id="sm-561">
         <name>__TI_int35</name>
         <value>0xffd6</value>
         <object_component_ref idref="oc-6f"/>
      </symbol>
      <symbol id="sm-564">
         <name>__TI_int36</name>
         <value>0xffd8</value>
         <object_component_ref idref="oc-70"/>
      </symbol>
      <symbol id="sm-567">
         <name>__TI_int37</name>
         <value>0xffda</value>
         <object_component_ref idref="oc-71"/>
      </symbol>
      <symbol id="sm-56a">
         <name>__TI_int38</name>
         <value>0xffdc</value>
         <object_component_ref idref="oc-72"/>
      </symbol>
      <symbol id="sm-56d">
         <name>__TI_int39</name>
         <value>0xffde</value>
         <object_component_ref idref="oc-73"/>
      </symbol>
      <symbol id="sm-570">
         <name>__TI_int40</name>
         <value>0xffe0</value>
         <object_component_ref idref="oc-74"/>
      </symbol>
      <symbol id="sm-573">
         <name>__TI_int41</name>
         <value>0xffe2</value>
         <object_component_ref idref="oc-75"/>
      </symbol>
      <symbol id="sm-576">
         <name>__TI_int42</name>
         <value>0xffe4</value>
         <object_component_ref idref="oc-76"/>
      </symbol>
      <symbol id="sm-579">
         <name>__TI_int43</name>
         <value>0xffe6</value>
         <object_component_ref idref="oc-77"/>
      </symbol>
      <symbol id="sm-57c">
         <name>__TI_int44</name>
         <value>0xffe8</value>
         <object_component_ref idref="oc-78"/>
      </symbol>
      <symbol id="sm-57f">
         <name>__TI_int45</name>
         <value>0xffea</value>
         <object_component_ref idref="oc-79"/>
      </symbol>
      <symbol id="sm-582">
         <name>__TI_int46</name>
         <value>0xffec</value>
         <object_component_ref idref="oc-7a"/>
      </symbol>
      <symbol id="sm-585">
         <name>__TI_int47</name>
         <value>0xffee</value>
         <object_component_ref idref="oc-7b"/>
      </symbol>
      <symbol id="sm-588">
         <name>__TI_int48</name>
         <value>0xfff0</value>
         <object_component_ref idref="oc-7c"/>
      </symbol>
      <symbol id="sm-58b">
         <name>__TI_int49</name>
         <value>0xfff2</value>
         <object_component_ref idref="oc-7d"/>
      </symbol>
      <symbol id="sm-58e">
         <name>__TI_int50</name>
         <value>0xfff4</value>
         <object_component_ref idref="oc-84"/>
      </symbol>
      <symbol id="sm-591">
         <name>__TI_int52</name>
         <value>0xfff8</value>
         <object_component_ref idref="oc-86"/>
      </symbol>
      <symbol id="sm-594">
         <name>__TI_int53</name>
         <value>0xfffa</value>
         <object_component_ref idref="oc-87"/>
      </symbol>
      <symbol id="sm-597">
         <name>__TI_int54</name>
         <value>0xfffc</value>
         <object_component_ref idref="oc-88"/>
      </symbol>
      <symbol id="sm-67f">
         <name>CS_XT2ClockFrequency</name>
         <value>0x1d10</value>
         <object_component_ref idref="oc-338"/>
      </symbol>
      <symbol id="sm-680">
         <name>CS_XT1ClockFrequency</name>
         <value>0x1d0c</value>
         <object_component_ref idref="oc-338"/>
      </symbol>
      <symbol id="sm-6ed">
         <name>ti_catalog_msp430_init_Boot_init</name>
         <value>0xdf4a</value>
         <object_component_ref idref="oc-f8"/>
      </symbol>
      <symbol id="sm-6ee">
         <name>xdc_runtime_Startup_reset__I</name>
         <value>0xdf90</value>
         <object_component_ref idref="oc-a7"/>
      </symbol>
      <symbol id="sm-6ef">
         <name>send_byte</name>
         <value>0xde0a</value>
         <object_component_ref idref="oc-305"/>
      </symbol>
      <symbol id="sm-6f0">
         <name>send_integer</name>
         <value>0xdec8</value>
         <object_component_ref idref="oc-30b"/>
      </symbol>
      <symbol id="sm-6f1">
         <name>sensor_connection</name>
         <value>0xdb60</value>
         <object_component_ref idref="oc-141"/>
      </symbol>
      <symbol id="sm-6f2">
         <name>reset_phone_UART</name>
         <value>0xdd14</value>
         <object_component_ref idref="oc-2df"/>
      </symbol>
      <symbol id="sm-6f3">
         <name>contact_sensor</name>
         <value>0xdad2</value>
         <object_component_ref idref="oc-117"/>
      </symbol>
      <symbol id="sm-6f4">
         <name>start_up</name>
         <value>0xca70</value>
         <object_component_ref idref="oc-111"/>
      </symbol>
      <symbol id="sm-6f5">
         <name>readBattery</name>
         <value>0xd3e6</value>
         <object_component_ref idref="oc-2d8"/>
      </symbol>
      <symbol id="sm-6f6">
         <name>watchdog_reset</name>
         <value>0xde4e</value>
         <object_component_ref idref="oc-14d"/>
      </symbol>
      <symbol id="sm-6f7">
         <name>ascii2int</name>
         <value>0xda3c</value>
         <object_component_ref idref="oc-1f1"/>
      </symbol>
      <symbol id="sm-6f8">
         <name>set_report_frequency</name>
         <value>0xd896</value>
         <object_component_ref idref="oc-132"/>
      </symbol>
      <symbol id="sm-6f9">
         <name>ATresponse</name>
         <value>0xda88</value>
         <object_component_ref idref="oc-2eb"/>
      </symbol>
      <symbol id="sm-6fa">
         <name>main</name>
         <value>0xd35c</value>
         <object_component_ref idref="oc-b9"/>
      </symbol>
      <symbol id="sm-6fb">
         <name>get_new_parameters</name>
         <value>0xcb82</value>
         <object_component_ref idref="oc-203"/>
      </symbol>
      <symbol id="sm-6fc">
         <name>blink</name>
         <value>0xde38</value>
         <object_component_ref idref="oc-10b"/>
      </symbol>
      <symbol id="sm-6fd">
         <name>sendMessage</name>
         <value>0xd83c</value>
         <object_component_ref idref="oc-2e5"/>
      </symbol>
      <symbol id="sm-6fe">
         <name>move_string</name>
         <value>0xdbe2</value>
         <object_component_ref idref="oc-1c7"/>
      </symbol>
      <symbol id="sm-6ff">
         <name>phone_it_in</name>
         <value>0xc956</value>
         <object_component_ref idref="oc-138"/>
      </symbol>
      <symbol id="sm-700">
         <name>wait</name>
         <value>0xdc7a</value>
         <object_component_ref idref="oc-12c"/>
      </symbol>
      <symbol id="sm-701">
         <name>send_report</name>
         <value>0xc800</value>
         <object_component_ref idref="oc-1fd"/>
      </symbol>
      <symbol id="sm-702">
         <name>phone_on</name>
         <value>0xcf9a</value>
         <object_component_ref idref="oc-1d9"/>
      </symbol>
      <symbol id="sm-703">
         <name>int2ascii</name>
         <value>0xd634</value>
         <object_component_ref idref="oc-1f7"/>
      </symbol>
      <symbol id="sm-704">
         <name>phone_off</name>
         <value>0xd9ee</value>
         <object_component_ref idref="oc-209"/>
      </symbol>
      <symbol id="sm-705">
         <name>makeConnection</name>
         <value>0xd7de</value>
         <object_component_ref idref="oc-1df"/>
      </symbol>
      <symbol id="sm-706">
         <name>report_record_data</name>
         <value>0xd2ce</value>
         <object_component_ref idref="oc-314"/>
      </symbol>
      <symbol id="sm-707">
         <name>await_connection</name>
         <value>0xdcca</value>
         <object_component_ref idref="oc-147"/>
      </symbol>
      <symbol id="sm-708">
         <name>transfer_string</name>
         <value>0xd4e0</value>
         <object_component_ref idref="oc-1be"/>
      </symbol>
      <symbol id="sm-709">
         <name>send_nibble</name>
         <value>0xdd9e</value>
         <object_component_ref idref="oc-367"/>
      </symbol>
      <symbol id="sm-70a">
         <name>set_time</name>
         <value>0xcd48</value>
         <object_component_ref idref="oc-1eb"/>
      </symbol>
      <symbol id="sm-70b">
         <name>SS_receive_records</name>
         <value>0xd46c</value>
         <object_component_ref idref="oc-123"/>
      </symbol>
      <symbol id="sm-70c">
         <name>SS_command</name>
         <value>0xd712</value>
         <object_component_ref idref="oc-11d"/>
      </symbol>
      <symbol id="sm-70d">
         <name>do_script</name>
         <value>0xdc4a</value>
         <object_component_ref idref="oc-2ff"/>
      </symbol>
      <symbol id="sm-70e">
         <name>sleep</name>
         <value>0xdf12</value>
         <object_component_ref idref="oc-1e5"/>
      </symbol>
      <symbol id="sm-70f">
         <name>_c_int00_noexit</name>
         <value>0xdca4</value>
         <object_component_ref idref="oc-7e"/>
      </symbol>
      <symbol id="sm-710">
         <name>_c_int00</name>
         <value>0xdca4</value>
         <object_component_ref idref="oc-7e"/>
      </symbol>
      <symbol id="sm-711">
         <name>_system_pre_init</name>
         <value>0xdf96</value>
         <object_component_ref idref="oc-ad"/>
      </symbol>
      <symbol id="sm-712">
         <name>ti_catalog_msp430_init_Boot_disableWatchdog</name>
         <value>0xdf54</value>
         <object_component_ref idref="oc-170"/>
      </symbol>
      <symbol id="sm-713">
         <name>InterruptVectors_graceInit</name>
         <value>0xdf9e</value>
         <object_component_ref idref="oc-1a8"/>
      </symbol>
      <symbol id="sm-714">
         <name>TIMER0_B0_ISR_HOOK</name>
         <value>0xd946</value>
         <object_component_ref idref="oc-cb"/>
      </symbol>
      <symbol id="sm-715">
         <name>__TI_args_main</name>
         <value>0x1</value>
      </symbol>
      <symbol id="sm-716">
         <name>__TI_INITARRAY_Base</name>
         <value>0x0</value>
      </symbol>
      <symbol id="sm-717">
         <name>__TI_INITARRAY_Limit</name>
         <value>0x0</value>
      </symbol>
      <symbol id="sm-718">
         <name>_auto_init_hold_wdt</name>
         <value>0xd6a4</value>
         <object_component_ref idref="oc-b3"/>
      </symbol>
      <symbol id="sm-719">
         <name>__TI_decompress_none</name>
         <value>0xdf00</value>
         <object_component_ref idref="oc-89"/>
      </symbol>
      <symbol id="sm-71a">
         <name>__TI_decompress_rle24</name>
         <value>0xdf8a</value>
         <object_component_ref idref="oc-95"/>
      </symbol>
      <symbol id="sm-71b">
         <name>__TI_zero_init</name>
         <value>0xdcf0</value>
         <object_component_ref idref="oc-8f"/>
      </symbol>
      <symbol id="sm-71c">
         <name>C$$EXIT</name>
         <value>0xdf9a</value>
         <object_component_ref idref="oc-bf"/>
      </symbol>
      <symbol id="sm-71d">
         <name>abort</name>
         <value>0xdf9a</value>
         <object_component_ref idref="oc-bf"/>
      </symbol>
      <symbol id="sm-71e">
         <name>__TI_exit</name>
         <value>0x1</value>
      </symbol>
      <symbol id="sm-71f">
         <name>__TI_ISR_TRAP</name>
         <value>0xdf84</value>
         <object_component_ref idref="oc-a2"/>
      </symbol>
      <symbol id="sm-720">
         <name>memcpy</name>
         <value>0xdeb4</value>
         <object_component_ref idref="oc-d1"/>
      </symbol>
      <symbol id="sm-721">
         <name>Grace_init</name>
         <value>0xdc18</value>
         <object_component_ref idref="oc-102"/>
      </symbol>
      <symbol id="sm-722">
         <name>Timer0_B3_graceInit</name>
         <value>0xdb1a</value>
         <object_component_ref idref="oc-17e"/>
      </symbol>
      <symbol id="sm-723">
         <name>GPIO_graceInit</name>
         <value>0xd232</value>
         <object_component_ref idref="oc-184"/>
      </symbol>
      <symbol id="sm-724">
         <name>CS_graceInit</name>
         <value>0xd0f0</value>
         <object_component_ref idref="oc-18a"/>
      </symbol>
      <symbol id="sm-725">
         <name>ADC10_B_graceInit</name>
         <value>0xd196</value>
         <object_component_ref idref="oc-190"/>
      </symbol>
      <symbol id="sm-726">
         <name>REF_graceInit</name>
         <value>0xdd7c</value>
         <object_component_ref idref="oc-196"/>
      </symbol>
      <symbol id="sm-727">
         <name>EUSCI_A0_graceInit</name>
         <value>0xd554</value>
         <object_component_ref idref="oc-19c"/>
      </symbol>
      <symbol id="sm-728">
         <name>EUSCI_A1_graceInit</name>
         <value>0xd5c4</value>
         <object_component_ref idref="oc-1a2"/>
      </symbol>
      <symbol id="sm-729">
         <name>System_graceInit</name>
         <value>0xdf64</value>
         <object_component_ref idref="oc-1ae"/>
      </symbol>
      <symbol id="sm-72a">
         <name>WDT_A_graceInit</name>
         <value>0xdeee</value>
         <object_component_ref idref="oc-1b4"/>
      </symbol>
      <symbol id="sm-72b">
         <name>ADC10_B_setupSamplingTimer</name>
         <value>0xddbe</value>
         <object_component_ref idref="oc-277"/>
      </symbol>
      <symbol id="sm-72c">
         <name>ADC10_B_setSampleHoldSignalInversion</name>
         <value>0xde22</value>
         <object_component_ref idref="oc-283"/>
      </symbol>
      <symbol id="sm-72d">
         <name>ADC10_B_enable</name>
         <value>0xdf5c</value>
         <object_component_ref idref="oc-271"/>
      </symbol>
      <symbol id="sm-72e">
         <name>ADC10_B_memoryConfigure</name>
         <value>0xdedc</value>
         <object_component_ref idref="oc-27d"/>
      </symbol>
      <symbol id="sm-72f">
         <name>ADC10_B_init</name>
         <value>0xd99c</value>
         <object_component_ref idref="oc-26b"/>
      </symbol>
      <symbol id="sm-730">
         <name>ADC10_B_setReferenceBufferSamplingRate</name>
         <value>0xde78</value>
         <object_component_ref idref="oc-28f"/>
      </symbol>
      <symbol id="sm-731">
         <name>ADC10_B_setDataReadBackFormat</name>
         <value>0xde64</value>
         <object_component_ref idref="oc-289"/>
      </symbol>
      <symbol id="sm-732">
         <name>ADC10_B_disableInterrupt</name>
         <value>0xdf24</value>
         <object_component_ref idref="oc-295"/>
      </symbol>
      <symbol id="sm-733">
         <name>CS_setDCOFreq</name>
         <value>0xddf2</value>
         <object_component_ref idref="oc-252"/>
      </symbol>
      <symbol id="sm-734">
         <name>CS_clearAllOscFlagsWithTimeout</name>
         <value>0xdba6</value>
         <object_component_ref idref="oc-25e"/>
      </symbol>
      <symbol id="sm-735">
         <name>CS_disableClockRequest</name>
         <value>0xddd8</value>
         <object_component_ref idref="oc-264"/>
      </symbol>
      <symbol id="sm-736">
         <name>CS_XT1StartWithTimeout</name>
         <value>0xce16</value>
         <object_component_ref idref="oc-24c"/>
      </symbol>
      <symbol id="sm-737">
         <name>CS_setExternalClockSource</name>
         <value>0xdd38</value>
         <object_component_ref idref="oc-246"/>
      </symbol>
      <symbol id="sm-738">
         <name>CS_clockSignalInit</name>
         <value>0xceda</value>
         <object_component_ref idref="oc-258"/>
      </symbol>
      <symbol id="sm-739">
         <name>EUSCI_A_UART_enable</name>
         <value>0xdf6c</value>
         <object_component_ref idref="oc-2b5"/>
      </symbol>
      <symbol id="sm-73a">
         <name>EUSCI_A_UART_selectDeglitchTime</name>
         <value>0xde8c</value>
         <object_component_ref idref="oc-2bb"/>
      </symbol>
      <symbol id="sm-73b">
         <name>EUSCI_A_UART_disableInterrupt</name>
         <value>0xdd5a</value>
         <object_component_ref idref="oc-2c1"/>
      </symbol>
      <symbol id="sm-73c">
         <name>EUSCI_A_UART_initAdvance</name>
         <value>0xd046</value>
         <object_component_ref idref="oc-2af"/>
      </symbol>
      <symbol id="sm-73d">
         <name>REF_setReferenceVoltage</name>
         <value>0xdf32</value>
         <object_component_ref idref="oc-29c"/>
      </symbol>
      <symbol id="sm-73e">
         <name>REF_enableReferenceVoltage</name>
         <value>0xdf78</value>
         <object_component_ref idref="oc-2a2"/>
      </symbol>
      <symbol id="sm-73f">
         <name>REF_disableTempSensor</name>
         <value>0xdf72</value>
         <object_component_ref idref="oc-2a8"/>
      </symbol>
      <symbol id="sm-740">
         <name>TIMER_B_selectCounterLength</name>
         <value>0xdf3e</value>
         <object_component_ref idref="oc-232"/>
      </symbol>
      <symbol id="sm-741">
         <name>TIMER_B_configureUpMode</name>
         <value>0xd8f0</value>
         <object_component_ref idref="oc-238"/>
      </symbol>
      <symbol id="sm-742">
         <name>TIMER_B_startCounter</name>
         <value>0xdf7e</value>
         <object_component_ref idref="oc-23e"/>
      </symbol>
      <symbol id="sm-743">
         <name>WDT_A_watchdogTimerInit</name>
         <value>0xdea0</value>
         <object_component_ref idref="oc-2cb"/>
      </symbol>
   </symbol_table>
   <title>Link successful</title>
</link_info>
