<?xml version="1.0"?>
<link_info>
   <banner>MSP430 Linker PC v4.3.3</banner>
   <copyright>Copyright (c) 2003-2014 Texas Instruments Incorporated</copyright>
   <link_time>0x53e58c66</link_time>
   <link_errors>0x0</link_errors>
   <output_file>Comm Head v0.2504.out</output_file>
   <entry_point>
      <name>_c_int00</name>
      <address>0xdcc8</address>
   </entry_point>
   <input_file_list>
      <input_file id="fl-3">
         <path>C:\Users\sam_000\Dropbox\Turtle Sense\TI workspace\Comm Head v0.2504\Debug\configPkg\package\cfg\</path>
         <kind>object</kind>
         <file>main_pe430X.oe430X</file>
         <name>main_pe430X.oe430X</name>
      </input_file>
      <input_file id="fl-7">
         <path>.\</path>
         <kind>object</kind>
         <file>main.obj</file>
         <name>main.obj</name>
      </input_file>
      <input_file id="fl-d">
         <path>C:\ti\grace_2_20_02_32\packages\ti\targets\msp430\rts430\lib\</path>
         <kind>archive</kind>
         <file>ti.targets.msp430.rts430.ae430X</file>
         <name>boot.oe430X</name>
      </input_file>
      <input_file id="fl-e">
         <path>C:\ti\grace_2_20_02_32\packages\ti\targets\msp430\rts430\lib\</path>
         <kind>archive</kind>
         <file>ti.targets.msp430.rts430.ae430X</file>
         <name>pre_init.oe430X</name>
      </input_file>
      <input_file id="fl-f">
         <path>C:\ti\grace_2_20_02_32\packages\ti\catalog\msp430\init\lib\</path>
         <kind>archive</kind>
         <file>ti.catalog.msp430.init.ae430X</file>
         <name>Boot.oe430X</name>
      </input_file>
      <input_file id="fl-10">
         <path>C:\Users\sam_000\Dropbox\TURTLE~1\TIWORK~1\COMMHE~1.250\src\grace\</path>
         <kind>archive</kind>
         <file>grace.lib</file>
         <name>InterruptVectors_init.obj</name>
      </input_file>
      <input_file id="fl-3f">
         <path>c:\ti\ccsv6\tools\compiler\msp430_4.3.3\lib\</path>
         <kind>archive</kind>
         <file>rts430x_lc_rd_eabi.lib</file>
         <name>args_main.obj</name>
      </input_file>
      <input_file id="fl-40">
         <path>c:\ti\ccsv6\tools\compiler\msp430_4.3.3\lib\</path>
         <kind>archive</kind>
         <file>rts430x_lc_rd_eabi.lib</file>
         <name>autoinit.obj</name>
      </input_file>
      <input_file id="fl-41">
         <path>c:\ti\ccsv6\tools\compiler\msp430_4.3.3\lib\</path>
         <kind>archive</kind>
         <file>rts430x_lc_rd_eabi.lib</file>
         <name>copy_decompress_none.obj</name>
      </input_file>
      <input_file id="fl-42">
         <path>c:\ti\ccsv6\tools\compiler\msp430_4.3.3\lib\</path>
         <kind>archive</kind>
         <file>rts430x_lc_rd_eabi.lib</file>
         <name>copy_decompress_rle.obj</name>
      </input_file>
      <input_file id="fl-43">
         <path>c:\ti\ccsv6\tools\compiler\msp430_4.3.3\lib\</path>
         <kind>archive</kind>
         <file>rts430x_lc_rd_eabi.lib</file>
         <name>copy_zero_init.obj</name>
      </input_file>
      <input_file id="fl-44">
         <path>c:\ti\ccsv6\tools\compiler\msp430_4.3.3\lib\</path>
         <kind>archive</kind>
         <file>rts430x_lc_rd_eabi.lib</file>
         <name>exit.obj</name>
      </input_file>
      <input_file id="fl-45">
         <path>c:\ti\ccsv6\tools\compiler\msp430_4.3.3\lib\</path>
         <kind>archive</kind>
         <file>rts430x_lc_rd_eabi.lib</file>
         <name>int31.obj</name>
      </input_file>
      <input_file id="fl-46">
         <path>c:\ti\ccsv6\tools\compiler\msp430_4.3.3\lib\</path>
         <kind>archive</kind>
         <file>rts430x_lc_rd_eabi.lib</file>
         <name>int32.obj</name>
      </input_file>
      <input_file id="fl-47">
         <path>c:\ti\ccsv6\tools\compiler\msp430_4.3.3\lib\</path>
         <kind>archive</kind>
         <file>rts430x_lc_rd_eabi.lib</file>
         <name>int33.obj</name>
      </input_file>
      <input_file id="fl-48">
         <path>c:\ti\ccsv6\tools\compiler\msp430_4.3.3\lib\</path>
         <kind>archive</kind>
         <file>rts430x_lc_rd_eabi.lib</file>
         <name>int34.obj</name>
      </input_file>
      <input_file id="fl-49">
         <path>c:\ti\ccsv6\tools\compiler\msp430_4.3.3\lib\</path>
         <kind>archive</kind>
         <file>rts430x_lc_rd_eabi.lib</file>
         <name>int35.obj</name>
      </input_file>
      <input_file id="fl-4a">
         <path>c:\ti\ccsv6\tools\compiler\msp430_4.3.3\lib\</path>
         <kind>archive</kind>
         <file>rts430x_lc_rd_eabi.lib</file>
         <name>int36.obj</name>
      </input_file>
      <input_file id="fl-4b">
         <path>c:\ti\ccsv6\tools\compiler\msp430_4.3.3\lib\</path>
         <kind>archive</kind>
         <file>rts430x_lc_rd_eabi.lib</file>
         <name>int37.obj</name>
      </input_file>
      <input_file id="fl-4c">
         <path>c:\ti\ccsv6\tools\compiler\msp430_4.3.3\lib\</path>
         <kind>archive</kind>
         <file>rts430x_lc_rd_eabi.lib</file>
         <name>int38.obj</name>
      </input_file>
      <input_file id="fl-4d">
         <path>c:\ti\ccsv6\tools\compiler\msp430_4.3.3\lib\</path>
         <kind>archive</kind>
         <file>rts430x_lc_rd_eabi.lib</file>
         <name>int39.obj</name>
      </input_file>
      <input_file id="fl-4e">
         <path>c:\ti\ccsv6\tools\compiler\msp430_4.3.3\lib\</path>
         <kind>archive</kind>
         <file>rts430x_lc_rd_eabi.lib</file>
         <name>int40.obj</name>
      </input_file>
      <input_file id="fl-4f">
         <path>c:\ti\ccsv6\tools\compiler\msp430_4.3.3\lib\</path>
         <kind>archive</kind>
         <file>rts430x_lc_rd_eabi.lib</file>
         <name>int41.obj</name>
      </input_file>
      <input_file id="fl-50">
         <path>c:\ti\ccsv6\tools\compiler\msp430_4.3.3\lib\</path>
         <kind>archive</kind>
         <file>rts430x_lc_rd_eabi.lib</file>
         <name>int42.obj</name>
      </input_file>
      <input_file id="fl-51">
         <path>c:\ti\ccsv6\tools\compiler\msp430_4.3.3\lib\</path>
         <kind>archive</kind>
         <file>rts430x_lc_rd_eabi.lib</file>
         <name>int43.obj</name>
      </input_file>
      <input_file id="fl-52">
         <path>c:\ti\ccsv6\tools\compiler\msp430_4.3.3\lib\</path>
         <kind>archive</kind>
         <file>rts430x_lc_rd_eabi.lib</file>
         <name>int44.obj</name>
      </input_file>
      <input_file id="fl-53">
         <path>c:\ti\ccsv6\tools\compiler\msp430_4.3.3\lib\</path>
         <kind>archive</kind>
         <file>rts430x_lc_rd_eabi.lib</file>
         <name>int45.obj</name>
      </input_file>
      <input_file id="fl-54">
         <path>c:\ti\ccsv6\tools\compiler\msp430_4.3.3\lib\</path>
         <kind>archive</kind>
         <file>rts430x_lc_rd_eabi.lib</file>
         <name>int46.obj</name>
      </input_file>
      <input_file id="fl-55">
         <path>c:\ti\ccsv6\tools\compiler\msp430_4.3.3\lib\</path>
         <kind>archive</kind>
         <file>rts430x_lc_rd_eabi.lib</file>
         <name>int47.obj</name>
      </input_file>
      <input_file id="fl-56">
         <path>c:\ti\ccsv6\tools\compiler\msp430_4.3.3\lib\</path>
         <kind>archive</kind>
         <file>rts430x_lc_rd_eabi.lib</file>
         <name>int48.obj</name>
      </input_file>
      <input_file id="fl-57">
         <path>c:\ti\ccsv6\tools\compiler\msp430_4.3.3\lib\</path>
         <kind>archive</kind>
         <file>rts430x_lc_rd_eabi.lib</file>
         <name>int49.obj</name>
      </input_file>
      <input_file id="fl-58">
         <path>c:\ti\ccsv6\tools\compiler\msp430_4.3.3\lib\</path>
         <kind>archive</kind>
         <file>rts430x_lc_rd_eabi.lib</file>
         <name>int50.obj</name>
      </input_file>
      <input_file id="fl-59">
         <path>c:\ti\ccsv6\tools\compiler\msp430_4.3.3\lib\</path>
         <kind>archive</kind>
         <file>rts430x_lc_rd_eabi.lib</file>
         <name>int52.obj</name>
      </input_file>
      <input_file id="fl-5a">
         <path>c:\ti\ccsv6\tools\compiler\msp430_4.3.3\lib\</path>
         <kind>archive</kind>
         <file>rts430x_lc_rd_eabi.lib</file>
         <name>int53.obj</name>
      </input_file>
      <input_file id="fl-5b">
         <path>c:\ti\ccsv6\tools\compiler\msp430_4.3.3\lib\</path>
         <kind>archive</kind>
         <file>rts430x_lc_rd_eabi.lib</file>
         <name>int54.obj</name>
      </input_file>
      <input_file id="fl-5c">
         <path>c:\ti\ccsv6\tools\compiler\msp430_4.3.3\lib\</path>
         <kind>archive</kind>
         <file>rts430x_lc_rd_eabi.lib</file>
         <name>isr_trap.obj</name>
      </input_file>
      <input_file id="fl-5d">
         <path>c:\ti\ccsv6\tools\compiler\msp430_4.3.3\lib\</path>
         <kind>archive</kind>
         <file>rts430x_lc_rd_eabi.lib</file>
         <name>memcpy.obj</name>
      </input_file>
      <input_file id="fl-5e">
         <path>c:\ti\ccsv6\tools\compiler\msp430_4.3.3\lib\</path>
         <kind>archive</kind>
         <file>rts430x_lc_rd_eabi.lib</file>
         <name>_lock.obj</name>
      </input_file>
      <input_file id="fl-5f">
         <path>C:\Users\sam_000\Dropbox\TURTLE~1\TIWORK~1\COMMHE~1.250\src\grace\</path>
         <kind>archive</kind>
         <file>grace.lib</file>
         <name>Grace_init.obj</name>
      </input_file>
      <input_file id="fl-60">
         <path>C:\Users\sam_000\Dropbox\TURTLE~1\TIWORK~1\COMMHE~1.250\src\grace\</path>
         <kind>archive</kind>
         <file>grace.lib</file>
         <name>Timer0_B3_init.obj</name>
      </input_file>
      <input_file id="fl-61">
         <path>C:\Users\sam_000\Dropbox\TURTLE~1\TIWORK~1\COMMHE~1.250\src\grace\</path>
         <kind>archive</kind>
         <file>grace.lib</file>
         <name>GPIO_init.obj</name>
      </input_file>
      <input_file id="fl-62">
         <path>C:\Users\sam_000\Dropbox\TURTLE~1\TIWORK~1\COMMHE~1.250\src\grace\</path>
         <kind>archive</kind>
         <file>grace.lib</file>
         <name>CS_init.obj</name>
      </input_file>
      <input_file id="fl-63">
         <path>C:\Users\sam_000\Dropbox\TURTLE~1\TIWORK~1\COMMHE~1.250\src\grace\</path>
         <kind>archive</kind>
         <file>grace.lib</file>
         <name>ADC10_B_init.obj</name>
      </input_file>
      <input_file id="fl-64">
         <path>C:\Users\sam_000\Dropbox\TURTLE~1\TIWORK~1\COMMHE~1.250\src\grace\</path>
         <kind>archive</kind>
         <file>grace.lib</file>
         <name>REF_init.obj</name>
      </input_file>
      <input_file id="fl-65">
         <path>C:\Users\sam_000\Dropbox\TURTLE~1\TIWORK~1\COMMHE~1.250\src\grace\</path>
         <kind>archive</kind>
         <file>grace.lib</file>
         <name>EUSCI_A0_init.obj</name>
      </input_file>
      <input_file id="fl-66">
         <path>C:\Users\sam_000\Dropbox\TURTLE~1\TIWORK~1\COMMHE~1.250\src\grace\</path>
         <kind>archive</kind>
         <file>grace.lib</file>
         <name>EUSCI_A1_init.obj</name>
      </input_file>
      <input_file id="fl-67">
         <path>C:\Users\sam_000\Dropbox\TURTLE~1\TIWORK~1\COMMHE~1.250\src\grace\</path>
         <kind>archive</kind>
         <file>grace.lib</file>
         <name>System_init.obj</name>
      </input_file>
      <input_file id="fl-68">
         <path>C:\Users\sam_000\Dropbox\TURTLE~1\TIWORK~1\COMMHE~1.250\src\grace\</path>
         <kind>archive</kind>
         <file>grace.lib</file>
         <name>WDT_A_init.obj</name>
      </input_file>
      <input_file id="fl-69">
         <path>C:\Users\sam_000\Dropbox\TURTLE~1\TIWORK~1\COMMHE~1.250\src\grace\</path>
         <kind>archive</kind>
         <file>grace.lib</file>
         <name>adc10_b.obj</name>
      </input_file>
      <input_file id="fl-6a">
         <path>C:\Users\sam_000\Dropbox\TURTLE~1\TIWORK~1\COMMHE~1.250\src\grace\</path>
         <kind>archive</kind>
         <file>grace.lib</file>
         <name>cs.obj</name>
      </input_file>
      <input_file id="fl-6b">
         <path>C:\Users\sam_000\Dropbox\TURTLE~1\TIWORK~1\COMMHE~1.250\src\grace\</path>
         <kind>archive</kind>
         <file>grace.lib</file>
         <name>eusci_a_uart.obj</name>
      </input_file>
      <input_file id="fl-6c">
         <path>C:\Users\sam_000\Dropbox\TURTLE~1\TIWORK~1\COMMHE~1.250\src\grace\</path>
         <kind>archive</kind>
         <file>grace.lib</file>
         <name>ref.obj</name>
      </input_file>
      <input_file id="fl-6d">
         <path>C:\Users\sam_000\Dropbox\TURTLE~1\TIWORK~1\COMMHE~1.250\src\grace\</path>
         <kind>archive</kind>
         <file>grace.lib</file>
         <name>timer_b.obj</name>
      </input_file>
      <input_file id="fl-6e">
         <path>C:\Users\sam_000\Dropbox\TURTLE~1\TIWORK~1\COMMHE~1.250\src\grace\</path>
         <kind>archive</kind>
         <file>grace.lib</file>
         <name>wdt_a.obj</name>
      </input_file>
      <input_file id="fl-6f">
         <path>c:\ti\ccsv6\tools\compiler\msp430_4.3.3\lib\</path>
         <kind>archive</kind>
         <file>rts430x_lc_rd_eabi.lib</file>
         <name>div16s.obj</name>
      </input_file>
      <input_file id="fl-70">
         <path>c:\ti\ccsv6\tools\compiler\msp430_4.3.3\lib\</path>
         <kind>archive</kind>
         <file>rts430x_lc_rd_eabi.lib</file>
         <name>div16u.obj</name>
      </input_file>
      <input_file id="fl-71">
         <path>c:\ti\ccsv6\tools\compiler\msp430_4.3.3\lib\</path>
         <kind>archive</kind>
         <file>rts430x_lc_rd_eabi.lib</file>
         <name>div32s.obj</name>
      </input_file>
      <input_file id="fl-72">
         <path>c:\ti\ccsv6\tools\compiler\msp430_4.3.3\lib\</path>
         <kind>archive</kind>
         <file>rts430x_lc_rd_eabi.lib</file>
         <name>div32u.obj</name>
      </input_file>
   </input_file_list>
   <object_component_list>
      <object_component id="oc-9d">
         <name>xdc.meta</name>
         <load_address>0x0</load_address>
         <run_address>0x0</run_address>
         <size>0x10a</size>
         <input_file_ref idref="fl-3"/>
      </object_component>
      <object_component id="oc-3e5">
         <name>.cinit..data.load</name>
         <load_address>0xc200</load_address>
         <run_address>0xc200</run_address>
         <size>0x11a</size>
      </object_component>
      <object_component id="oc-3e2">
         <name>__TI_handler_table</name>
         <load_address>0xc31c</load_address>
         <run_address>0xc31c</run_address>
         <size>0xc</size>
      </object_component>
      <object_component id="oc-3e4">
         <name>.cinit..bss.load</name>
         <load_address>0xc328</load_address>
         <run_address>0xc328</run_address>
         <size>0x6</size>
      </object_component>
      <object_component id="oc-3e3">
         <name>__TI_cinit_table</name>
         <load_address>0xc32e</load_address>
         <run_address>0xc32e</run_address>
         <size>0x10</size>
      </object_component>
      <object_component id="oc-1db">
         <name>.const:.string</name>
         <load_address>0xc33e</load_address>
         <run_address>0xc33e</run_address>
         <size>0x37c</size>
         <input_file_ref idref="fl-7"/>
      </object_component>
      <object_component id="oc-321">
         <name>.const:.string:report_script</name>
         <load_address>0xc6ba</load_address>
         <run_address>0xc6ba</run_address>
         <size>0x2d</size>
         <input_file_ref idref="fl-7"/>
      </object_component>
      <object_component id="oc-30c">
         <name>.const:.string:report_script_noheading</name>
         <load_address>0xc6e8</load_address>
         <run_address>0xc6e8</run_address>
         <size>0x24</size>
         <input_file_ref idref="fl-7"/>
      </object_component>
      <object_component id="oc-303">
         <name>.const:.string:days_in_month</name>
         <load_address>0xc70c</load_address>
         <run_address>0xc70c</run_address>
         <size>0xd</size>
         <input_file_ref idref="fl-7"/>
      </object_component>
      <object_component id="oc-307">
         <name>.const:powers_of_10</name>
         <load_address>0xc71a</load_address>
         <run_address>0xc71a</run_address>
         <size>0xa</size>
         <input_file_ref idref="fl-7"/>
      </object_component>
      <object_component id="oc-333">
         <name>.const:.string:delete_parameters</name>
         <load_address>0xc724</load_address>
         <run_address>0xc724</run_address>
         <size>0x8</size>
         <input_file_ref idref="fl-7"/>
      </object_component>
      <object_component id="oc-330">
         <name>.const:.string:read_parameters</name>
         <load_address>0xc72c</load_address>
         <run_address>0xc72c</run_address>
         <size>0x8</size>
         <input_file_ref idref="fl-7"/>
      </object_component>
      <object_component id="oc-32b">
         <name>.const:.string:end_report</name>
         <load_address>0xc734</load_address>
         <run_address>0xc734</run_address>
         <size>0x4</size>
         <input_file_ref idref="fl-7"/>
      </object_component>
      <object_component id="oc-20b">
         <name>.text:send_report</name>
         <load_address>0xc800</load_address>
         <run_address>0xc800</run_address>
         <size>0x156</size>
         <input_file_ref idref="fl-7"/>
      </object_component>
      <object_component id="oc-113">
         <name>.text:start_up</name>
         <load_address>0xc956</load_address>
         <run_address>0xc956</run_address>
         <size>0x11a</size>
         <input_file_ref idref="fl-7"/>
      </object_component>
      <object_component id="oc-13a">
         <name>.text:phone_it_in</name>
         <load_address>0xca70</load_address>
         <run_address>0xca70</run_address>
         <size>0x118</size>
         <input_file_ref idref="fl-7"/>
      </object_component>
      <object_component id="oc-211">
         <name>.text:get_new_parameters</name>
         <load_address>0xcb88</load_address>
         <run_address>0xcb88</run_address>
         <size>0xf2</size>
         <input_file_ref idref="fl-7"/>
      </object_component>
      <object_component id="oc-340">
         <name>.text:privateTimerBProcessClockSourceDivider</name>
         <load_address>0xcc7a</load_address>
         <run_address>0xcc7a</run_address>
         <size>0xce</size>
         <input_file_ref idref="fl-6d"/>
      </object_component>
      <object_component id="oc-1f9">
         <name>.text:set_time</name>
         <load_address>0xcd48</load_address>
         <run_address>0xcd48</run_address>
         <size>0xce</size>
         <input_file_ref idref="fl-7"/>
      </object_component>
      <object_component id="oc-25a">
         <name>.text:CS_XT1StartWithTimeout</name>
         <load_address>0xce16</load_address>
         <run_address>0xce16</run_address>
         <size>0xc4</size>
         <input_file_ref idref="fl-6a"/>
      </object_component>
      <object_component id="oc-266">
         <name>.text:CS_clockSignalInit</name>
         <load_address>0xceda</load_address>
         <run_address>0xceda</run_address>
         <size>0xc0</size>
         <input_file_ref idref="fl-6a"/>
      </object_component>
      <object_component id="oc-1e7">
         <name>.text:phone_on</name>
         <load_address>0xcf9a</load_address>
         <run_address>0xcf9a</run_address>
         <size>0xac</size>
         <input_file_ref idref="fl-7"/>
      </object_component>
      <object_component id="oc-2bd">
         <name>.text:EUSCI_A_UART_initAdvance</name>
         <load_address>0xd046</load_address>
         <run_address>0xd046</run_address>
         <size>0xaa</size>
         <input_file_ref idref="fl-6b"/>
      </object_component>
      <object_component id="oc-18c">
         <name>.text:CS_graceInit</name>
         <load_address>0xd0f0</load_address>
         <run_address>0xd0f0</run_address>
         <size>0xa6</size>
         <input_file_ref idref="fl-62"/>
      </object_component>
      <object_component id="oc-bb">
         <name>.text:main</name>
         <load_address>0xd196</load_address>
         <run_address>0xd196</run_address>
         <size>0xa0</size>
         <input_file_ref idref="fl-7"/>
      </object_component>
      <object_component id="oc-192">
         <name>.text:ADC10_B_graceInit</name>
         <load_address>0xd236</load_address>
         <run_address>0xd236</run_address>
         <size>0x9c</size>
         <input_file_ref idref="fl-63"/>
      </object_component>
      <object_component id="oc-186">
         <name>.text:GPIO_graceInit</name>
         <load_address>0xd2d2</load_address>
         <run_address>0xd2d2</run_address>
         <size>0x9c</size>
         <input_file_ref idref="fl-61"/>
      </object_component>
      <object_component id="oc-324">
         <name>.text:report_record_data</name>
         <load_address>0xd36e</load_address>
         <run_address>0xd36e</run_address>
         <size>0x8e</size>
         <input_file_ref idref="fl-7"/>
      </object_component>
      <object_component id="oc-1c0">
         <name>.text:readBattery</name>
         <load_address>0xd3fc</load_address>
         <run_address>0xd3fc</run_address>
         <size>0x86</size>
         <input_file_ref idref="fl-7"/>
      </object_component>
      <object_component id="oc-125">
         <name>.text:SS_receive_records</name>
         <load_address>0xd482</load_address>
         <run_address>0xd482</run_address>
         <size>0x74</size>
         <input_file_ref idref="fl-7"/>
      </object_component>
      <object_component id="oc-1cc">
         <name>.text:transfer_string</name>
         <load_address>0xd4f6</load_address>
         <run_address>0xd4f6</run_address>
         <size>0x74</size>
         <input_file_ref idref="fl-7"/>
      </object_component>
      <object_component id="oc-11f">
         <name>.text:SS_command</name>
         <load_address>0xd56a</load_address>
         <run_address>0xd56a</run_address>
         <size>0x72</size>
         <input_file_ref idref="fl-7"/>
      </object_component>
      <object_component id="oc-19e">
         <name>.text:EUSCI_A0_graceInit</name>
         <load_address>0xd5dc</load_address>
         <run_address>0xd5dc</run_address>
         <size>0x70</size>
         <input_file_ref idref="fl-65"/>
      </object_component>
      <object_component id="oc-1a4">
         <name>.text:EUSCI_A1_graceInit</name>
         <load_address>0xd64c</load_address>
         <run_address>0xd64c</run_address>
         <size>0x70</size>
         <input_file_ref idref="fl-66"/>
      </object_component>
      <object_component id="oc-205">
         <name>.text:int2ascii</name>
         <load_address>0xd6bc</load_address>
         <run_address>0xd6bc</run_address>
         <size>0x70</size>
         <input_file_ref idref="fl-7"/>
      </object_component>
      <object_component id="oc-b5">
         <name>.text:_auto_init_hold_wdt</name>
         <load_address>0xd72c</load_address>
         <run_address>0xd72c</run_address>
         <size>0x6e</size>
         <input_file_ref idref="fl-40"/>
      </object_component>
      <object_component id="oc-e7">
         <name>.text:__TI_decompress_rle_core</name>
         <load_address>0xd79a</load_address>
         <run_address>0xd79a</run_address>
         <size>0x62</size>
         <input_file_ref idref="fl-42"/>
      </object_component>
      <object_component id="oc-1ed">
         <name>.text:makeConnection</name>
         <load_address>0xd7fc</load_address>
         <run_address>0xd7fc</run_address>
         <size>0x5e</size>
         <input_file_ref idref="fl-7"/>
      </object_component>
      <object_component id="oc-cd">
         <name>.text:_isr:TIMER0_B0_ISR_HOOK</name>
         <load_address>0xd85a</load_address>
         <run_address>0xd85a</run_address>
         <size>0x5c</size>
         <input_file_ref idref="fl-10"/>
      </object_component>
      <object_component id="oc-2f5">
         <name>.text:sendMessage</name>
         <load_address>0xd8b6</load_address>
         <run_address>0xd8b6</run_address>
         <size>0x5a</size>
         <input_file_ref idref="fl-7"/>
      </object_component>
      <object_component id="oc-134">
         <name>.text:set_report_frequency</name>
         <load_address>0xd910</load_address>
         <run_address>0xd910</run_address>
         <size>0x5a</size>
         <input_file_ref idref="fl-7"/>
      </object_component>
      <object_component id="oc-246">
         <name>.text:TIMER_B_configureUpMode</name>
         <load_address>0xd96a</load_address>
         <run_address>0xd96a</run_address>
         <size>0x56</size>
         <input_file_ref idref="fl-6d"/>
      </object_component>
      <object_component id="oc-279">
         <name>.text:ADC10_B_init</name>
         <load_address>0xd9c0</load_address>
         <run_address>0xd9c0</run_address>
         <size>0x52</size>
         <input_file_ref idref="fl-69"/>
      </object_component>
      <object_component id="oc-217">
         <name>.text:phone_off</name>
         <load_address>0xda12</load_address>
         <run_address>0xda12</run_address>
         <size>0x4e</size>
         <input_file_ref idref="fl-7"/>
      </object_component>
      <object_component id="oc-1ff">
         <name>.text:ascii2int</name>
         <load_address>0xda60</load_address>
         <run_address>0xda60</run_address>
         <size>0x4c</size>
         <input_file_ref idref="fl-7"/>
      </object_component>
      <object_component id="oc-2fb">
         <name>.text:ATresponse</name>
         <load_address>0xdaac</load_address>
         <run_address>0xdaac</run_address>
         <size>0x4a</size>
         <input_file_ref idref="fl-7"/>
      </object_component>
      <object_component id="oc-119">
         <name>.text:contact_sensor</name>
         <load_address>0xdaf6</load_address>
         <run_address>0xdaf6</run_address>
         <size>0x48</size>
         <input_file_ref idref="fl-7"/>
      </object_component>
      <object_component id="oc-180">
         <name>.text:Timer0_B3_graceInit</name>
         <load_address>0xdb3e</load_address>
         <run_address>0xdb3e</run_address>
         <size>0x46</size>
         <input_file_ref idref="fl-60"/>
      </object_component>
      <object_component id="oc-143">
         <name>.text:sensor_connection</name>
         <load_address>0xdb84</load_address>
         <run_address>0xdb84</run_address>
         <size>0x46</size>
         <input_file_ref idref="fl-7"/>
      </object_component>
      <object_component id="oc-26c">
         <name>.text:CS_clearAllOscFlagsWithTimeout</name>
         <load_address>0xdbca</load_address>
         <run_address>0xdbca</run_address>
         <size>0x3c</size>
         <input_file_ref idref="fl-6a"/>
      </object_component>
      <object_component id="oc-1d5">
         <name>.text:move_string</name>
         <load_address>0xdc06</load_address>
         <run_address>0xdc06</run_address>
         <size>0x36</size>
         <input_file_ref idref="fl-7"/>
      </object_component>
      <object_component id="oc-104">
         <name>.text:Grace_init</name>
         <load_address>0xdc3c</load_address>
         <run_address>0xdc3c</run_address>
         <size>0x32</size>
         <input_file_ref idref="fl-5f"/>
      </object_component>
      <object_component id="oc-30f">
         <name>.text:do_script</name>
         <load_address>0xdc6e</load_address>
         <run_address>0xdc6e</run_address>
         <size>0x30</size>
         <input_file_ref idref="fl-7"/>
      </object_component>
      <object_component id="oc-12e">
         <name>.text:wait</name>
         <load_address>0xdc9e</load_address>
         <run_address>0xdc9e</run_address>
         <size>0x2a</size>
         <input_file_ref idref="fl-7"/>
      </object_component>
      <object_component id="oc-80">
         <name>.text:_isr:_c_int00_noexit</name>
         <load_address>0xdcc8</load_address>
         <run_address>0xdcc8</run_address>
         <size>0x26</size>
         <input_file_ref idref="fl-d"/>
      </object_component>
      <object_component id="oc-149">
         <name>.text:await_connection</name>
         <load_address>0xdcee</load_address>
         <run_address>0xdcee</run_address>
         <size>0x26</size>
         <input_file_ref idref="fl-7"/>
      </object_component>
      <object_component id="oc-1c6">
         <name>.text:power_down</name>
         <load_address>0xdd14</load_address>
         <run_address>0xdd14</run_address>
         <size>0x26</size>
         <input_file_ref idref="fl-7"/>
      </object_component>
      <object_component id="oc-91">
         <name>.text:decompress:ZI:__TI_zero_init</name>
         <load_address>0xdd3a</load_address>
         <run_address>0xdd3a</run_address>
         <size>0x24</size>
         <input_file_ref idref="fl-43"/>
      </object_component>
      <object_component id="oc-2ef">
         <name>.text:reset_phone_UART</name>
         <load_address>0xdd5e</load_address>
         <run_address>0xdd5e</run_address>
         <size>0x24</size>
         <input_file_ref idref="fl-7"/>
      </object_component>
      <object_component id="oc-254">
         <name>.text:CS_setExternalClockSource</name>
         <load_address>0xdd82</load_address>
         <run_address>0xdd82</run_address>
         <size>0x22</size>
         <input_file_ref idref="fl-6a"/>
      </object_component>
      <object_component id="oc-2cf">
         <name>.text:EUSCI_A_UART_disableInterrupt</name>
         <load_address>0xdda4</load_address>
         <run_address>0xdda4</run_address>
         <size>0x22</size>
         <input_file_ref idref="fl-6b"/>
      </object_component>
      <object_component id="oc-198">
         <name>.text:REF_graceInit</name>
         <load_address>0xddc6</load_address>
         <run_address>0xddc6</run_address>
         <size>0x22</size>
         <input_file_ref idref="fl-64"/>
      </object_component>
      <object_component id="oc-370">
         <name>.text:send_nibble</name>
         <load_address>0xdde8</load_address>
         <run_address>0xdde8</run_address>
         <size>0x20</size>
         <input_file_ref idref="fl-7"/>
      </object_component>
      <object_component id="oc-285">
         <name>.text:ADC10_B_setupSamplingTimer</name>
         <load_address>0xde08</load_address>
         <run_address>0xde08</run_address>
         <size>0x1a</size>
         <input_file_ref idref="fl-69"/>
      </object_component>
      <object_component id="oc-272">
         <name>.text:CS_disableClockRequest</name>
         <load_address>0xde22</load_address>
         <run_address>0xde22</run_address>
         <size>0x1a</size>
         <input_file_ref idref="fl-6a"/>
      </object_component>
      <object_component id="oc-260">
         <name>.text:CS_setDCOFreq</name>
         <load_address>0xde3c</load_address>
         <run_address>0xde3c</run_address>
         <size>0x18</size>
         <input_file_ref idref="fl-6a"/>
      </object_component>
      <object_component id="oc-315">
         <name>.text:send_byte</name>
         <load_address>0xde54</load_address>
         <run_address>0xde54</run_address>
         <size>0x18</size>
         <input_file_ref idref="fl-7"/>
      </object_component>
      <object_component id="oc-291">
         <name>.text:ADC10_B_setSampleHoldSignalInversion</name>
         <load_address>0xde6c</load_address>
         <run_address>0xde6c</run_address>
         <size>0x16</size>
         <input_file_ref idref="fl-69"/>
      </object_component>
      <object_component id="oc-10d">
         <name>.text:blink</name>
         <load_address>0xde82</load_address>
         <run_address>0xde82</run_address>
         <size>0x16</size>
         <input_file_ref idref="fl-7"/>
      </object_component>
      <object_component id="oc-14f">
         <name>.text:watchdog_reset</name>
         <load_address>0xde98</load_address>
         <run_address>0xde98</run_address>
         <size>0x16</size>
         <input_file_ref idref="fl-7"/>
      </object_component>
      <object_component id="oc-297">
         <name>.text:ADC10_B_setDataReadBackFormat</name>
         <load_address>0xdeae</load_address>
         <run_address>0xdeae</run_address>
         <size>0x14</size>
         <input_file_ref idref="fl-69"/>
      </object_component>
      <object_component id="oc-29d">
         <name>.text:ADC10_B_setReferenceBufferSamplingRate</name>
         <load_address>0xdec2</load_address>
         <run_address>0xdec2</run_address>
         <size>0x14</size>
         <input_file_ref idref="fl-69"/>
      </object_component>
      <object_component id="oc-2c9">
         <name>.text:EUSCI_A_UART_selectDeglitchTime</name>
         <load_address>0xded6</load_address>
         <run_address>0xded6</run_address>
         <size>0x14</size>
         <input_file_ref idref="fl-6b"/>
      </object_component>
      <object_component id="oc-2d9">
         <name>.text:WDT_A_watchdogTimerInit</name>
         <load_address>0xdeea</load_address>
         <run_address>0xdeea</run_address>
         <size>0x14</size>
         <input_file_ref idref="fl-6e"/>
      </object_component>
      <object_component id="oc-d3">
         <name>.text:memcpy</name>
         <load_address>0xdefe</load_address>
         <run_address>0xdefe</run_address>
         <size>0x14</size>
         <input_file_ref idref="fl-5d"/>
      </object_component>
      <object_component id="oc-31b">
         <name>.text:send_integer</name>
         <load_address>0xdf12</load_address>
         <run_address>0xdf12</run_address>
         <size>0x14</size>
         <input_file_ref idref="fl-7"/>
      </object_component>
      <object_component id="oc-28b">
         <name>.text:ADC10_B_memoryConfigure</name>
         <load_address>0xdf26</load_address>
         <run_address>0xdf26</run_address>
         <size>0x12</size>
         <input_file_ref idref="fl-69"/>
      </object_component>
      <object_component id="oc-1b6">
         <name>.text:WDT_A_graceInit</name>
         <load_address>0xdf38</load_address>
         <run_address>0xdf38</run_address>
         <size>0x12</size>
         <input_file_ref idref="fl-68"/>
      </object_component>
      <object_component id="oc-8b">
         <name>.text:decompress:none:__TI_decompress_none</name>
         <load_address>0xdf4a</load_address>
         <run_address>0xdf4a</run_address>
         <size>0x12</size>
         <input_file_ref idref="fl-41"/>
      </object_component>
      <object_component id="oc-1f3">
         <name>.text:sleep</name>
         <load_address>0xdf5c</load_address>
         <run_address>0xdf5c</run_address>
         <size>0x12</size>
         <input_file_ref idref="fl-7"/>
      </object_component>
      <object_component id="oc-2a3">
         <name>.text:ADC10_B_disableInterrupt</name>
         <load_address>0xdf6e</load_address>
         <run_address>0xdf6e</run_address>
         <size>0xe</size>
         <input_file_ref idref="fl-69"/>
      </object_component>
      <object_component id="oc-2aa">
         <name>.text:REF_setReferenceVoltage</name>
         <load_address>0xdf7c</load_address>
         <run_address>0xdf7c</run_address>
         <size>0xc</size>
         <input_file_ref idref="fl-6c"/>
      </object_component>
      <object_component id="oc-240">
         <name>.text:TIMER_B_selectCounterLength</name>
         <load_address>0xdf88</load_address>
         <run_address>0xdf88</run_address>
         <size>0xc</size>
         <input_file_ref idref="fl-6d"/>
      </object_component>
      <object_component id="oc-fa">
         <name>.text:.bootCodeSection:ti_catalog_msp430_init_Boot_init</name>
         <load_address>0xdf94</load_address>
         <run_address>0xdf94</run_address>
         <size>0xa</size>
         <input_file_ref idref="fl-3"/>
      </object_component>
      <object_component id="oc-172">
         <name>.text:.bootCodeSection:ti_catalog_msp430_init_Boot_disableWatchdog</name>
         <load_address>0xdf9e</load_address>
         <run_address>0xdf9e</run_address>
         <size>0x8</size>
         <input_file_ref idref="fl-f"/>
      </object_component>
      <object_component id="oc-27f">
         <name>.text:ADC10_B_enable</name>
         <load_address>0xdfa6</load_address>
         <run_address>0xdfa6</run_address>
         <size>0x8</size>
         <input_file_ref idref="fl-69"/>
      </object_component>
      <object_component id="oc-1b0">
         <name>.text:System_graceInit</name>
         <load_address>0xdfae</load_address>
         <run_address>0xdfae</run_address>
         <size>0x8</size>
         <input_file_ref idref="fl-67"/>
      </object_component>
      <object_component id="oc-2c3">
         <name>.text:EUSCI_A_UART_enable</name>
         <load_address>0xdfb6</load_address>
         <run_address>0xdfb6</run_address>
         <size>0x6</size>
         <input_file_ref idref="fl-6b"/>
      </object_component>
      <object_component id="oc-2b6">
         <name>.text:REF_disableTempSensor</name>
         <load_address>0xdfbc</load_address>
         <run_address>0xdfbc</run_address>
         <size>0x6</size>
         <input_file_ref idref="fl-6c"/>
      </object_component>
      <object_component id="oc-2b0">
         <name>.text:REF_enableReferenceVoltage</name>
         <load_address>0xdfc2</load_address>
         <run_address>0xdfc2</run_address>
         <size>0x6</size>
         <input_file_ref idref="fl-6c"/>
      </object_component>
      <object_component id="oc-24c">
         <name>.text:TIMER_B_startCounter</name>
         <load_address>0xdfc8</load_address>
         <run_address>0xdfc8</run_address>
         <size>0x6</size>
         <input_file_ref idref="fl-6d"/>
      </object_component>
      <object_component id="oc-a4">
         <name>.text:__TI_ISR_TRAP</name>
         <load_address>0xdfce</load_address>
         <run_address>0xdfce</run_address>
         <size>0x6</size>
         <input_file_ref idref="fl-5c"/>
      </object_component>
      <object_component id="oc-97">
         <name>.text:decompress:rle24:__TI_decompress_rle24</name>
         <load_address>0xdfd4</load_address>
         <run_address>0xdfd4</run_address>
         <size>0x6</size>
         <input_file_ref idref="fl-42"/>
      </object_component>
      <object_component id="oc-a9">
         <name>.text:xdc_runtime_Startup_reset__I</name>
         <load_address>0xdfda</load_address>
         <run_address>0xdfda</run_address>
         <size>0x6</size>
         <input_file_ref idref="fl-3"/>
      </object_component>
      <object_component id="oc-af">
         <name>.text:_system_pre_init</name>
         <load_address>0xdfe0</load_address>
         <run_address>0xdfe0</run_address>
         <size>0x4</size>
         <input_file_ref idref="fl-e"/>
      </object_component>
      <object_component id="oc-c1">
         <name>.text:abort</name>
         <load_address>0xdfe4</load_address>
         <run_address>0xdfe4</run_address>
         <size>0x4</size>
         <input_file_ref idref="fl-44"/>
      </object_component>
      <object_component id="oc-1aa">
         <name>.text:InterruptVectors_graceInit</name>
         <load_address>0xdfe8</load_address>
         <run_address>0xdfe8</run_address>
         <size>0x2</size>
         <input_file_ref idref="fl-10"/>
      </object_component>
      <object_component id="oc-1df">
         <name>.fram_vars:uninit</name>
         <load_address>0xe000</load_address>
         <run_address>0xe000</run_address>
         <size>0x1e82</size>
         <input_file_ref idref="fl-7"/>
      </object_component>
      <object_component id="oc-12b">
         <name>.fram_vars:init</name>
         <load_address>0xfe82</load_address>
         <run_address>0xfe82</run_address>
         <size>0x91</size>
         <input_file_ref idref="fl-7"/>
      </object_component>
      <object_component id="oc-32e">
         <name>.common:wd_reset</name>
         <uninitialized>true</uninitialized>
         <run_address>0x1d1c</run_address>
         <size>0x1</size>
      </object_component>
      <object_component id="oc-2e5">
         <name>.common:x</name>
         <uninitialized>true</uninitialized>
         <run_address>0x1d14</run_address>
         <size>0x4</size>
      </object_component>
      <object_component id="oc-226">
         <name>.common:y</name>
         <uninitialized>true</uninitialized>
         <run_address>0x1d18</run_address>
         <size>0x2</size>
      </object_component>
      <object_component id="oc-224">
         <name>.common:z</name>
         <uninitialized>true</uninitialized>
         <run_address>0x1d1a</run_address>
         <size>0x2</size>
      </object_component>
      <object_component id="oc-140">
         <name>.data</name>
         <load_address>0x1d00</load_address>
         <run_address>0x1d00</run_address>
         <size>0xb</size>
         <input_file_ref idref="fl-7"/>
      </object_component>
      <object_component id="oc-1d2">
         <name>.data:messages</name>
         <load_address>0x1c00</load_address>
         <run_address>0x1c00</run_address>
         <size>0x100</size>
         <input_file_ref idref="fl-7"/>
      </object_component>
      <object_component id="oc-348">
         <name>.data</name>
         <load_address>0x1d0c</load_address>
         <run_address>0x1d0c</run_address>
         <size>0x8</size>
         <input_file_ref idref="fl-6a"/>
      </object_component>
      <object_component id="oc-a0">
         <name>.stack</name>
         <uninitialized>true</uninitialized>
         <run_address>0x1fc0</run_address>
         <size>0x4</size>
         <input_file_ref idref="fl-d"/>
      </object_component>
      <object_component id="oc-3e6">
         <name>.stack</name>
         <uninitialized>true</uninitialized>
         <run_address>0x1fc0</run_address>
         <size>0x0</size>
      </object_component>
      <object_component id="oc-6d">
         <name>.int31</name>
         <load_address>0xffce</load_address>
         <run_address>0xffce</run_address>
         <size>0x2</size>
         <input_file_ref idref="fl-45"/>
      </object_component>
      <object_component id="oc-6e">
         <name>.int32</name>
         <load_address>0xffd0</load_address>
         <run_address>0xffd0</run_address>
         <size>0x2</size>
         <input_file_ref idref="fl-46"/>
      </object_component>
      <object_component id="oc-6f">
         <name>.int33</name>
         <load_address>0xffd2</load_address>
         <run_address>0xffd2</run_address>
         <size>0x2</size>
         <input_file_ref idref="fl-47"/>
      </object_component>
      <object_component id="oc-70">
         <name>.int34</name>
         <load_address>0xffd4</load_address>
         <run_address>0xffd4</run_address>
         <size>0x2</size>
         <input_file_ref idref="fl-48"/>
      </object_component>
      <object_component id="oc-71">
         <name>.int35</name>
         <load_address>0xffd6</load_address>
         <run_address>0xffd6</run_address>
         <size>0x2</size>
         <input_file_ref idref="fl-49"/>
      </object_component>
      <object_component id="oc-72">
         <name>.int36</name>
         <load_address>0xffd8</load_address>
         <run_address>0xffd8</run_address>
         <size>0x2</size>
         <input_file_ref idref="fl-4a"/>
      </object_component>
      <object_component id="oc-73">
         <name>.int37</name>
         <load_address>0xffda</load_address>
         <run_address>0xffda</run_address>
         <size>0x2</size>
         <input_file_ref idref="fl-4b"/>
      </object_component>
      <object_component id="oc-74">
         <name>.int38</name>
         <load_address>0xffdc</load_address>
         <run_address>0xffdc</run_address>
         <size>0x2</size>
         <input_file_ref idref="fl-4c"/>
      </object_component>
      <object_component id="oc-75">
         <name>.int39</name>
         <load_address>0xffde</load_address>
         <run_address>0xffde</run_address>
         <size>0x2</size>
         <input_file_ref idref="fl-4d"/>
      </object_component>
      <object_component id="oc-76">
         <name>.int40</name>
         <load_address>0xffe0</load_address>
         <run_address>0xffe0</run_address>
         <size>0x2</size>
         <input_file_ref idref="fl-4e"/>
      </object_component>
      <object_component id="oc-77">
         <name>.int41</name>
         <load_address>0xffe2</load_address>
         <run_address>0xffe2</run_address>
         <size>0x2</size>
         <input_file_ref idref="fl-4f"/>
      </object_component>
      <object_component id="oc-78">
         <name>.int42</name>
         <load_address>0xffe4</load_address>
         <run_address>0xffe4</run_address>
         <size>0x2</size>
         <input_file_ref idref="fl-50"/>
      </object_component>
      <object_component id="oc-79">
         <name>.int43</name>
         <load_address>0xffe6</load_address>
         <run_address>0xffe6</run_address>
         <size>0x2</size>
         <input_file_ref idref="fl-51"/>
      </object_component>
      <object_component id="oc-7a">
         <name>.int44</name>
         <load_address>0xffe8</load_address>
         <run_address>0xffe8</run_address>
         <size>0x2</size>
         <input_file_ref idref="fl-52"/>
      </object_component>
      <object_component id="oc-7b">
         <name>.int45</name>
         <load_address>0xffea</load_address>
         <run_address>0xffea</run_address>
         <size>0x2</size>
         <input_file_ref idref="fl-53"/>
      </object_component>
      <object_component id="oc-7c">
         <name>.int46</name>
         <load_address>0xffec</load_address>
         <run_address>0xffec</run_address>
         <size>0x2</size>
         <input_file_ref idref="fl-54"/>
      </object_component>
      <object_component id="oc-7d">
         <name>.int47</name>
         <load_address>0xffee</load_address>
         <run_address>0xffee</run_address>
         <size>0x2</size>
         <input_file_ref idref="fl-55"/>
      </object_component>
      <object_component id="oc-7e">
         <name>.int48</name>
         <load_address>0xfff0</load_address>
         <run_address>0xfff0</run_address>
         <size>0x2</size>
         <input_file_ref idref="fl-56"/>
      </object_component>
      <object_component id="oc-7f">
         <name>.int49</name>
         <load_address>0xfff2</load_address>
         <run_address>0xfff2</run_address>
         <size>0x2</size>
         <input_file_ref idref="fl-57"/>
      </object_component>
      <object_component id="oc-86">
         <name>.int50</name>
         <load_address>0xfff4</load_address>
         <run_address>0xfff4</run_address>
         <size>0x2</size>
         <input_file_ref idref="fl-58"/>
      </object_component>
      <object_component id="oc-87">
         <name>.int51</name>
         <load_address>0xfff6</load_address>
         <run_address>0xfff6</run_address>
         <size>0x2</size>
         <input_file_ref idref="fl-10"/>
      </object_component>
      <object_component id="oc-88">
         <name>.int52</name>
         <load_address>0xfff8</load_address>
         <run_address>0xfff8</run_address>
         <size>0x2</size>
         <input_file_ref idref="fl-59"/>
      </object_component>
      <object_component id="oc-89">
         <name>.int53</name>
         <load_address>0xfffa</load_address>
         <run_address>0xfffa</run_address>
         <size>0x2</size>
         <input_file_ref idref="fl-5a"/>
      </object_component>
      <object_component id="oc-8a">
         <name>.int54</name>
         <load_address>0xfffc</load_address>
         <run_address>0xfffc</run_address>
         <size>0x2</size>
         <input_file_ref idref="fl-5b"/>
      </object_component>
      <object_component id="oc-a3">
         <name>.reset</name>
         <load_address>0xfffe</load_address>
         <run_address>0xfffe</run_address>
         <size>0x2</size>
         <input_file_ref idref="fl-d"/>
      </object_component>
      <object_component id="oc-81">
         <name>.debug_info</name>
         <load_address>0x0</load_address>
         <run_address>0x0</run_address>
         <size>0x192</size>
         <input_file_ref idref="fl-d"/>
      </object_component>
      <object_component id="oc-8d">
         <name>.debug_info</name>
         <load_address>0x192</load_address>
         <run_address>0x192</run_address>
         <size>0x194</size>
         <input_file_ref idref="fl-41"/>
      </object_component>
      <object_component id="oc-94">
         <name>.debug_info</name>
         <load_address>0x326</load_address>
         <run_address>0x326</run_address>
         <size>0x16f</size>
         <input_file_ref idref="fl-43"/>
      </object_component>
      <object_component id="oc-98">
         <name>.debug_info</name>
         <load_address>0x495</load_address>
         <run_address>0x495</run_address>
         <size>0x18e</size>
         <input_file_ref idref="fl-42"/>
      </object_component>
      <object_component id="oc-9e">
         <name>.debug_info</name>
         <load_address>0x623</load_address>
         <run_address>0x623</run_address>
         <size>0x17c</size>
         <input_file_ref idref="fl-3"/>
      </object_component>
      <object_component id="oc-a1">
         <name>.debug_info</name>
         <load_address>0x79f</load_address>
         <run_address>0x79f</run_address>
         <size>0xd4</size>
         <input_file_ref idref="fl-d"/>
      </object_component>
      <object_component id="oc-a6">
         <name>.debug_info</name>
         <load_address>0x873</load_address>
         <run_address>0x873</run_address>
         <size>0xc2</size>
         <input_file_ref idref="fl-5c"/>
      </object_component>
      <object_component id="oc-aa">
         <name>.debug_info</name>
         <load_address>0x935</load_address>
         <run_address>0x935</run_address>
         <size>0x195</size>
         <input_file_ref idref="fl-3"/>
      </object_component>
      <object_component id="oc-b0">
         <name>.debug_info</name>
         <load_address>0xaca</load_address>
         <run_address>0xaca</run_address>
         <size>0x11c</size>
         <input_file_ref idref="fl-e"/>
      </object_component>
      <object_component id="oc-b7">
         <name>.debug_info</name>
         <load_address>0xbe6</load_address>
         <run_address>0xbe6</run_address>
         <size>0x1a0</size>
         <input_file_ref idref="fl-40"/>
      </object_component>
      <object_component id="oc-bc">
         <name>.debug_info</name>
         <load_address>0xd86</load_address>
         <run_address>0xd86</run_address>
         <size>0x226</size>
         <input_file_ref idref="fl-7"/>
      </object_component>
      <object_component id="oc-c2">
         <name>.debug_info</name>
         <load_address>0xfac</load_address>
         <run_address>0xfac</run_address>
         <size>0xcc</size>
         <input_file_ref idref="fl-44"/>
      </object_component>
      <object_component id="oc-c8">
         <name>.debug_info</name>
         <load_address>0x1078</load_address>
         <run_address>0x1078</run_address>
         <size>0x84</size>
         <input_file_ref idref="fl-3"/>
      </object_component>
      <object_component id="oc-ce">
         <name>.debug_info</name>
         <load_address>0x10fc</load_address>
         <run_address>0x10fc</run_address>
         <size>0x14f</size>
         <input_file_ref idref="fl-10"/>
      </object_component>
      <object_component id="oc-d4">
         <name>.debug_info</name>
         <load_address>0x124b</load_address>
         <run_address>0x124b</run_address>
         <size>0x157</size>
         <input_file_ref idref="fl-5d"/>
      </object_component>
      <object_component id="oc-da">
         <name>.debug_info</name>
         <load_address>0x13a2</load_address>
         <run_address>0x13a2</run_address>
         <size>0x46</size>
         <input_file_ref idref="fl-41"/>
      </object_component>
      <object_component id="oc-df">
         <name>.debug_info</name>
         <load_address>0x13e8</load_address>
         <run_address>0x13e8</run_address>
         <size>0x17b</size>
         <input_file_ref idref="fl-41"/>
      </object_component>
      <object_component id="oc-e1">
         <name>.debug_info</name>
         <load_address>0x1563</load_address>
         <run_address>0x1563</run_address>
         <size>0x46</size>
         <input_file_ref idref="fl-43"/>
      </object_component>
      <object_component id="oc-e6">
         <name>.debug_info</name>
         <load_address>0x15a9</load_address>
         <run_address>0x15a9</run_address>
         <size>0x129</size>
         <input_file_ref idref="fl-43"/>
      </object_component>
      <object_component id="oc-e9">
         <name>.debug_info</name>
         <load_address>0x16d2</load_address>
         <run_address>0x16d2</run_address>
         <size>0x1ef</size>
         <input_file_ref idref="fl-42"/>
      </object_component>
      <object_component id="oc-ee">
         <name>.debug_info</name>
         <load_address>0x18c1</load_address>
         <run_address>0x18c1</run_address>
         <size>0x138</size>
         <input_file_ref idref="fl-42"/>
      </object_component>
      <object_component id="oc-ef">
         <name>.debug_info</name>
         <load_address>0x19f9</load_address>
         <run_address>0x19f9</run_address>
         <size>0x39</size>
         <input_file_ref idref="fl-42"/>
      </object_component>
      <object_component id="oc-f6">
         <name>.debug_info</name>
         <load_address>0x1a32</load_address>
         <run_address>0x1a32</run_address>
         <size>0x233</size>
         <input_file_ref idref="fl-3"/>
      </object_component>
      <object_component id="oc-fb">
         <name>.debug_info</name>
         <load_address>0x1c65</load_address>
         <run_address>0x1c65</run_address>
         <size>0x1a8</size>
         <input_file_ref idref="fl-3"/>
      </object_component>
      <object_component id="oc-103">
         <name>.debug_info</name>
         <load_address>0x1e0d</load_address>
         <run_address>0x1e0d</run_address>
         <size>0x2d8</size>
         <input_file_ref idref="fl-40"/>
      </object_component>
      <object_component id="oc-107">
         <name>.debug_info</name>
         <load_address>0x20e5</load_address>
         <run_address>0x20e5</run_address>
         <size>0x20b</size>
         <input_file_ref idref="fl-5f"/>
      </object_component>
      <object_component id="oc-10b">
         <name>.debug_info</name>
         <load_address>0x22f0</load_address>
         <run_address>0x22f0</run_address>
         <size>0x579</size>
         <input_file_ref idref="fl-7"/>
      </object_component>
      <object_component id="oc-10e">
         <name>.debug_info</name>
         <load_address>0x2869</load_address>
         <run_address>0x2869</run_address>
         <size>0x134</size>
         <input_file_ref idref="fl-7"/>
      </object_component>
      <object_component id="oc-114">
         <name>.debug_info</name>
         <load_address>0x299d</load_address>
         <run_address>0x299d</run_address>
         <size>0x284</size>
         <input_file_ref idref="fl-7"/>
      </object_component>
      <object_component id="oc-11a">
         <name>.debug_info</name>
         <load_address>0x2c21</load_address>
         <run_address>0x2c21</run_address>
         <size>0x142</size>
         <input_file_ref idref="fl-7"/>
      </object_component>
      <object_component id="oc-120">
         <name>.debug_info</name>
         <load_address>0x2d63</load_address>
         <run_address>0x2d63</run_address>
         <size>0x16b</size>
         <input_file_ref idref="fl-7"/>
      </object_component>
      <object_component id="oc-126">
         <name>.debug_info</name>
         <load_address>0x2ece</load_address>
         <run_address>0x2ece</run_address>
         <size>0x1a5</size>
         <input_file_ref idref="fl-7"/>
      </object_component>
      <object_component id="oc-12c">
         <name>.debug_info</name>
         <load_address>0x3073</load_address>
         <run_address>0x3073</run_address>
         <size>0x24d</size>
         <input_file_ref idref="fl-7"/>
      </object_component>
      <object_component id="oc-12f">
         <name>.debug_info</name>
         <load_address>0x32c0</load_address>
         <run_address>0x32c0</run_address>
         <size>0x170</size>
         <input_file_ref idref="fl-7"/>
      </object_component>
      <object_component id="oc-135">
         <name>.debug_info</name>
         <load_address>0x3430</load_address>
         <run_address>0x3430</run_address>
         <size>0x16e</size>
         <input_file_ref idref="fl-7"/>
      </object_component>
      <object_component id="oc-13b">
         <name>.debug_info</name>
         <load_address>0x359e</load_address>
         <run_address>0x359e</run_address>
         <size>0x209</size>
         <input_file_ref idref="fl-7"/>
      </object_component>
      <object_component id="oc-141">
         <name>.debug_info</name>
         <load_address>0x37a7</load_address>
         <run_address>0x37a7</run_address>
         <size>0x27b</size>
         <input_file_ref idref="fl-7"/>
      </object_component>
      <object_component id="oc-144">
         <name>.debug_info</name>
         <load_address>0x3a22</load_address>
         <run_address>0x3a22</run_address>
         <size>0x130</size>
         <input_file_ref idref="fl-7"/>
      </object_component>
      <object_component id="oc-14a">
         <name>.debug_info</name>
         <load_address>0x3b52</load_address>
         <run_address>0x3b52</run_address>
         <size>0x170</size>
         <input_file_ref idref="fl-7"/>
      </object_component>
      <object_component id="oc-150">
         <name>.debug_info</name>
         <load_address>0x3cc2</load_address>
         <run_address>0x3cc2</run_address>
         <size>0x11b</size>
         <input_file_ref idref="fl-7"/>
      </object_component>
      <object_component id="oc-159">
         <name>.debug_info</name>
         <load_address>0x3ddd</load_address>
         <run_address>0x3ddd</run_address>
         <size>0x13b</size>
         <input_file_ref idref="fl-5d"/>
      </object_component>
      <object_component id="oc-15a">
         <name>.debug_info</name>
         <load_address>0x3f18</load_address>
         <run_address>0x3f18</run_address>
         <size>0x2c</size>
         <input_file_ref idref="fl-5d"/>
      </object_component>
      <object_component id="oc-161">
         <name>.debug_info</name>
         <load_address>0x3f44</load_address>
         <run_address>0x3f44</run_address>
         <size>0x2c</size>
         <input_file_ref idref="fl-41"/>
      </object_component>
      <object_component id="oc-16d">
         <name>.debug_info</name>
         <load_address>0x3f70</load_address>
         <run_address>0x3f70</run_address>
         <size>0x339</size>
         <input_file_ref idref="fl-3"/>
      </object_component>
      <object_component id="oc-174">
         <name>.debug_info</name>
         <load_address>0x42a9</load_address>
         <run_address>0x42a9</run_address>
         <size>0x16e</size>
         <input_file_ref idref="fl-f"/>
      </object_component>
      <object_component id="oc-17b">
         <name>.debug_info</name>
         <load_address>0x4417</load_address>
         <run_address>0x4417</run_address>
         <size>0x39</size>
         <input_file_ref idref="fl-40"/>
      </object_component>
      <object_component id="oc-181">
         <name>.debug_info</name>
         <load_address>0x4450</load_address>
         <run_address>0x4450</run_address>
         <size>0x196</size>
         <input_file_ref idref="fl-60"/>
      </object_component>
      <object_component id="oc-187">
         <name>.debug_info</name>
         <load_address>0x45e6</load_address>
         <run_address>0x45e6</run_address>
         <size>0x122</size>
         <input_file_ref idref="fl-61"/>
      </object_component>
      <object_component id="oc-18d">
         <name>.debug_info</name>
         <load_address>0x4708</load_address>
         <run_address>0x4708</run_address>
         <size>0x213</size>
         <input_file_ref idref="fl-62"/>
      </object_component>
      <object_component id="oc-193">
         <name>.debug_info</name>
         <load_address>0x491b</load_address>
         <run_address>0x491b</run_address>
         <size>0x290</size>
         <input_file_ref idref="fl-63"/>
      </object_component>
      <object_component id="oc-199">
         <name>.debug_info</name>
         <load_address>0x4bab</load_address>
         <run_address>0x4bab</run_address>
         <size>0x178</size>
         <input_file_ref idref="fl-64"/>
      </object_component>
      <object_component id="oc-19f">
         <name>.debug_info</name>
         <load_address>0x4d23</load_address>
         <run_address>0x4d23</run_address>
         <size>0x1dd</size>
         <input_file_ref idref="fl-65"/>
      </object_component>
      <object_component id="oc-1a7">
         <name>.debug_info</name>
         <load_address>0x4f00</load_address>
         <run_address>0x4f00</run_address>
         <size>0x1dd</size>
         <input_file_ref idref="fl-66"/>
      </object_component>
      <object_component id="oc-1ab">
         <name>.debug_info</name>
         <load_address>0x50dd</load_address>
         <run_address>0x50dd</run_address>
         <size>0x15e</size>
         <input_file_ref idref="fl-10"/>
      </object_component>
      <object_component id="oc-1b2">
         <name>.debug_info</name>
         <load_address>0x523b</load_address>
         <run_address>0x523b</run_address>
         <size>0x12c</size>
         <input_file_ref idref="fl-67"/>
      </object_component>
      <object_component id="oc-1ba">
         <name>.debug_info</name>
         <load_address>0x5367</load_address>
         <run_address>0x5367</run_address>
         <size>0x145</size>
         <input_file_ref idref="fl-68"/>
      </object_component>
      <object_component id="oc-1c1">
         <name>.debug_info</name>
         <load_address>0x54ac</load_address>
         <run_address>0x54ac</run_address>
         <size>0x141</size>
         <input_file_ref idref="fl-7"/>
      </object_component>
      <object_component id="oc-1c7">
         <name>.debug_info</name>
         <load_address>0x55ed</load_address>
         <run_address>0x55ed</run_address>
         <size>0x108</size>
         <input_file_ref idref="fl-7"/>
      </object_component>
      <object_component id="oc-1cd">
         <name>.debug_info</name>
         <load_address>0x56f5</load_address>
         <run_address>0x56f5</run_address>
         <size>0x234</size>
         <input_file_ref idref="fl-7"/>
      </object_component>
      <object_component id="oc-1d3">
         <name>.debug_info</name>
         <load_address>0x5929</load_address>
         <run_address>0x5929</run_address>
         <size>0xe3</size>
         <input_file_ref idref="fl-7"/>
      </object_component>
      <object_component id="oc-1d6">
         <name>.debug_info</name>
         <load_address>0x5a0c</load_address>
         <run_address>0x5a0c</run_address>
         <size>0x295</size>
         <input_file_ref idref="fl-7"/>
      </object_component>
      <object_component id="oc-1e0">
         <name>.debug_info</name>
         <load_address>0x5ca1</load_address>
         <run_address>0x5ca1</run_address>
         <size>0x139</size>
         <input_file_ref idref="fl-7"/>
      </object_component>
      <object_component id="oc-1e8">
         <name>.debug_info</name>
         <load_address>0x5dda</load_address>
         <run_address>0x5dda</run_address>
         <size>0x158</size>
         <input_file_ref idref="fl-7"/>
      </object_component>
      <object_component id="oc-1ee">
         <name>.debug_info</name>
         <load_address>0x5f32</load_address>
         <run_address>0x5f32</run_address>
         <size>0x1c0</size>
         <input_file_ref idref="fl-7"/>
      </object_component>
      <object_component id="oc-1f4">
         <name>.debug_info</name>
         <load_address>0x60f2</load_address>
         <run_address>0x60f2</run_address>
         <size>0x12b</size>
         <input_file_ref idref="fl-7"/>
      </object_component>
      <object_component id="oc-1fa">
         <name>.debug_info</name>
         <load_address>0x621d</load_address>
         <run_address>0x621d</run_address>
         <size>0x228</size>
         <input_file_ref idref="fl-7"/>
      </object_component>
      <object_component id="oc-200">
         <name>.debug_info</name>
         <load_address>0x6445</load_address>
         <run_address>0x6445</run_address>
         <size>0x214</size>
         <input_file_ref idref="fl-7"/>
      </object_component>
      <object_component id="oc-206">
         <name>.debug_info</name>
         <load_address>0x6659</load_address>
         <run_address>0x6659</run_address>
         <size>0x259</size>
         <input_file_ref idref="fl-7"/>
      </object_component>
      <object_component id="oc-20c">
         <name>.debug_info</name>
         <load_address>0x68b2</load_address>
         <run_address>0x68b2</run_address>
         <size>0x332</size>
         <input_file_ref idref="fl-7"/>
      </object_component>
      <object_component id="oc-212">
         <name>.debug_info</name>
         <load_address>0x6be4</load_address>
         <run_address>0x6be4</run_address>
         <size>0x204</size>
         <input_file_ref idref="fl-7"/>
      </object_component>
      <object_component id="oc-218">
         <name>.debug_info</name>
         <load_address>0x6de8</load_address>
         <run_address>0x6de8</run_address>
         <size>0x132</size>
         <input_file_ref idref="fl-7"/>
      </object_component>
      <object_component id="oc-22f">
         <name>.debug_info</name>
         <load_address>0x6f1a</load_address>
         <run_address>0x6f1a</run_address>
         <size>0x46</size>
         <input_file_ref idref="fl-3"/>
      </object_component>
      <object_component id="oc-234">
         <name>.debug_info</name>
         <load_address>0x6f60</load_address>
         <run_address>0x6f60</run_address>
         <size>0x2c</size>
         <input_file_ref idref="fl-3"/>
      </object_component>
      <object_component id="oc-239">
         <name>.debug_info</name>
         <load_address>0x6f8c</load_address>
         <run_address>0x6f8c</run_address>
         <size>0xae</size>
         <input_file_ref idref="fl-3"/>
      </object_component>
      <object_component id="oc-23f">
         <name>.debug_info</name>
         <load_address>0x703a</load_address>
         <run_address>0x703a</run_address>
         <size>0x1fe</size>
         <input_file_ref idref="fl-f"/>
      </object_component>
      <object_component id="oc-242">
         <name>.debug_info</name>
         <load_address>0x7238</load_address>
         <run_address>0x7238</run_address>
         <size>0x2ad</size>
         <input_file_ref idref="fl-6d"/>
      </object_component>
      <object_component id="oc-247">
         <name>.debug_info</name>
         <load_address>0x74e5</load_address>
         <run_address>0x74e5</run_address>
         <size>0x4af</size>
         <input_file_ref idref="fl-6d"/>
      </object_component>
      <object_component id="oc-24d">
         <name>.debug_info</name>
         <load_address>0x7994</load_address>
         <run_address>0x7994</run_address>
         <size>0x296</size>
         <input_file_ref idref="fl-6d"/>
      </object_component>
      <object_component id="oc-255">
         <name>.debug_info</name>
         <load_address>0x7c2a</load_address>
         <run_address>0x7c2a</run_address>
         <size>0x2ee</size>
         <input_file_ref idref="fl-6a"/>
      </object_component>
      <object_component id="oc-25b">
         <name>.debug_info</name>
         <load_address>0x7f18</load_address>
         <run_address>0x7f18</run_address>
         <size>0x2ac</size>
         <input_file_ref idref="fl-6a"/>
      </object_component>
      <object_component id="oc-261">
         <name>.debug_info</name>
         <load_address>0x81c4</load_address>
         <run_address>0x81c4</run_address>
         <size>0x28b</size>
         <input_file_ref idref="fl-6a"/>
      </object_component>
      <object_component id="oc-267">
         <name>.debug_info</name>
         <load_address>0x844f</load_address>
         <run_address>0x844f</run_address>
         <size>0x347</size>
         <input_file_ref idref="fl-6a"/>
      </object_component>
      <object_component id="oc-26d">
         <name>.debug_info</name>
         <load_address>0x8796</load_address>
         <run_address>0x8796</run_address>
         <size>0x2a4</size>
         <input_file_ref idref="fl-6a"/>
      </object_component>
      <object_component id="oc-273">
         <name>.debug_info</name>
         <load_address>0x8a3a</load_address>
         <run_address>0x8a3a</run_address>
         <size>0x296</size>
         <input_file_ref idref="fl-6a"/>
      </object_component>
      <object_component id="oc-27a">
         <name>.debug_info</name>
         <load_address>0x8cd0</load_address>
         <run_address>0x8cd0</run_address>
         <size>0x39c</size>
         <input_file_ref idref="fl-69"/>
      </object_component>
      <object_component id="oc-280">
         <name>.debug_info</name>
         <load_address>0x906c</load_address>
         <run_address>0x906c</run_address>
         <size>0x254</size>
         <input_file_ref idref="fl-69"/>
      </object_component>
      <object_component id="oc-286">
         <name>.debug_info</name>
         <load_address>0x92c0</load_address>
         <run_address>0x92c0</run_address>
         <size>0x305</size>
         <input_file_ref idref="fl-69"/>
      </object_component>
      <object_component id="oc-28c">
         <name>.debug_info</name>
         <load_address>0x95c5</load_address>
         <run_address>0x95c5</run_address>
         <size>0x385</size>
         <input_file_ref idref="fl-69"/>
      </object_component>
      <object_component id="oc-292">
         <name>.debug_info</name>
         <load_address>0x994a</load_address>
         <run_address>0x994a</run_address>
         <size>0x2cd</size>
         <input_file_ref idref="fl-69"/>
      </object_component>
      <object_component id="oc-298">
         <name>.debug_info</name>
         <load_address>0x9c17</load_address>
         <run_address>0x9c17</run_address>
         <size>0x2bf</size>
         <input_file_ref idref="fl-69"/>
      </object_component>
      <object_component id="oc-29e">
         <name>.debug_info</name>
         <load_address>0x9ed6</load_address>
         <run_address>0x9ed6</run_address>
         <size>0x2e1</size>
         <input_file_ref idref="fl-69"/>
      </object_component>
      <object_component id="oc-2a4">
         <name>.debug_info</name>
         <load_address>0xa1b7</load_address>
         <run_address>0xa1b7</run_address>
         <size>0x28d</size>
         <input_file_ref idref="fl-69"/>
      </object_component>
      <object_component id="oc-2ab">
         <name>.debug_info</name>
         <load_address>0xa444</load_address>
         <run_address>0xa444</run_address>
         <size>0x2c4</size>
         <input_file_ref idref="fl-6c"/>
      </object_component>
      <object_component id="oc-2b1">
         <name>.debug_info</name>
         <load_address>0xa708</load_address>
         <run_address>0xa708</run_address>
         <size>0x260</size>
         <input_file_ref idref="fl-6c"/>
      </object_component>
      <object_component id="oc-2b7">
         <name>.debug_info</name>
         <load_address>0xa968</load_address>
         <run_address>0xa968</run_address>
         <size>0x256</size>
         <input_file_ref idref="fl-6c"/>
      </object_component>
      <object_component id="oc-2be">
         <name>.debug_info</name>
         <load_address>0xabbe</load_address>
         <run_address>0xabbe</run_address>
         <size>0x4ed</size>
         <input_file_ref idref="fl-6b"/>
      </object_component>
      <object_component id="oc-2c4">
         <name>.debug_info</name>
         <load_address>0xb0ab</load_address>
         <run_address>0xb0ab</run_address>
         <size>0x270</size>
         <input_file_ref idref="fl-6b"/>
      </object_component>
      <object_component id="oc-2ca">
         <name>.debug_info</name>
         <load_address>0xb31b</load_address>
         <run_address>0xb31b</run_address>
         <size>0x2d4</size>
         <input_file_ref idref="fl-6b"/>
      </object_component>
      <object_component id="oc-2d1">
         <name>.debug_info</name>
         <load_address>0xb5ef</load_address>
         <run_address>0xb5ef</run_address>
         <size>0x2bd</size>
         <input_file_ref idref="fl-6b"/>
      </object_component>
      <object_component id="oc-2da">
         <name>.debug_info</name>
         <load_address>0xb8ac</load_address>
         <run_address>0xb8ac</run_address>
         <size>0x2bc</size>
         <input_file_ref idref="fl-6e"/>
      </object_component>
      <object_component id="oc-2f0">
         <name>.debug_info</name>
         <load_address>0xbb68</load_address>
         <run_address>0xbb68</run_address>
         <size>0x135</size>
         <input_file_ref idref="fl-7"/>
      </object_component>
      <object_component id="oc-2f6">
         <name>.debug_info</name>
         <load_address>0xbc9d</load_address>
         <run_address>0xbc9d</run_address>
         <size>0x1d6</size>
         <input_file_ref idref="fl-7"/>
      </object_component>
      <object_component id="oc-2fc">
         <name>.debug_info</name>
         <load_address>0xbe73</load_address>
         <run_address>0xbe73</run_address>
         <size>0x176</size>
         <input_file_ref idref="fl-7"/>
      </object_component>
      <object_component id="oc-304">
         <name>.debug_info</name>
         <load_address>0xbfe9</load_address>
         <run_address>0xbfe9</run_address>
         <size>0xec</size>
         <input_file_ref idref="fl-7"/>
      </object_component>
      <object_component id="oc-308">
         <name>.debug_info</name>
         <load_address>0xc0d5</load_address>
         <run_address>0xc0d5</run_address>
         <size>0xea</size>
         <input_file_ref idref="fl-7"/>
      </object_component>
      <object_component id="oc-30d">
         <name>.debug_info</name>
         <load_address>0xc1bf</load_address>
         <run_address>0xc1bf</run_address>
         <size>0x100</size>
         <input_file_ref idref="fl-7"/>
      </object_component>
      <object_component id="oc-310">
         <name>.debug_info</name>
         <load_address>0xc2bf</load_address>
         <run_address>0xc2bf</run_address>
         <size>0x192</size>
         <input_file_ref idref="fl-7"/>
      </object_component>
      <object_component id="oc-316">
         <name>.debug_info</name>
         <load_address>0xc451</load_address>
         <run_address>0xc451</run_address>
         <size>0x16b</size>
         <input_file_ref idref="fl-7"/>
      </object_component>
      <object_component id="oc-31c">
         <name>.debug_info</name>
         <load_address>0xc5bc</load_address>
         <run_address>0xc5bc</run_address>
         <size>0x179</size>
         <input_file_ref idref="fl-7"/>
      </object_component>
      <object_component id="oc-322">
         <name>.debug_info</name>
         <load_address>0xc735</load_address>
         <run_address>0xc735</run_address>
         <size>0xec</size>
         <input_file_ref idref="fl-7"/>
      </object_component>
      <object_component id="oc-325">
         <name>.debug_info</name>
         <load_address>0xc821</load_address>
         <run_address>0xc821</run_address>
         <size>0x1d5</size>
         <input_file_ref idref="fl-7"/>
      </object_component>
      <object_component id="oc-32c">
         <name>.debug_info</name>
         <load_address>0xc9f6</load_address>
         <run_address>0xc9f6</run_address>
         <size>0xe6</size>
         <input_file_ref idref="fl-7"/>
      </object_component>
      <object_component id="oc-331">
         <name>.debug_info</name>
         <load_address>0xcadc</load_address>
         <run_address>0xcadc</run_address>
         <size>0xf0</size>
         <input_file_ref idref="fl-7"/>
      </object_component>
      <object_component id="oc-334">
         <name>.debug_info</name>
         <load_address>0xcbcc</load_address>
         <run_address>0xcbcc</run_address>
         <size>0xf4</size>
         <input_file_ref idref="fl-7"/>
      </object_component>
      <object_component id="oc-338">
         <name>.debug_info</name>
         <load_address>0xccc0</load_address>
         <run_address>0xccc0</run_address>
         <size>0x18b</size>
         <input_file_ref idref="fl-3"/>
      </object_component>
      <object_component id="oc-341">
         <name>.debug_info</name>
         <load_address>0xce4b</load_address>
         <run_address>0xce4b</run_address>
         <size>0x2dd</size>
         <input_file_ref idref="fl-6d"/>
      </object_component>
      <object_component id="oc-349">
         <name>.debug_info</name>
         <load_address>0xd128</load_address>
         <run_address>0xd128</run_address>
         <size>0x182</size>
         <input_file_ref idref="fl-6a"/>
      </object_component>
      <object_component id="oc-34d">
         <name>.debug_info</name>
         <load_address>0xd2aa</load_address>
         <run_address>0xd2aa</run_address>
         <size>0x8b</size>
         <input_file_ref idref="fl-62"/>
      </object_component>
      <object_component id="oc-371">
         <name>.debug_info</name>
         <load_address>0xd335</load_address>
         <run_address>0xd335</run_address>
         <size>0x13f</size>
         <input_file_ref idref="fl-7"/>
      </object_component>
      <object_component id="oc-3e7">
         <name>.debug_info</name>
         <load_address>0xd474</load_address>
         <run_address>0xd474</run_address>
         <size>0xb8</size>
      </object_component>
      <object_component id="oc-82">
         <name>.debug_pubnames</name>
         <load_address>0x0</load_address>
         <run_address>0x0</run_address>
         <size>0x26</size>
         <input_file_ref idref="fl-d"/>
      </object_component>
      <object_component id="oc-8e">
         <name>.debug_pubnames</name>
         <load_address>0x26</load_address>
         <run_address>0x26</run_address>
         <size>0x2b</size>
         <input_file_ref idref="fl-41"/>
      </object_component>
      <object_component id="oc-95">
         <name>.debug_pubnames</name>
         <load_address>0x51</load_address>
         <run_address>0x51</run_address>
         <size>0x25</size>
         <input_file_ref idref="fl-43"/>
      </object_component>
      <object_component id="oc-9a">
         <name>.debug_pubnames</name>
         <load_address>0x76</load_address>
         <run_address>0x76</run_address>
         <size>0x2c</size>
         <input_file_ref idref="fl-42"/>
      </object_component>
      <object_component id="oc-9f">
         <name>.debug_pubnames</name>
         <load_address>0xa2</load_address>
         <run_address>0xa2</run_address>
         <size>0x51</size>
         <input_file_ref idref="fl-3"/>
      </object_component>
      <object_component id="oc-a2">
         <name>.debug_pubnames</name>
         <load_address>0xf3</load_address>
         <run_address>0xf3</run_address>
         <size>0x1d</size>
         <input_file_ref idref="fl-d"/>
      </object_component>
      <object_component id="oc-a7">
         <name>.debug_pubnames</name>
[...]
      <symbol id="sm-4b3">
         <name>new_parameters_loaded</name>
         <value>0xff12</value>
         <object_component_ref idref="oc-12b"/>
      </symbol>
      <symbol id="sm-4b4">
         <name>error_code</name>
         <value>0xfe90</value>
         <object_component_ref idref="oc-12b"/>
      </symbol>
      <symbol id="sm-4b5">
         <name>new_settings</name>
         <value>0x1d00</value>
         <object_component_ref idref="oc-140"/>
      </symbol>
      <symbol id="sm-4b6">
         <name>records</name>
         <value>0xe080</value>
         <object_component_ref idref="oc-1df"/>
      </symbol>
      <symbol id="sm-4b7">
         <name>sensor_error</name>
         <value>0x1d09</value>
         <object_component_ref idref="oc-140"/>
      </symbol>
      <symbol id="sm-4b8">
         <name>last_day_count</name>
         <value>0xfe8e</value>
         <object_component_ref idref="oc-12b"/>
      </symbol>
      <symbol id="sm-4b9">
         <name>sensor_plugged_in</name>
         <value>0x1d08</value>
         <object_component_ref idref="oc-140"/>
      </symbol>
      <symbol id="sm-4ba">
         <name>nest_ID</name>
         <value>0xfe92</value>
         <object_component_ref idref="oc-12b"/>
      </symbol>
      <symbol id="sm-4bb">
         <name>messages</name>
         <value>0x1c00</value>
         <object_component_ref idref="oc-1d2"/>
      </symbol>
      <symbol id="sm-4bc">
         <name>parameters</name>
         <value>0xfec2</value>
         <object_component_ref idref="oc-12b"/>
      </symbol>
      <symbol id="sm-4cd">
         <name>_stack</name>
         <value>0x1fc0</value>
         <object_component_ref idref="oc-a0"/>
      </symbol>
      <symbol id="sm-4ce">
         <name>_reset_vector</name>
         <value>0xfffe</value>
         <object_component_ref idref="oc-a3"/>
      </symbol>
      <symbol id="sm-4f5">
         <name>__TI_int51</name>
         <value>0xfff6</value>
         <object_component_ref idref="oc-87"/>
      </symbol>
      <symbol id="sm-560">
         <name>__TI_int31</name>
         <value>0xffce</value>
         <object_component_ref idref="oc-6d"/>
      </symbol>
      <symbol id="sm-563">
         <name>__TI_int32</name>
         <value>0xffd0</value>
         <object_component_ref idref="oc-6e"/>
      </symbol>
      <symbol id="sm-566">
         <name>__TI_int33</name>
         <value>0xffd2</value>
         <object_component_ref idref="oc-6f"/>
      </symbol>
      <symbol id="sm-569">
         <name>__TI_int34</name>
         <value>0xffd4</value>
         <object_component_ref idref="oc-70"/>
      </symbol>
      <symbol id="sm-56c">
         <name>__TI_int35</name>
         <value>0xffd6</value>
         <object_component_ref idref="oc-71"/>
      </symbol>
      <symbol id="sm-56f">
         <name>__TI_int36</name>
         <value>0xffd8</value>
         <object_component_ref idref="oc-72"/>
      </symbol>
      <symbol id="sm-572">
         <name>__TI_int37</name>
         <value>0xffda</value>
         <object_component_ref idref="oc-73"/>
      </symbol>
      <symbol id="sm-575">
         <name>__TI_int38</name>
         <value>0xffdc</value>
         <object_component_ref idref="oc-74"/>
      </symbol>
      <symbol id="sm-578">
         <name>__TI_int39</name>
         <value>0xffde</value>
         <object_component_ref idref="oc-75"/>
      </symbol>
      <symbol id="sm-57b">
         <name>__TI_int40</name>
         <value>0xffe0</value>
         <object_component_ref idref="oc-76"/>
      </symbol>
      <symbol id="sm-57e">
         <name>__TI_int41</name>
         <value>0xffe2</value>
         <object_component_ref idref="oc-77"/>
      </symbol>
      <symbol id="sm-581">
         <name>__TI_int42</name>
         <value>0xffe4</value>
         <object_component_ref idref="oc-78"/>
      </symbol>
      <symbol id="sm-584">
         <name>__TI_int43</name>
         <value>0xffe6</value>
         <object_component_ref idref="oc-79"/>
      </symbol>
      <symbol id="sm-587">
         <name>__TI_int44</name>
         <value>0xffe8</value>
         <object_component_ref idref="oc-7a"/>
      </symbol>
      <symbol id="sm-58a">
         <name>__TI_int45</name>
         <value>0xffea</value>
         <object_component_ref idref="oc-7b"/>
      </symbol>
      <symbol id="sm-58d">
         <name>__TI_int46</name>
         <value>0xffec</value>
         <object_component_ref idref="oc-7c"/>
      </symbol>
      <symbol id="sm-590">
         <name>__TI_int47</name>
         <value>0xffee</value>
         <object_component_ref idref="oc-7d"/>
      </symbol>
      <symbol id="sm-593">
         <name>__TI_int48</name>
         <value>0xfff0</value>
         <object_component_ref idref="oc-7e"/>
      </symbol>
      <symbol id="sm-596">
         <name>__TI_int49</name>
         <value>0xfff2</value>
         <object_component_ref idref="oc-7f"/>
      </symbol>
      <symbol id="sm-599">
         <name>__TI_int50</name>
         <value>0xfff4</value>
         <object_component_ref idref="oc-86"/>
      </symbol>
      <symbol id="sm-59c">
         <name>__TI_int52</name>
         <value>0xfff8</value>
         <object_component_ref idref="oc-88"/>
      </symbol>
      <symbol id="sm-59f">
         <name>__TI_int53</name>
         <value>0xfffa</value>
         <object_component_ref idref="oc-89"/>
      </symbol>
      <symbol id="sm-5a2">
         <name>__TI_int54</name>
         <value>0xfffc</value>
         <object_component_ref idref="oc-8a"/>
      </symbol>
      <symbol id="sm-68a">
         <name>CS_XT2ClockFrequency</name>
         <value>0x1d10</value>
         <object_component_ref idref="oc-348"/>
      </symbol>
      <symbol id="sm-68b">
         <name>CS_XT1ClockFrequency</name>
         <value>0x1d0c</value>
         <object_component_ref idref="oc-348"/>
      </symbol>
      <symbol id="sm-6f8">
         <name>ti_catalog_msp430_init_Boot_init</name>
         <value>0xdf94</value>
         <object_component_ref idref="oc-fa"/>
      </symbol>
      <symbol id="sm-6f9">
         <name>xdc_runtime_Startup_reset__I</name>
         <value>0xdfda</value>
         <object_component_ref idref="oc-a9"/>
      </symbol>
      <symbol id="sm-6fa">
         <name>send_byte</name>
         <value>0xde54</value>
         <object_component_ref idref="oc-315"/>
      </symbol>
      <symbol id="sm-6fb">
         <name>send_integer</name>
         <value>0xdf12</value>
         <object_component_ref idref="oc-31b"/>
      </symbol>
      <symbol id="sm-6fc">
         <name>sensor_connection</name>
         <value>0xdb84</value>
         <object_component_ref idref="oc-143"/>
      </symbol>
      <symbol id="sm-6fd">
         <name>reset_phone_UART</name>
         <value>0xdd5e</value>
         <object_component_ref idref="oc-2ef"/>
      </symbol>
      <symbol id="sm-6fe">
         <name>contact_sensor</name>
         <value>0xdaf6</value>
         <object_component_ref idref="oc-119"/>
      </symbol>
      <symbol id="sm-6ff">
         <name>start_up</name>
         <value>0xc956</value>
         <object_component_ref idref="oc-113"/>
      </symbol>
      <symbol id="sm-700">
         <name>readBattery</name>
         <value>0xd3fc</value>
         <object_component_ref idref="oc-1c0"/>
      </symbol>
      <symbol id="sm-701">
         <name>watchdog_reset</name>
         <value>0xde98</value>
         <object_component_ref idref="oc-14f"/>
      </symbol>
      <symbol id="sm-702">
         <name>ascii2int</name>
         <value>0xda60</value>
         <object_component_ref idref="oc-1ff"/>
      </symbol>
      <symbol id="sm-703">
         <name>set_report_frequency</name>
         <value>0xd910</value>
         <object_component_ref idref="oc-134"/>
      </symbol>
      <symbol id="sm-704">
         <name>ATresponse</name>
         <value>0xdaac</value>
         <object_component_ref idref="oc-2fb"/>
      </symbol>
      <symbol id="sm-705">
         <name>main</name>
         <value>0xd196</value>
         <object_component_ref idref="oc-bb"/>
      </symbol>
      <symbol id="sm-706">
         <name>get_new_parameters</name>
         <value>0xcb88</value>
         <object_component_ref idref="oc-211"/>
      </symbol>
      <symbol id="sm-707">
         <name>blink</name>
         <value>0xde82</value>
         <object_component_ref idref="oc-10d"/>
      </symbol>
      <symbol id="sm-708">
         <name>sendMessage</name>
         <value>0xd8b6</value>
         <object_component_ref idref="oc-2f5"/>
      </symbol>
      <symbol id="sm-709">
         <name>move_string</name>
         <value>0xdc06</value>
         <object_component_ref idref="oc-1d5"/>
      </symbol>
      <symbol id="sm-70a">
         <name>phone_it_in</name>
         <value>0xca70</value>
         <object_component_ref idref="oc-13a"/>
      </symbol>
      <symbol id="sm-70b">
         <name>wait</name>
         <value>0xdc9e</value>
         <object_component_ref idref="oc-12e"/>
      </symbol>
      <symbol id="sm-70c">
         <name>send_report</name>
         <value>0xc800</value>
         <object_component_ref idref="oc-20b"/>
      </symbol>
      <symbol id="sm-70d">
         <name>phone_on</name>
         <value>0xcf9a</value>
         <object_component_ref idref="oc-1e7"/>
      </symbol>
      <symbol id="sm-70e">
         <name>int2ascii</name>
         <value>0xd6bc</value>
         <object_component_ref idref="oc-205"/>
      </symbol>
      <symbol id="sm-70f">
         <name>phone_off</name>
         <value>0xda12</value>
         <object_component_ref idref="oc-217"/>
      </symbol>
      <symbol id="sm-710">
         <name>makeConnection</name>
         <value>0xd7fc</value>
         <object_component_ref idref="oc-1ed"/>
      </symbol>
      <symbol id="sm-711">
         <name>report_record_data</name>
         <value>0xd36e</value>
         <object_component_ref idref="oc-324"/>
      </symbol>
      <symbol id="sm-712">
         <name>await_connection</name>
         <value>0xdcee</value>
         <object_component_ref idref="oc-149"/>
      </symbol>
      <symbol id="sm-713">
         <name>transfer_string</name>
         <value>0xd4f6</value>
         <object_component_ref idref="oc-1cc"/>
      </symbol>
      <symbol id="sm-714">
         <name>send_nibble</name>
         <value>0xdde8</value>
         <object_component_ref idref="oc-370"/>
      </symbol>
      <symbol id="sm-715">
         <name>set_time</name>
         <value>0xcd48</value>
         <object_component_ref idref="oc-1f9"/>
      </symbol>
      <symbol id="sm-716">
         <name>power_down</name>
         <value>0xdd14</value>
         <object_component_ref idref="oc-1c6"/>
      </symbol>
      <symbol id="sm-717">
         <name>SS_receive_records</name>
         <value>0xd482</value>
         <object_component_ref idref="oc-125"/>
      </symbol>
      <symbol id="sm-718">
         <name>SS_command</name>
         <value>0xd56a</value>
         <object_component_ref idref="oc-11f"/>
      </symbol>
      <symbol id="sm-719">
         <name>do_script</name>
         <value>0xdc6e</value>
         <object_component_ref idref="oc-30f"/>
      </symbol>
      <symbol id="sm-71a">
         <name>sleep</name>
         <value>0xdf5c</value>
         <object_component_ref idref="oc-1f3"/>
      </symbol>
      <symbol id="sm-71b">
         <name>_c_int00_noexit</name>
         <value>0xdcc8</value>
         <object_component_ref idref="oc-80"/>
      </symbol>
      <symbol id="sm-71c">
         <name>_c_int00</name>
         <value>0xdcc8</value>
         <object_component_ref idref="oc-80"/>
      </symbol>
      <symbol id="sm-71d">
         <name>_system_pre_init</name>
         <value>0xdfe0</value>
         <object_component_ref idref="oc-af"/>
      </symbol>
      <symbol id="sm-71e">
         <name>ti_catalog_msp430_init_Boot_disableWatchdog</name>
         <value>0xdf9e</value>
         <object_component_ref idref="oc-172"/>
      </symbol>
      <symbol id="sm-71f">
         <name>InterruptVectors_graceInit</name>
         <value>0xdfe8</value>
         <object_component_ref idref="oc-1aa"/>
      </symbol>
      <symbol id="sm-720">
         <name>TIMER0_B0_ISR_HOOK</name>
         <value>0xd85a</value>
         <object_component_ref idref="oc-cd"/>
      </symbol>
      <symbol id="sm-721">
         <name>__TI_args_main</name>
         <value>0x1</value>
      </symbol>
      <symbol id="sm-722">
         <name>__TI_INITARRAY_Base</name>
         <value>0x0</value>
      </symbol>
      <symbol id="sm-723">
         <name>__TI_INITARRAY_Limit</name>
         <value>0x0</value>
      </symbol>
      <symbol id="sm-724">
         <name>_auto_init_hold_wdt</name>
         <value>0xd72c</value>
         <object_component_ref idref="oc-b5"/>
      </symbol>
      <symbol id="sm-725">
         <name>__TI_decompress_none</name>
         <value>0xdf4a</value>
         <object_component_ref idref="oc-8b"/>
      </symbol>
      <symbol id="sm-726">
         <name>__TI_decompress_rle24</name>
         <value>0xdfd4</value>
         <object_component_ref idref="oc-97"/>
      </symbol>
      <symbol id="sm-727">
         <name>__TI_zero_init</name>
         <value>0xdd3a</value>
         <object_component_ref idref="oc-91"/>
      </symbol>
      <symbol id="sm-728">
         <name>C$$EXIT</name>
         <value>0xdfe4</value>
         <object_component_ref idref="oc-c1"/>
      </symbol>
      <symbol id="sm-729">
         <name>abort</name>
         <value>0xdfe4</value>
         <object_component_ref idref="oc-c1"/>
      </symbol>
      <symbol id="sm-72a">
         <name>__TI_exit</name>
         <value>0x1</value>
      </symbol>
      <symbol id="sm-72b">
         <name>__TI_ISR_TRAP</name>
         <value>0xdfce</value>
         <object_component_ref idref="oc-a4"/>
      </symbol>
      <symbol id="sm-72c">
         <name>memcpy</name>
         <value>0xdefe</value>
         <object_component_ref idref="oc-d3"/>
      </symbol>
      <symbol id="sm-72d">
         <name>Grace_init</name>
         <value>0xdc3c</value>
         <object_component_ref idref="oc-104"/>
      </symbol>
      <symbol id="sm-72e">
         <name>Timer0_B3_graceInit</name>
         <value>0xdb3e</value>
         <object_component_ref idref="oc-180"/>
      </symbol>
      <symbol id="sm-72f">
         <name>GPIO_graceInit</name>
         <value>0xd2d2</value>
         <object_component_ref idref="oc-186"/>
      </symbol>
      <symbol id="sm-730">
         <name>CS_graceInit</name>
         <value>0xd0f0</value>
         <object_component_ref idref="oc-18c"/>
      </symbol>
      <symbol id="sm-731">
         <name>ADC10_B_graceInit</name>
         <value>0xd236</value>
         <object_component_ref idref="oc-192"/>
      </symbol>
      <symbol id="sm-732">
         <name>REF_graceInit</name>
         <value>0xddc6</value>
         <object_component_ref idref="oc-198"/>
      </symbol>
      <symbol id="sm-733">
         <name>EUSCI_A0_graceInit</name>
         <value>0xd5dc</value>
         <object_component_ref idref="oc-19e"/>
      </symbol>
      <symbol id="sm-734">
         <name>EUSCI_A1_graceInit</name>
         <value>0xd64c</value>
         <object_component_ref idref="oc-1a4"/>
      </symbol>
      <symbol id="sm-735">
         <name>System_graceInit</name>
         <value>0xdfae</value>
         <object_component_ref idref="oc-1b0"/>
      </symbol>
      <symbol id="sm-736">
         <name>WDT_A_graceInit</name>
         <value>0xdf38</value>
         <object_component_ref idref="oc-1b6"/>
      </symbol>
      <symbol id="sm-737">
         <name>ADC10_B_setupSamplingTimer</name>
         <value>0xde08</value>
         <object_component_ref idref="oc-285"/>
      </symbol>
      <symbol id="sm-738">
         <name>ADC10_B_setSampleHoldSignalInversion</name>
         <value>0xde6c</value>
         <object_component_ref idref="oc-291"/>
      </symbol>
      <symbol id="sm-739">
         <name>ADC10_B_enable</name>
         <value>0xdfa6</value>
         <object_component_ref idref="oc-27f"/>
      </symbol>
      <symbol id="sm-73a">
         <name>ADC10_B_memoryConfigure</name>
         <value>0xdf26</value>
         <object_component_ref idref="oc-28b"/>
      </symbol>
      <symbol id="sm-73b">
         <name>ADC10_B_init</name>
         <value>0xd9c0</value>
         <object_component_ref idref="oc-279"/>
      </symbol>
      <symbol id="sm-73c">
         <name>ADC10_B_setReferenceBufferSamplingRate</name>
         <value>0xdec2</value>
         <object_component_ref idref="oc-29d"/>
      </symbol>
      <symbol id="sm-73d">
         <name>ADC10_B_setDataReadBackFormat</name>
         <value>0xdeae</value>
         <object_component_ref idref="oc-297"/>
      </symbol>
      <symbol id="sm-73e">
         <name>ADC10_B_disableInterrupt</name>
         <value>0xdf6e</value>
         <object_component_ref idref="oc-2a3"/>
      </symbol>
      <symbol id="sm-73f">
         <name>CS_setDCOFreq</name>
         <value>0xde3c</value>
         <object_component_ref idref="oc-260"/>
      </symbol>
      <symbol id="sm-740">
         <name>CS_clearAllOscFlagsWithTimeout</name>
         <value>0xdbca</value>
         <object_component_ref idref="oc-26c"/>
      </symbol>
      <symbol id="sm-741">
         <name>CS_disableClockRequest</name>
         <value>0xde22</value>
         <object_component_ref idref="oc-272"/>
      </symbol>
      <symbol id="sm-742">
         <name>CS_XT1StartWithTimeout</name>
         <value>0xce16</value>
         <object_component_ref idref="oc-25a"/>
      </symbol>
      <symbol id="sm-743">
         <name>CS_setExternalClockSource</name>
         <value>0xdd82</value>
         <object_component_ref idref="oc-254"/>
      </symbol>
      <symbol id="sm-744">
         <name>CS_clockSignalInit</name>
         <value>0xceda</value>
         <object_component_ref idref="oc-266"/>
      </symbol>
      <symbol id="sm-745">
         <name>EUSCI_A_UART_enable</name>
         <value>0xdfb6</value>
         <object_component_ref idref="oc-2c3"/>
      </symbol>
      <symbol id="sm-746">
         <name>EUSCI_A_UART_selectDeglitchTime</name>
         <value>0xded6</value>
         <object_component_ref idref="oc-2c9"/>
      </symbol>
      <symbol id="sm-747">
         <name>EUSCI_A_UART_disableInterrupt</name>
         <value>0xdda4</value>
         <object_component_ref idref="oc-2cf"/>
      </symbol>
      <symbol id="sm-748">
         <name>EUSCI_A_UART_initAdvance</name>
         <value>0xd046</value>
         <object_component_ref idref="oc-2bd"/>
      </symbol>
      <symbol id="sm-749">
         <name>REF_setReferenceVoltage</name>
         <value>0xdf7c</value>
         <object_component_ref idref="oc-2aa"/>
      </symbol>
      <symbol id="sm-74a">
         <name>REF_enableReferenceVoltage</name>
         <value>0xdfc2</value>
         <object_component_ref idref="oc-2b0"/>
      </symbol>
      <symbol id="sm-74b">
         <name>REF_disableTempSensor</name>
         <value>0xdfbc</value>
         <object_component_ref idref="oc-2b6"/>
      </symbol>
      <symbol id="sm-74c">
         <name>TIMER_B_selectCounterLength</name>
         <value>0xdf88</value>
         <object_component_ref idref="oc-240"/>
      </symbol>
      <symbol id="sm-74d">
         <name>TIMER_B_configureUpMode</name>
         <value>0xd96a</value>
         <object_component_ref idref="oc-246"/>
      </symbol>
      <symbol id="sm-74e">
         <name>TIMER_B_startCounter</name>
         <value>0xdfc8</value>
         <object_component_ref idref="oc-24c"/>
      </symbol>
      <symbol id="sm-74f">
         <name>WDT_A_watchdogTimerInit</name>
         <value>0xdeea</value>
         <object_component_ref idref="oc-2d9"/>
      </symbol>
   </symbol_table>
   <title>Link successful</title>
</link_info>
