<?xml version="1.0"?>
<link_info>
   <banner>MSP430 Linker PC v4.2.3</banner>
   <copyright>Copyright (c) 2003-2013 Texas Instruments Incorporated</copyright>
   <link_time>0x538bbc66</link_time>
   <link_errors>0x0</link_errors>
   <output_file>Comm Head v0.25.out</output_file>
   <entry_point>
      <name>_c_int00</name>
      <address>0xdb8c</address>
   </entry_point>
   <input_file_list>
      <input_file id="fl-3">
         <path>C:\Users\sam_000\Dropbox\Turtle Sense\TI workspace\Comm Head v0.25\Debug\configPkg\package\cfg\</path>
         <kind>object</kind>
         <file>main_pe430X.oe430X</file>
         <name>main_pe430X.oe430X</name>
      </input_file>
      <input_file id="fl-7">
         <path>.\</path>
         <kind>object</kind>
         <file>main.obj</file>
         <name>main.obj</name>
      </input_file>
      <input_file id="fl-d">
         <path>C:\ti\grace_2_20_02_32\packages\ti\targets\msp430\rts430\lib\</path>
         <kind>archive</kind>
         <file>ti.targets.msp430.rts430.ae430X</file>
         <name>boot.oe430X</name>
      </input_file>
      <input_file id="fl-e">
         <path>C:\ti\grace_2_20_02_32\packages\ti\targets\msp430\rts430\lib\</path>
         <kind>archive</kind>
         <file>ti.targets.msp430.rts430.ae430X</file>
         <name>pre_init.oe430X</name>
      </input_file>
      <input_file id="fl-f">
         <path>C:\ti\grace_2_20_02_32\packages\ti\catalog\msp430\init\lib\</path>
         <kind>archive</kind>
         <file>ti.catalog.msp430.init.ae430X</file>
         <name>Boot.oe430X</name>
      </input_file>
      <input_file id="fl-10">
         <path>C:\Users\sam_000\Dropbox\TURTLE~1\TIWORK~1\COMMHE~1.25\src\grace\</path>
         <kind>archive</kind>
         <file>grace.lib</file>
         <name>InterruptVectors_init.obj</name>
      </input_file>
      <input_file id="fl-3f">
         <path>C:\ti\ccsv5\tools\compiler\msp430_4.2.3\lib\</path>
         <kind>archive</kind>
         <file>rts430x_lc_rd_eabi.lib</file>
         <name>args_main.obj</name>
      </input_file>
      <input_file id="fl-40">
         <path>C:\ti\ccsv5\tools\compiler\msp430_4.2.3\lib\</path>
         <kind>archive</kind>
         <file>rts430x_lc_rd_eabi.lib</file>
         <name>autoinit.obj</name>
      </input_file>
      <input_file id="fl-41">
         <path>C:\ti\ccsv5\tools\compiler\msp430_4.2.3\lib\</path>
         <kind>archive</kind>
         <file>rts430x_lc_rd_eabi.lib</file>
         <name>copy_decompress_none.obj</name>
      </input_file>
      <input_file id="fl-42">
         <path>C:\ti\ccsv5\tools\compiler\msp430_4.2.3\lib\</path>
         <kind>archive</kind>
         <file>rts430x_lc_rd_eabi.lib</file>
         <name>copy_decompress_rle.obj</name>
      </input_file>
      <input_file id="fl-43">
         <path>C:\ti\ccsv5\tools\compiler\msp430_4.2.3\lib\</path>
         <kind>archive</kind>
         <file>rts430x_lc_rd_eabi.lib</file>
         <name>copy_zero_init.obj</name>
      </input_file>
      <input_file id="fl-44">
         <path>C:\ti\ccsv5\tools\compiler\msp430_4.2.3\lib\</path>
         <kind>archive</kind>
         <file>rts430x_lc_rd_eabi.lib</file>
         <name>exit.obj</name>
      </input_file>
      <input_file id="fl-45">
         <path>C:\ti\ccsv5\tools\compiler\msp430_4.2.3\lib\</path>
         <kind>archive</kind>
         <file>rts430x_lc_rd_eabi.lib</file>
         <name>int31.obj</name>
      </input_file>
      <input_file id="fl-46">
         <path>C:\ti\ccsv5\tools\compiler\msp430_4.2.3\lib\</path>
         <kind>archive</kind>
         <file>rts430x_lc_rd_eabi.lib</file>
         <name>int32.obj</name>
      </input_file>
      <input_file id="fl-47">
         <path>C:\ti\ccsv5\tools\compiler\msp430_4.2.3\lib\</path>
         <kind>archive</kind>
         <file>rts430x_lc_rd_eabi.lib</file>
         <name>int33.obj</name>
      </input_file>
      <input_file id="fl-48">
         <path>C:\ti\ccsv5\tools\compiler\msp430_4.2.3\lib\</path>
         <kind>archive</kind>
         <file>rts430x_lc_rd_eabi.lib</file>
         <name>int34.obj</name>
      </input_file>
      <input_file id="fl-49">
         <path>C:\ti\ccsv5\tools\compiler\msp430_4.2.3\lib\</path>
         <kind>archive</kind>
         <file>rts430x_lc_rd_eabi.lib</file>
         <name>int35.obj</name>
      </input_file>
      <input_file id="fl-4a">
         <path>C:\ti\ccsv5\tools\compiler\msp430_4.2.3\lib\</path>
         <kind>archive</kind>
         <file>rts430x_lc_rd_eabi.lib</file>
         <name>int36.obj</name>
      </input_file>
      <input_file id="fl-4b">
         <path>C:\ti\ccsv5\tools\compiler\msp430_4.2.3\lib\</path>
         <kind>archive</kind>
         <file>rts430x_lc_rd_eabi.lib</file>
         <name>int37.obj</name>
      </input_file>
      <input_file id="fl-4c">
         <path>C:\ti\ccsv5\tools\compiler\msp430_4.2.3\lib\</path>
         <kind>archive</kind>
         <file>rts430x_lc_rd_eabi.lib</file>
         <name>int38.obj</name>
      </input_file>
      <input_file id="fl-4d">
         <path>C:\ti\ccsv5\tools\compiler\msp430_4.2.3\lib\</path>
         <kind>archive</kind>
         <file>rts430x_lc_rd_eabi.lib</file>
         <name>int39.obj</name>
      </input_file>
      <input_file id="fl-4e">
         <path>C:\ti\ccsv5\tools\compiler\msp430_4.2.3\lib\</path>
         <kind>archive</kind>
         <file>rts430x_lc_rd_eabi.lib</file>
         <name>int40.obj</name>
      </input_file>
      <input_file id="fl-4f">
         <path>C:\ti\ccsv5\tools\compiler\msp430_4.2.3\lib\</path>
         <kind>archive</kind>
         <file>rts430x_lc_rd_eabi.lib</file>
         <name>int41.obj</name>
      </input_file>
      <input_file id="fl-50">
         <path>C:\ti\ccsv5\tools\compiler\msp430_4.2.3\lib\</path>
         <kind>archive</kind>
         <file>rts430x_lc_rd_eabi.lib</file>
         <name>int42.obj</name>
      </input_file>
      <input_file id="fl-51">
         <path>C:\ti\ccsv5\tools\compiler\msp430_4.2.3\lib\</path>
         <kind>archive</kind>
         <file>rts430x_lc_rd_eabi.lib</file>
         <name>int43.obj</name>
      </input_file>
      <input_file id="fl-52">
         <path>C:\ti\ccsv5\tools\compiler\msp430_4.2.3\lib\</path>
         <kind>archive</kind>
         <file>rts430x_lc_rd_eabi.lib</file>
         <name>int44.obj</name>
      </input_file>
      <input_file id="fl-53">
         <path>C:\ti\ccsv5\tools\compiler\msp430_4.2.3\lib\</path>
         <kind>archive</kind>
         <file>rts430x_lc_rd_eabi.lib</file>
         <name>int45.obj</name>
      </input_file>
      <input_file id="fl-54">
         <path>C:\ti\ccsv5\tools\compiler\msp430_4.2.3\lib\</path>
         <kind>archive</kind>
         <file>rts430x_lc_rd_eabi.lib</file>
         <name>int46.obj</name>
      </input_file>
      <input_file id="fl-55">
         <path>C:\ti\ccsv5\tools\compiler\msp430_4.2.3\lib\</path>
         <kind>archive</kind>
         <file>rts430x_lc_rd_eabi.lib</file>
         <name>int47.obj</name>
      </input_file>
      <input_file id="fl-56">
         <path>C:\ti\ccsv5\tools\compiler\msp430_4.2.3\lib\</path>
         <kind>archive</kind>
         <file>rts430x_lc_rd_eabi.lib</file>
         <name>int48.obj</name>
      </input_file>
      <input_file id="fl-57">
         <path>C:\ti\ccsv5\tools\compiler\msp430_4.2.3\lib\</path>
         <kind>archive</kind>
         <file>rts430x_lc_rd_eabi.lib</file>
         <name>int49.obj</name>
      </input_file>
      <input_file id="fl-58">
         <path>C:\ti\ccsv5\tools\compiler\msp430_4.2.3\lib\</path>
         <kind>archive</kind>
         <file>rts430x_lc_rd_eabi.lib</file>
         <name>int50.obj</name>
      </input_file>
      <input_file id="fl-59">
         <path>C:\ti\ccsv5\tools\compiler\msp430_4.2.3\lib\</path>
         <kind>archive</kind>
         <file>rts430x_lc_rd_eabi.lib</file>
         <name>int52.obj</name>
      </input_file>
      <input_file id="fl-5a">
         <path>C:\ti\ccsv5\tools\compiler\msp430_4.2.3\lib\</path>
         <kind>archive</kind>
         <file>rts430x_lc_rd_eabi.lib</file>
         <name>int53.obj</name>
      </input_file>
      <input_file id="fl-5b">
         <path>C:\ti\ccsv5\tools\compiler\msp430_4.2.3\lib\</path>
         <kind>archive</kind>
         <file>rts430x_lc_rd_eabi.lib</file>
         <name>int54.obj</name>
      </input_file>
      <input_file id="fl-5c">
         <path>C:\ti\ccsv5\tools\compiler\msp430_4.2.3\lib\</path>
         <kind>archive</kind>
         <file>rts430x_lc_rd_eabi.lib</file>
         <name>isr_trap.obj</name>
      </input_file>
      <input_file id="fl-5d">
         <path>C:\ti\ccsv5\tools\compiler\msp430_4.2.3\lib\</path>
         <kind>archive</kind>
         <file>rts430x_lc_rd_eabi.lib</file>
         <name>memcpy.obj</name>
      </input_file>
      <input_file id="fl-5e">
         <path>C:\ti\ccsv5\tools\compiler\msp430_4.2.3\lib\</path>
         <kind>archive</kind>
         <file>rts430x_lc_rd_eabi.lib</file>
         <name>_lock.obj</name>
      </input_file>
      <input_file id="fl-5f">
         <path>C:\Users\sam_000\Dropbox\TURTLE~1\TIWORK~1\COMMHE~1.25\src\grace\</path>
         <kind>archive</kind>
         <file>grace.lib</file>
         <name>Grace_init.obj</name>
      </input_file>
      <input_file id="fl-60">
         <path>C:\Users\sam_000\Dropbox\TURTLE~1\TIWORK~1\COMMHE~1.25\src\grace\</path>
         <kind>archive</kind>
         <file>grace.lib</file>
         <name>Timer0_B3_init.obj</name>
      </input_file>
      <input_file id="fl-61">
         <path>C:\Users\sam_000\Dropbox\TURTLE~1\TIWORK~1\COMMHE~1.25\src\grace\</path>
         <kind>archive</kind>
         <file>grace.lib</file>
         <name>GPIO_init.obj</name>
      </input_file>
      <input_file id="fl-62">
         <path>C:\Users\sam_000\Dropbox\TURTLE~1\TIWORK~1\COMMHE~1.25\src\grace\</path>
         <kind>archive</kind>
         <file>grace.lib</file>
         <name>CS_init.obj</name>
      </input_file>
      <input_file id="fl-63">
         <path>C:\Users\sam_000\Dropbox\TURTLE~1\TIWORK~1\COMMHE~1.25\src\grace\</path>
         <kind>archive</kind>
         <file>grace.lib</file>
         <name>ADC10_B_init.obj</name>
      </input_file>
      <input_file id="fl-64">
         <path>C:\Users\sam_000\Dropbox\TURTLE~1\TIWORK~1\COMMHE~1.25\src\grace\</path>
         <kind>archive</kind>
         <file>grace.lib</file>
         <name>REF_init.obj</name>
      </input_file>
      <input_file id="fl-65">
         <path>C:\Users\sam_000\Dropbox\TURTLE~1\TIWORK~1\COMMHE~1.25\src\grace\</path>
         <kind>archive</kind>
         <file>grace.lib</file>
         <name>EUSCI_A0_init.obj</name>
      </input_file>
      <input_file id="fl-66">
         <path>C:\Users\sam_000\Dropbox\TURTLE~1\TIWORK~1\COMMHE~1.25\src\grace\</path>
         <kind>archive</kind>
         <file>grace.lib</file>
         <name>EUSCI_A1_init.obj</name>
      </input_file>
      <input_file id="fl-67">
         <path>C:\Users\sam_000\Dropbox\TURTLE~1\TIWORK~1\COMMHE~1.25\src\grace\</path>
         <kind>archive</kind>
         <file>grace.lib</file>
         <name>System_init.obj</name>
      </input_file>
      <input_file id="fl-68">
         <path>C:\Users\sam_000\Dropbox\TURTLE~1\TIWORK~1\COMMHE~1.25\src\grace\</path>
         <kind>archive</kind>
         <file>grace.lib</file>
         <name>WDT_A_init.obj</name>
      </input_file>
      <input_file id="fl-69">
         <path>C:\Users\sam_000\Dropbox\TURTLE~1\TIWORK~1\COMMHE~1.25\src\grace\</path>
         <kind>archive</kind>
         <file>grace.lib</file>
         <name>adc10_b.obj</name>
      </input_file>
      <input_file id="fl-6a">
         <path>C:\Users\sam_000\Dropbox\TURTLE~1\TIWORK~1\COMMHE~1.25\src\grace\</path>
         <kind>archive</kind>
         <file>grace.lib</file>
         <name>cs.obj</name>
      </input_file>
      <input_file id="fl-6b">
         <path>C:\Users\sam_000\Dropbox\TURTLE~1\TIWORK~1\COMMHE~1.25\src\grace\</path>
         <kind>archive</kind>
         <file>grace.lib</file>
         <name>eusci_a_uart.obj</name>
      </input_file>
      <input_file id="fl-6c">
         <path>C:\Users\sam_000\Dropbox\TURTLE~1\TIWORK~1\COMMHE~1.25\src\grace\</path>
         <kind>archive</kind>
         <file>grace.lib</file>
         <name>ref.obj</name>
      </input_file>
      <input_file id="fl-6d">
         <path>C:\Users\sam_000\Dropbox\TURTLE~1\TIWORK~1\COMMHE~1.25\src\grace\</path>
         <kind>archive</kind>
         <file>grace.lib</file>
         <name>timer_b.obj</name>
      </input_file>
      <input_file id="fl-6e">
         <path>C:\Users\sam_000\Dropbox\TURTLE~1\TIWORK~1\COMMHE~1.25\src\grace\</path>
         <kind>archive</kind>
         <file>grace.lib</file>
         <name>wdt_a.obj</name>
      </input_file>
      <input_file id="fl-6f">
         <path>C:\ti\ccsv5\tools\compiler\msp430_4.2.3\lib\</path>
         <kind>archive</kind>
         <file>rts430x_lc_rd_eabi.lib</file>
         <name>div16s.obj</name>
      </input_file>
      <input_file id="fl-70">
         <path>C:\ti\ccsv5\tools\compiler\msp430_4.2.3\lib\</path>
         <kind>archive</kind>
         <file>rts430x_lc_rd_eabi.lib</file>
         <name>div16u.obj</name>
      </input_file>
      <input_file id="fl-71">
         <path>C:\ti\ccsv5\tools\compiler\msp430_4.2.3\lib\</path>
         <kind>archive</kind>
         <file>rts430x_lc_rd_eabi.lib</file>
         <name>div32s.obj</name>
      </input_file>
      <input_file id="fl-72">
         <path>C:\ti\ccsv5\tools\compiler\msp430_4.2.3\lib\</path>
         <kind>archive</kind>
         <file>rts430x_lc_rd_eabi.lib</file>
         <name>div32u.obj</name>
      </input_file>
   </input_file_list>
   <object_component_list>
      <object_component id="oc-97">
         <name>xdc.meta</name>
         <load_address>0x0</load_address>
         <run_address>0x0</run_address>
         <size>0x108</size>
         <input_file_ref idref="fl-3"/>
      </object_component>
      <object_component id="oc-387">
         <name>.cinit..data.load</name>
         <load_address>0xc200</load_address>
         <run_address>0xc200</run_address>
         <size>0x11c</size>
      </object_component>
      <object_component id="oc-384">
         <name>__TI_handler_table</name>
         <load_address>0xc31e</load_address>
         <run_address>0xc31e</run_address>
         <size>0xc</size>
      </object_component>
      <object_component id="oc-386">
         <name>.cinit..bss.load</name>
         <load_address>0xc32a</load_address>
         <run_address>0xc32a</run_address>
         <size>0x6</size>
      </object_component>
      <object_component id="oc-385">
         <name>__TI_cinit_table</name>
         <load_address>0xc330</load_address>
         <run_address>0xc330</run_address>
         <size>0x10</size>
      </object_component>
      <object_component id="oc-1f0">
         <name>.const:.string</name>
         <load_address>0xc340</load_address>
         <run_address>0xc340</run_address>
         <size>0x3da</size>
         <input_file_ref idref="fl-7"/>
      </object_component>
      <object_component id="oc-231">
         <name>.const:.string:report_script</name>
         <load_address>0xc71a</load_address>
         <run_address>0xc71a</run_address>
         <size>0x2d</size>
         <input_file_ref idref="fl-7"/>
      </object_component>
      <object_component id="oc-220">
         <name>.const:.string:report_script_noheading</name>
         <load_address>0xc748</load_address>
         <run_address>0xc748</run_address>
         <size>0x24</size>
         <input_file_ref idref="fl-7"/>
      </object_component>
      <object_component id="oc-210">
         <name>.const:.string:days_in_month</name>
         <load_address>0xc76c</load_address>
         <run_address>0xc76c</run_address>
         <size>0xd</size>
         <input_file_ref idref="fl-7"/>
      </object_component>
      <object_component id="oc-2e2">
         <name>.const:powers_of_10</name>
         <load_address>0xc77a</load_address>
         <run_address>0xc77a</run_address>
         <size>0xa</size>
         <input_file_ref idref="fl-7"/>
      </object_component>
      <object_component id="oc-23a">
         <name>.const:.string:after_report</name>
         <load_address>0xc784</load_address>
         <run_address>0xc784</run_address>
         <size>0x4</size>
         <input_file_ref idref="fl-7"/>
      </object_component>
      <object_component id="oc-238">
         <name>.const:.string:end_report</name>
         <load_address>0xc788</load_address>
         <run_address>0xc788</run_address>
         <size>0x4</size>
         <input_file_ref idref="fl-7"/>
      </object_component>
      <object_component id="oc-1a6">
         <name>.const</name>
         <load_address>0xc78c</load_address>
         <run_address>0xc78c</run_address>
         <size>0x2</size>
         <input_file_ref idref="fl-7"/>
      </object_component>
      <object_component id="oc-f2">
         <name>.text:start_up</name>
         <load_address>0xc800</load_address>
         <run_address>0xc800</run_address>
         <size>0xfe</size>
         <input_file_ref idref="fl-7"/>
      </object_component>
      <object_component id="oc-196">
         <name>.text:send_report</name>
         <load_address>0xc8fe</load_address>
         <run_address>0xc8fe</run_address>
         <size>0xf8</size>
         <input_file_ref idref="fl-7"/>
      </object_component>
      <object_component id="oc-172">
         <name>.text:set_time</name>
         <load_address>0xc9f6</load_address>
         <run_address>0xc9f6</run_address>
         <size>0xe4</size>
         <input_file_ref idref="fl-7"/>
      </object_component>
      <object_component id="oc-2fa">
         <name>.text:privateTimerBProcessClockSourceDivider</name>
         <load_address>0xcada</load_address>
         <run_address>0xcada</run_address>
         <size>0xda</size>
         <input_file_ref idref="fl-6d"/>
      </object_component>
      <object_component id="oc-267">
         <name>.text:CS_XT1StartWithTimeout</name>
         <load_address>0xcbb4</load_address>
         <run_address>0xcbb4</run_address>
         <size>0xc4</size>
         <input_file_ref idref="fl-6a"/>
      </object_component>
      <object_component id="oc-271">
         <name>.text:CS_clockSignalInit</name>
         <load_address>0xcc78</load_address>
         <run_address>0xcc78</run_address>
         <size>0xc0</size>
         <input_file_ref idref="fl-6a"/>
      </object_component>
      <object_component id="oc-163">
         <name>.text:phone_on</name>
         <load_address>0xcd38</load_address>
         <run_address>0xcd38</run_address>
         <size>0xac</size>
         <input_file_ref idref="fl-7"/>
      </object_component>
      <object_component id="oc-2ba">
         <name>.text:EUSCI_A_UART_initAdvance</name>
         <load_address>0xcde4</load_address>
         <run_address>0xcde4</run_address>
         <size>0xaa</size>
         <input_file_ref idref="fl-6b"/>
      </object_component>
      <object_component id="oc-1c6">
         <name>.text:CS_graceInit</name>
         <load_address>0xce8e</load_address>
         <run_address>0xce8e</run_address>
         <size>0xa6</size>
         <input_file_ref idref="fl-62"/>
      </object_component>
      <object_component id="oc-1cb">
         <name>.text:ADC10_B_graceInit</name>
         <load_address>0xcf34</load_address>
         <run_address>0xcf34</run_address>
         <size>0x9c</size>
         <input_file_ref idref="fl-63"/>
      </object_component>
      <object_component id="oc-1c1">
         <name>.text:GPIO_graceInit</name>
         <load_address>0xcfd0</load_address>
         <run_address>0xcfd0</run_address>
         <size>0x9c</size>
         <input_file_ref idref="fl-61"/>
      </object_component>
      <object_component id="oc-fc">
         <name>.text:SS_command</name>
         <load_address>0xd06c</load_address>
         <run_address>0xd06c</run_address>
         <size>0x96</size>
         <input_file_ref idref="fl-7"/>
      </object_component>
      <object_component id="oc-233">
         <name>.text:report_record_data</name>
         <load_address>0xd102</load_address>
         <run_address>0xd102</run_address>
         <size>0x8e</size>
         <input_file_ref idref="fl-7"/>
      </object_component>
      <object_component id="oc-1f4">
         <name>.text:readBattery</name>
         <load_address>0xd190</load_address>
         <run_address>0xd190</run_address>
         <size>0x86</size>
         <input_file_ref idref="fl-7"/>
      </object_component>
      <object_component id="oc-19b">
         <name>.text:clear_data</name>
         <load_address>0xd216</load_address>
         <run_address>0xd216</run_address>
         <size>0x76</size>
         <input_file_ref idref="fl-7"/>
      </object_component>
      <object_component id="oc-101">
         <name>.text:SS_receive_records</name>
         <load_address>0xd28c</load_address>
         <run_address>0xd28c</run_address>
         <size>0x74</size>
         <input_file_ref idref="fl-7"/>
      </object_component>
      <object_component id="oc-157">
         <name>.text:transfer_string</name>
         <load_address>0xd300</load_address>
         <run_address>0xd300</run_address>
         <size>0x74</size>
         <input_file_ref idref="fl-7"/>
      </object_component>
      <object_component id="oc-1d5">
         <name>.text:EUSCI_A0_graceInit</name>
         <load_address>0xd374</load_address>
         <run_address>0xd374</run_address>
         <size>0x70</size>
         <input_file_ref idref="fl-65"/>
      </object_component>
      <object_component id="oc-1da">
         <name>.text:EUSCI_A1_graceInit</name>
         <load_address>0xd3e4</load_address>
         <run_address>0xd3e4</run_address>
         <size>0x70</size>
         <input_file_ref idref="fl-66"/>
      </object_component>
      <object_component id="oc-212">
         <name>.text:int2ascii</name>
         <load_address>0xd454</load_address>
         <run_address>0xd454</run_address>
         <size>0x70</size>
         <input_file_ref idref="fl-7"/>
      </object_component>
      <object_component id="oc-aa">
         <name>.text:_auto_init_hold_wdt</name>
         <load_address>0xd4c4</load_address>
         <run_address>0xd4c4</run_address>
         <size>0x6e</size>
         <input_file_ref idref="fl-40"/>
      </object_component>
      <object_component id="oc-af">
         <name>.text:main</name>
         <load_address>0xd532</load_address>
         <run_address>0xd532</run_address>
         <size>0x6c</size>
         <input_file_ref idref="fl-7"/>
      </object_component>
      <object_component id="oc-d7">
         <name>.text:__TI_decompress_rle_core</name>
         <load_address>0xd59e</load_address>
         <run_address>0xd59e</run_address>
         <size>0x62</size>
         <input_file_ref idref="fl-42"/>
      </object_component>
      <object_component id="oc-168">
         <name>.text:makeConnection</name>
         <load_address>0xd600</load_address>
         <run_address>0xd600</run_address>
         <size>0x5e</size>
         <input_file_ref idref="fl-7"/>
      </object_component>
      <object_component id="oc-191">
         <name>.text:report_counter</name>
         <load_address>0xd65e</load_address>
         <run_address>0xd65e</run_address>
         <size>0x5a</size>
         <input_file_ref idref="fl-7"/>
      </object_component>
      <object_component id="oc-1ff">
         <name>.text:sendMessage</name>
         <load_address>0xd6b8</load_address>
         <run_address>0xd6b8</run_address>
         <size>0x5a</size>
         <input_file_ref idref="fl-7"/>
      </object_component>
      <object_component id="oc-256">
         <name>.text:TIMER_B_configureUpMode</name>
         <load_address>0xd712</load_address>
         <run_address>0xd712</run_address>
         <size>0x56</size>
         <input_file_ref idref="fl-6d"/>
      </object_component>
      <object_component id="oc-bf">
         <name>.text:_isr:TIMER0_B0_ISR_HOOK</name>
         <load_address>0xd768</load_address>
         <run_address>0xd768</run_address>
         <size>0x56</size>
         <input_file_ref idref="fl-10"/>
      </object_component>
      <object_component id="oc-281">
         <name>.text:ADC10_B_init</name>
         <load_address>0xd7be</load_address>
         <run_address>0xd7be</run_address>
         <size>0x52</size>
         <input_file_ref idref="fl-69"/>
      </object_component>
      <object_component id="oc-10d">
         <name>.text:set_report_frequency</name>
         <load_address>0xd810</load_address>
         <run_address>0xd810</run_address>
         <size>0x52</size>
         <input_file_ref idref="fl-7"/>
      </object_component>
      <object_component id="oc-222">
         <name>.text:do_script</name>
         <load_address>0xd862</load_address>
         <run_address>0xd862</run_address>
         <size>0x50</size>
         <input_file_ref idref="fl-7"/>
      </object_component>
      <object_component id="oc-177">
         <name>.text:phone_off</name>
         <load_address>0xd8b2</load_address>
         <run_address>0xd8b2</run_address>
         <size>0x4e</size>
         <input_file_ref idref="fl-7"/>
      </object_component>
      <object_component id="oc-204">
         <name>.text:ATresponse</name>
         <load_address>0xd900</load_address>
         <run_address>0xd900</run_address>
         <size>0x4a</size>
         <input_file_ref idref="fl-7"/>
      </object_component>
      <object_component id="oc-20b">
         <name>.text:ascii2int</name>
         <load_address>0xd94a</load_address>
         <run_address>0xd94a</run_address>
         <size>0x4a</size>
         <input_file_ref idref="fl-7"/>
      </object_component>
      <object_component id="oc-1bc">
         <name>.text:Timer0_B3_graceInit</name>
         <load_address>0xd994</load_address>
         <run_address>0xd994</run_address>
         <size>0x46</size>
         <input_file_ref idref="fl-60"/>
      </object_component>
      <object_component id="oc-112">
         <name>.text:phone_it_in</name>
         <load_address>0xd9da</load_address>
         <run_address>0xd9da</run_address>
         <size>0x46</size>
         <input_file_ref idref="fl-7"/>
      </object_component>
      <object_component id="oc-11e">
         <name>.text:sensor_connection</name>
         <load_address>0xda20</load_address>
         <run_address>0xda20</run_address>
         <size>0x46</size>
         <input_file_ref idref="fl-7"/>
      </object_component>
      <object_component id="oc-276">
         <name>.text:CS_clearAllOscFlagsWithTimeout</name>
         <load_address>0xda66</load_address>
         <run_address>0xda66</run_address>
         <size>0x3c</size>
         <input_file_ref idref="fl-6a"/>
      </object_component>
      <object_component id="oc-15e">
         <name>.text:move_string</name>
         <load_address>0xdaa2</load_address>
         <run_address>0xdaa2</run_address>
         <size>0x36</size>
         <input_file_ref idref="fl-7"/>
      </object_component>
      <object_component id="oc-152">
         <name>.text:Grace_init</name>
         <load_address>0xdad8</load_address>
         <run_address>0xdad8</run_address>
         <size>0x32</size>
         <input_file_ref idref="fl-5f"/>
      </object_component>
      <object_component id="oc-17d">
         <name>.text:rs485_on</name>
         <load_address>0xdb0a</load_address>
         <run_address>0xdb0a</run_address>
         <size>0x30</size>
         <input_file_ref idref="fl-7"/>
      </object_component>
      <object_component id="oc-108">
         <name>.text:wait</name>
         <load_address>0xdb3a</load_address>
         <run_address>0xdb3a</run_address>
         <size>0x2a</size>
         <input_file_ref idref="fl-7"/>
      </object_component>
      <object_component id="oc-183">
         <name>.text:multi_blink</name>
         <load_address>0xdb64</load_address>
         <run_address>0xdb64</run_address>
         <size>0x28</size>
         <input_file_ref idref="fl-7"/>
      </object_component>
      <object_component id="oc-7e">
         <name>.text:_isr:_c_int00_noexit</name>
         <load_address>0xdb8c</load_address>
         <run_address>0xdb8c</run_address>
         <size>0x26</size>
         <input_file_ref idref="fl-d"/>
      </object_component>
      <object_component id="oc-123">
         <name>.text:await_connection</name>
         <load_address>0xdbb2</load_address>
         <run_address>0xdbb2</run_address>
         <size>0x26</size>
         <input_file_ref idref="fl-7"/>
      </object_component>
      <object_component id="oc-8d">
         <name>.text:decompress:ZI:__TI_zero_init</name>
         <load_address>0xdbd8</load_address>
         <run_address>0xdbd8</run_address>
         <size>0x24</size>
         <input_file_ref idref="fl-43"/>
      </object_component>
      <object_component id="oc-1fa">
         <name>.text:reset_phone_UART</name>
         <load_address>0xdbfc</load_address>
         <run_address>0xdbfc</run_address>
         <size>0x24</size>
         <input_file_ref idref="fl-7"/>
      </object_component>
      <object_component id="oc-262">
         <name>.text:CS_setExternalClockSource</name>
         <load_address>0xdc20</load_address>
         <run_address>0xdc20</run_address>
         <size>0x22</size>
         <input_file_ref idref="fl-6a"/>
      </object_component>
      <object_component id="oc-2c9">
         <name>.text:EUSCI_A_UART_disableInterrupt</name>
         <load_address>0xdc42</load_address>
         <run_address>0xdc42</run_address>
         <size>0x22</size>
         <input_file_ref idref="fl-6b"/>
      </object_component>
      <object_component id="oc-1d0">
         <name>.text:REF_graceInit</name>
         <load_address>0xdc64</load_address>
         <run_address>0xdc64</run_address>
         <size>0x22</size>
         <input_file_ref idref="fl-64"/>
      </object_component>
      <object_component id="oc-2eb">
         <name>.text:send_nibble</name>
         <load_address>0xdc86</load_address>
         <run_address>0xdc86</run_address>
         <size>0x20</size>
         <input_file_ref idref="fl-7"/>
      </object_component>
      <object_component id="oc-f7">
         <name>.text:contact_sensor</name>
         <load_address>0xdca6</load_address>
         <run_address>0xdca6</run_address>
         <size>0x1e</size>
         <input_file_ref idref="fl-7"/>
      </object_component>
      <object_component id="oc-28b">
         <name>.text:ADC10_B_setupSamplingTimer</name>
         <load_address>0xdcc4</load_address>
         <run_address>0xdcc4</run_address>
         <size>0x1a</size>
         <input_file_ref idref="fl-69"/>
      </object_component>
      <object_component id="oc-27b">
         <name>.text:CS_disableClockRequest</name>
         <load_address>0xdcde</load_address>
         <run_address>0xdcde</run_address>
         <size>0x1a</size>
         <input_file_ref idref="fl-6a"/>
      </object_component>
      <object_component id="oc-26c">
         <name>.text:CS_setDCOFreq</name>
         <load_address>0xdcf8</load_address>
         <run_address>0xdcf8</run_address>
         <size>0x18</size>
         <input_file_ref idref="fl-6a"/>
      </object_component>
      <object_component id="oc-295">
         <name>.text:ADC10_B_setSampleHoldSignalInversion</name>
         <load_address>0xdd10</load_address>
         <run_address>0xdd10</run_address>
         <size>0x16</size>
         <input_file_ref idref="fl-69"/>
      </object_component>
      <object_component id="oc-117">
         <name>.text:blink</name>
         <load_address>0xdd26</load_address>
         <run_address>0xdd26</run_address>
         <size>0x16</size>
         <input_file_ref idref="fl-7"/>
      </object_component>
      <object_component id="oc-227">
         <name>.text:send_byte</name>
         <load_address>0xdd3c</load_address>
         <run_address>0xdd3c</run_address>
         <size>0x16</size>
         <input_file_ref idref="fl-7"/>
      </object_component>
      <object_component id="oc-128">
         <name>.text:watchdog_reset</name>
         <load_address>0xdd52</load_address>
         <run_address>0xdd52</run_address>
         <size>0x16</size>
         <input_file_ref idref="fl-7"/>
      </object_component>
      <object_component id="oc-29a">
         <name>.text:ADC10_B_setDataReadBackFormat</name>
         <load_address>0xdd68</load_address>
         <run_address>0xdd68</run_address>
         <size>0x14</size>
         <input_file_ref idref="fl-69"/>
      </object_component>
      <object_component id="oc-29f">
         <name>.text:ADC10_B_setReferenceBufferSamplingRate</name>
         <load_address>0xdd7c</load_address>
         <run_address>0xdd7c</run_address>
         <size>0x14</size>
         <input_file_ref idref="fl-69"/>
      </object_component>
      <object_component id="oc-2c4">
         <name>.text:EUSCI_A_UART_selectDeglitchTime</name>
         <load_address>0xdd90</load_address>
         <run_address>0xdd90</run_address>
         <size>0x14</size>
         <input_file_ref idref="fl-6b"/>
      </object_component>
      <object_component id="oc-2d2">
         <name>.text:WDT_A_watchdogTimerInit</name>
         <load_address>0xdda4</load_address>
         <run_address>0xdda4</run_address>
         <size>0x14</size>
         <input_file_ref idref="fl-6e"/>
      </object_component>
      <object_component id="oc-c4">
         <name>.text:memcpy</name>
         <load_address>0xddb8</load_address>
         <run_address>0xddb8</run_address>
         <size>0x14</size>
         <input_file_ref idref="fl-5d"/>
      </object_component>
      <object_component id="oc-22c">
         <name>.text:send_integer</name>
         <load_address>0xddcc</load_address>
         <run_address>0xddcc</run_address>
         <size>0x14</size>
         <input_file_ref idref="fl-7"/>
      </object_component>
      <object_component id="oc-290">
         <name>.text:ADC10_B_memoryConfigure</name>
         <load_address>0xdde0</load_address>
         <run_address>0xdde0</run_address>
         <size>0x12</size>
         <input_file_ref idref="fl-69"/>
      </object_component>
      <object_component id="oc-1e9">
         <name>.text:WDT_A_graceInit</name>
         <load_address>0xddf2</load_address>
         <run_address>0xddf2</run_address>
         <size>0x12</size>
         <input_file_ref idref="fl-68"/>
      </object_component>
      <object_component id="oc-88">
         <name>.text:decompress:none:__TI_decompress_none</name>
         <load_address>0xde04</load_address>
         <run_address>0xde04</run_address>
         <size>0x12</size>
         <input_file_ref idref="fl-41"/>
      </object_component>
      <object_component id="oc-16d">
         <name>.text:sleep</name>
         <load_address>0xde16</load_address>
         <run_address>0xde16</run_address>
         <size>0x10</size>
         <input_file_ref idref="fl-7"/>
      </object_component>
      <object_component id="oc-2a4">
         <name>.text:ADC10_B_disableInterrupt</name>
         <load_address>0xde26</load_address>
         <run_address>0xde26</run_address>
         <size>0xe</size>
         <input_file_ref idref="fl-69"/>
      </object_component>
      <object_component id="oc-2aa">
         <name>.text:REF_setReferenceVoltage</name>
         <load_address>0xde34</load_address>
         <run_address>0xde34</run_address>
         <size>0xc</size>
         <input_file_ref idref="fl-6c"/>
      </object_component>
      <object_component id="oc-251">
         <name>.text:TIMER_B_selectCounterLength</name>
         <load_address>0xde40</load_address>
         <run_address>0xde40</run_address>
         <size>0xc</size>
         <input_file_ref idref="fl-6d"/>
      </object_component>
      <object_component id="oc-e9">
         <name>.text:.bootCodeSection:ti_catalog_msp430_init_Boot_init</name>
         <load_address>0xde4c</load_address>
         <run_address>0xde4c</run_address>
         <size>0xa</size>
         <input_file_ref idref="fl-3"/>
      </object_component>
      <object_component id="oc-145">
         <name>.text:.bootCodeSection:ti_catalog_msp430_init_Boot_disableWatchdog</name>
         <load_address>0xde56</load_address>
         <run_address>0xde56</run_address>
         <size>0x8</size>
         <input_file_ref idref="fl-f"/>
      </object_component>
      <object_component id="oc-286">
         <name>.text:ADC10_B_enable</name>
         <load_address>0xde5e</load_address>
         <run_address>0xde5e</run_address>
         <size>0x8</size>
         <input_file_ref idref="fl-69"/>
      </object_component>
      <object_component id="oc-2bf">
         <name>.text:EUSCI_A_UART_enable</name>
         <load_address>0xde66</load_address>
         <run_address>0xde66</run_address>
         <size>0x6</size>
         <input_file_ref idref="fl-6b"/>
      </object_component>
      <object_component id="oc-2b4">
         <name>.text:REF_disableTempSensor</name>
         <load_address>0xde6c</load_address>
         <run_address>0xde6c</run_address>
         <size>0x6</size>
         <input_file_ref idref="fl-6c"/>
      </object_component>
      <object_component id="oc-2af">
         <name>.text:REF_enableReferenceVoltage</name>
         <load_address>0xde72</load_address>
         <run_address>0xde72</run_address>
         <size>0x6</size>
         <input_file_ref idref="fl-6c"/>
      </object_component>
      <object_component id="oc-1e4">
         <name>.text:System_graceInit</name>
         <load_address>0xde78</load_address>
         <run_address>0xde78</run_address>
         <size>0x6</size>
         <input_file_ref idref="fl-67"/>
      </object_component>
      <object_component id="oc-25b">
         <name>.text:TIMER_B_startCounter</name>
         <load_address>0xde7e</load_address>
         <run_address>0xde7e</run_address>
         <size>0x6</size>
         <input_file_ref idref="fl-6d"/>
      </object_component>
      <object_component id="oc-9c">
         <name>.text:__TI_ISR_TRAP</name>
         <load_address>0xde84</load_address>
         <run_address>0xde84</run_address>
         <size>0x6</size>
         <input_file_ref idref="fl-5c"/>
      </object_component>
      <object_component id="oc-92">
         <name>.text:decompress:rle24:__TI_decompress_rle24</name>
         <load_address>0xde8a</load_address>
         <run_address>0xde8a</run_address>
         <size>0x6</size>
         <input_file_ref idref="fl-42"/>
      </object_component>
      <object_component id="oc-a0">
         <name>.text:xdc_runtime_Startup_reset__I</name>
         <load_address>0xde90</load_address>
         <run_address>0xde90</run_address>
         <size>0x6</size>
         <input_file_ref idref="fl-3"/>
      </object_component>
      <object_component id="oc-a5">
         <name>.text:_system_pre_init</name>
         <load_address>0xde96</load_address>
         <run_address>0xde96</run_address>
         <size>0x4</size>
         <input_file_ref idref="fl-e"/>
      </object_component>
      <object_component id="oc-b4">
         <name>.text:abort</name>
         <load_address>0xde9a</load_address>
         <run_address>0xde9a</run_address>
         <size>0x4</size>
         <input_file_ref idref="fl-44"/>
      </object_component>
      <object_component id="oc-1df">
         <name>.text:InterruptVectors_graceInit</name>
         <load_address>0xde9e</load_address>
         <run_address>0xde9e</run_address>
         <size>0x2</size>
         <input_file_ref idref="fl-10"/>
      </object_component>
      <object_component id="oc-189">
         <name>.fram_vars:uninit</name>
         <load_address>0xe000</load_address>
         <run_address>0xe000</run_address>
         <size>0x1f02</size>
         <input_file_ref idref="fl-7"/>
      </object_component>
      <object_component id="oc-106">
         <name>.fram_vars:init</name>
         <load_address>0xff02</load_address>
         <run_address>0xff02</run_address>
         <size>0x7a</size>
         <input_file_ref idref="fl-7"/>
      </object_component>
      <object_component id="oc-99">
         <name>.stack</name>
         <uninitialized>true</uninitialized>
         <run_address>0x1fc0</run_address>
         <size>0x4</size>
         <input_file_ref idref="fl-d"/>
      </object_component>
      <object_component id="oc-388">
         <name>.stack</name>
         <uninitialized>true</uninitialized>
         <run_address>0x1fc0</run_address>
         <size>0x0</size>
      </object_component>
      <object_component id="oc-6b">
         <name>.int31</name>
         <load_address>0xffce</load_address>
         <run_address>0xffce</run_address>
         <size>0x2</size>
         <input_file_ref idref="fl-45"/>
      </object_component>
      <object_component id="oc-6c">
         <name>.int32</name>
         <load_address>0xffd0</load_address>
         <run_address>0xffd0</run_address>
         <size>0x2</size>
         <input_file_ref idref="fl-46"/>
      </object_component>
      <object_component id="oc-6d">
         <name>.int33</name>
         <load_address>0xffd2</load_address>
         <run_address>0xffd2</run_address>
         <size>0x2</size>
         <input_file_ref idref="fl-47"/>
      </object_component>
      <object_component id="oc-6e">
         <name>.int34</name>
         <load_address>0xffd4</load_address>
         <run_address>0xffd4</run_address>
         <size>0x2</size>
         <input_file_ref idref="fl-48"/>
      </object_component>
      <object_component id="oc-6f">
         <name>.int35</name>
         <load_address>0xffd6</load_address>
         <run_address>0xffd6</run_address>
         <size>0x2</size>
         <input_file_ref idref="fl-49"/>
      </object_component>
      <object_component id="oc-70">
         <name>.int36</name>
         <load_address>0xffd8</load_address>
         <run_address>0xffd8</run_address>
         <size>0x2</size>
         <input_file_ref idref="fl-4a"/>
      </object_component>
      <object_component id="oc-71">
         <name>.int37</name>
         <load_address>0xffda</load_address>
         <run_address>0xffda</run_address>
         <size>0x2</size>
         <input_file_ref idref="fl-4b"/>
      </object_component>
      <object_component id="oc-72">
         <name>.int38</name>
         <load_address>0xffdc</load_address>
         <run_address>0xffdc</run_address>
         <size>0x2</size>
         <input_file_ref idref="fl-4c"/>
      </object_component>
      <object_component id="oc-73">
         <name>.int39</name>
         <load_address>0xffde</load_address>
         <run_address>0xffde</run_address>
         <size>0x2</size>
         <input_file_ref idref="fl-4d"/>
      </object_component>
      <object_component id="oc-74">
         <name>.int40</name>
         <load_address>0xffe0</load_address>
         <run_address>0xffe0</run_address>
         <size>0x2</size>
         <input_file_ref idref="fl-4e"/>
      </object_component>
      <object_component id="oc-75">
         <name>.int41</name>
         <load_address>0xffe2</load_address>
         <run_address>0xffe2</run_address>
         <size>0x2</size>
         <input_file_ref idref="fl-4f"/>
      </object_component>
      <object_component id="oc-76">
         <name>.int42</name>
         <load_address>0xffe4</load_address>
         <run_address>0xffe4</run_address>
         <size>0x2</size>
         <input_file_ref idref="fl-50"/>
      </object_component>
      <object_component id="oc-77">
         <name>.int43</name>
         <load_address>0xffe6</load_address>
         <run_address>0xffe6</run_address>
         <size>0x2</size>
         <input_file_ref idref="fl-51"/>
      </object_component>
      <object_component id="oc-78">
         <name>.int44</name>
         <load_address>0xffe8</load_address>
         <run_address>0xffe8</run_address>
         <size>0x2</size>
         <input_file_ref idref="fl-52"/>
      </object_component>
      <object_component id="oc-79">
         <name>.int45</name>
         <load_address>0xffea</load_address>
         <run_address>0xffea</run_address>
         <size>0x2</size>
         <input_file_ref idref="fl-53"/>
      </object_component>
      <object_component id="oc-7a">
         <name>.int46</name>
         <load_address>0xffec</load_address>
         <run_address>0xffec</run_address>
         <size>0x2</size>
         <input_file_ref idref="fl-54"/>
      </object_component>
      <object_component id="oc-7b">
         <name>.int47</name>
         <load_address>0xffee</load_address>
         <run_address>0xffee</run_address>
         <size>0x2</size>
         <input_file_ref idref="fl-55"/>
      </object_component>
      <object_component id="oc-7c">
         <name>.int48</name>
         <load_address>0xfff0</load_address>
         <run_address>0xfff0</run_address>
         <size>0x2</size>
         <input_file_ref idref="fl-56"/>
      </object_component>
      <object_component id="oc-7d">
         <name>.int49</name>
         <load_address>0xfff2</load_address>
         <run_address>0xfff2</run_address>
         <size>0x2</size>
         <input_file_ref idref="fl-57"/>
      </object_component>
      <object_component id="oc-83">
         <name>.int50</name>
         <load_address>0xfff4</load_address>
         <run_address>0xfff4</run_address>
         <size>0x2</size>
         <input_file_ref idref="fl-58"/>
      </object_component>
      <object_component id="oc-84">
         <name>.int51</name>
         <load_address>0xfff6</load_address>
         <run_address>0xfff6</run_address>
         <size>0x2</size>
         <input_file_ref idref="fl-10"/>
      </object_component>
      <object_component id="oc-85">
         <name>.int52</name>
         <load_address>0xfff8</load_address>
         <run_address>0xfff8</run_address>
         <size>0x2</size>
         <input_file_ref idref="fl-59"/>
      </object_component>
      <object_component id="oc-86">
         <name>.int53</name>
         <load_address>0xfffa</load_address>
         <run_address>0xfffa</run_address>
         <size>0x2</size>
         <input_file_ref idref="fl-5a"/>
      </object_component>
      <object_component id="oc-87">
         <name>.int54</name>
         <load_address>0xfffc</load_address>
         <run_address>0xfffc</run_address>
         <size>0x2</size>
         <input_file_ref idref="fl-5b"/>
      </object_component>
      <object_component id="oc-9b">
         <name>.reset</name>
         <load_address>0xfffe</load_address>
         <run_address>0xfffe</run_address>
         <size>0x2</size>
         <input_file_ref idref="fl-d"/>
      </object_component>
      <object_component id="oc-2dd">
         <name>.common:x</name>
         <uninitialized>true</uninitialized>
         <run_address>0x1d16</run_address>
         <size>0x4</size>
      </object_component>
      <object_component id="oc-246">
         <name>.common:y</name>
         <uninitialized>true</uninitialized>
         <run_address>0x1d1a</run_address>
         <size>0x2</size>
      </object_component>
      <object_component id="oc-244">
         <name>.common:z</name>
         <uninitialized>true</uninitialized>
         <run_address>0x1d1c</run_address>
         <size>0x2</size>
      </object_component>
      <object_component id="oc-11c">
         <name>.data</name>
         <load_address>0x1d00</load_address>
         <run_address>0x1d00</run_address>
         <size>0xd</size>
         <input_file_ref idref="fl-7"/>
      </object_component>
      <object_component id="oc-15c">
         <name>.data:messages</name>
         <load_address>0x1c00</load_address>
         <run_address>0x1c00</run_address>
         <size>0x100</size>
         <input_file_ref idref="fl-7"/>
      </object_component>
      <object_component id="oc-301">
         <name>.data</name>
         <load_address>0x1d0e</load_address>
         <run_address>0x1d0e</run_address>
         <size>0x8</size>
         <input_file_ref idref="fl-6a"/>
      </object_component>
      <object_component id="oc-7f">
         <name>.debug_info</name>
         <load_address>0x0</load_address>
         <run_address>0x0</run_address>
         <size>0x192</size>
         <input_file_ref idref="fl-d"/>
      </object_component>
      <object_component id="oc-8b">
         <name>.debug_info</name>
         <load_address>0x192</load_address>
         <run_address>0x192</run_address>
         <size>0x194</size>
         <input_file_ref idref="fl-41"/>
      </object_component>
      <object_component id="oc-91">
         <name>.debug_info</name>
         <load_address>0x326</load_address>
         <run_address>0x326</run_address>
         <size>0x16f</size>
         <input_file_ref idref="fl-43"/>
      </object_component>
      <object_component id="oc-95">
         <name>.debug_info</name>
         <load_address>0x495</load_address>
         <run_address>0x495</run_address>
         <size>0x18e</size>
         <input_file_ref idref="fl-42"/>
      </object_component>
      <object_component id="oc-98">
         <name>.debug_info</name>
         <load_address>0x623</load_address>
         <run_address>0x623</run_address>
         <size>0x17a</size>
         <input_file_ref idref="fl-3"/>
      </object_component>
      <object_component id="oc-9a">
         <name>.debug_info</name>
         <load_address>0x79d</load_address>
         <run_address>0x79d</run_address>
         <size>0xd4</size>
         <input_file_ref idref="fl-d"/>
      </object_component>
      <object_component id="oc-9e">
         <name>.debug_info</name>
         <load_address>0x871</load_address>
         <run_address>0x871</run_address>
         <size>0xc2</size>
         <input_file_ref idref="fl-5c"/>
      </object_component>
      <object_component id="oc-a1">
         <name>.debug_info</name>
         <load_address>0x933</load_address>
         <run_address>0x933</run_address>
         <size>0x193</size>
         <input_file_ref idref="fl-3"/>
      </object_component>
      <object_component id="oc-a6">
         <name>.debug_info</name>
         <load_address>0xac6</load_address>
         <run_address>0xac6</run_address>
         <size>0x11c</size>
         <input_file_ref idref="fl-e"/>
      </object_component>
      <object_component id="oc-ac">
         <name>.debug_info</name>
         <load_address>0xbe2</load_address>
         <run_address>0xbe2</run_address>
         <size>0x1a0</size>
         <input_file_ref idref="fl-40"/>
      </object_component>
      <object_component id="oc-b0">
         <name>.debug_info</name>
         <load_address>0xd82</load_address>
         <run_address>0xd82</run_address>
         <size>0x1e6</size>
         <input_file_ref idref="fl-7"/>
      </object_component>
      <object_component id="oc-b7">
         <name>.debug_info</name>
         <load_address>0xf68</load_address>
         <run_address>0xf68</run_address>
         <size>0xcc</size>
         <input_file_ref idref="fl-44"/>
      </object_component>
      <object_component id="oc-ba">
         <name>.debug_info</name>
         <load_address>0x1034</load_address>
         <run_address>0x1034</run_address>
         <size>0x84</size>
         <input_file_ref idref="fl-3"/>
      </object_component>
      <object_component id="oc-c0">
         <name>.debug_info</name>
         <load_address>0x10b8</load_address>
         <run_address>0x10b8</run_address>
         <size>0x14d</size>
         <input_file_ref idref="fl-10"/>
      </object_component>
      <object_component id="oc-c6">
         <name>.debug_info</name>
         <load_address>0x1205</load_address>
         <run_address>0x1205</run_address>
         <size>0x157</size>
         <input_file_ref idref="fl-5d"/>
      </object_component>
      <object_component id="oc-ca">
         <name>.debug_info</name>
         <load_address>0x135c</load_address>
         <run_address>0x135c</run_address>
         <size>0x46</size>
         <input_file_ref idref="fl-41"/>
      </object_component>
      <object_component id="oc-cf">
         <name>.debug_info</name>
         <load_address>0x13a2</load_address>
         <run_address>0x13a2</run_address>
         <size>0x178</size>
         <input_file_ref idref="fl-41"/>
      </object_component>
      <object_component id="oc-d1">
         <name>.debug_info</name>
         <load_address>0x151a</load_address>
         <run_address>0x151a</run_address>
         <size>0x46</size>
         <input_file_ref idref="fl-43"/>
      </object_component>
      <object_component id="oc-d6">
         <name>.debug_info</name>
         <load_address>0x1560</load_address>
         <run_address>0x1560</run_address>
         <size>0x129</size>
         <input_file_ref idref="fl-43"/>
      </object_component>
      <object_component id="oc-d9">
         <name>.debug_info</name>
         <load_address>0x1689</load_address>
         <run_address>0x1689</run_address>
         <size>0x1ef</size>
         <input_file_ref idref="fl-42"/>
      </object_component>
      <object_component id="oc-dd">
         <name>.debug_info</name>
         <load_address>0x1878</load_address>
         <run_address>0x1878</run_address>
         <size>0x138</size>
         <input_file_ref idref="fl-42"/>
      </object_component>
      <object_component id="oc-de">
         <name>.debug_info</name>
         <load_address>0x19b0</load_address>
         <run_address>0x19b0</run_address>
         <size>0x39</size>
         <input_file_ref idref="fl-42"/>
      </object_component>
      <object_component id="oc-e5">
         <name>.debug_info</name>
         <load_address>0x19e9</load_address>
         <run_address>0x19e9</run_address>
         <size>0x231</size>
         <input_file_ref idref="fl-3"/>
      </object_component>
      <object_component id="oc-ea">
         <name>.debug_info</name>
         <load_address>0x1c1a</load_address>
         <run_address>0x1c1a</run_address>
         <size>0x1a6</size>
         <input_file_ref idref="fl-3"/>
      </object_component>
      <object_component id="oc-f1">
         <name>.debug_info</name>
         <load_address>0x1dc0</load_address>
         <run_address>0x1dc0</run_address>
         <size>0x2d8</size>
         <input_file_ref idref="fl-40"/>
      </object_component>
      <object_component id="oc-f3">
         <name>.debug_info</name>
         <load_address>0x2098</load_address>
         <run_address>0x2098</run_address>
         <size>0x287</size>
         <input_file_ref idref="fl-7"/>
      </object_component>
      <object_component id="oc-f8">
         <name>.debug_info</name>
         <load_address>0x231f</load_address>
         <run_address>0x231f</run_address>
         <size>0x133</size>
         <input_file_ref idref="fl-7"/>
      </object_component>
      <object_component id="oc-fd">
         <name>.debug_info</name>
         <load_address>0x2452</load_address>
         <run_address>0x2452</run_address>
         <size>0x1b0</size>
         <input_file_ref idref="fl-7"/>
      </object_component>
      <object_component id="oc-102">
         <name>.debug_info</name>
         <load_address>0x2602</load_address>
         <run_address>0x2602</run_address>
         <size>0x1a3</size>
         <input_file_ref idref="fl-7"/>
      </object_component>
      <object_component id="oc-107">
         <name>.debug_info</name>
         <load_address>0x27a5</load_address>
         <run_address>0x27a5</run_address>
         <size>0x38d</size>
         <input_file_ref idref="fl-7"/>
      </object_component>
      <object_component id="oc-109">
         <name>.debug_info</name>
         <load_address>0x2b32</load_address>
         <run_address>0x2b32</run_address>
         <size>0x16e</size>
         <input_file_ref idref="fl-7"/>
      </object_component>
      <object_component id="oc-10e">
         <name>.debug_info</name>
         <load_address>0x2ca0</load_address>
         <run_address>0x2ca0</run_address>
         <size>0x16c</size>
         <input_file_ref idref="fl-7"/>
      </object_component>
      <object_component id="oc-113">
         <name>.debug_info</name>
         <load_address>0x2e0c</load_address>
         <run_address>0x2e0c</run_address>
         <size>0x1c0</size>
         <input_file_ref idref="fl-7"/>
      </object_component>
      <object_component id="oc-118">
         <name>.debug_info</name>
         <load_address>0x2fcc</load_address>
         <run_address>0x2fcc</run_address>
         <size>0x132</size>
         <input_file_ref idref="fl-7"/>
      </object_component>
      <object_component id="oc-11d">
         <name>.debug_info</name>
         <load_address>0x30fe</load_address>
         <run_address>0x30fe</run_address>
         <size>0x297</size>
         <input_file_ref idref="fl-7"/>
      </object_component>
      <object_component id="oc-11f">
         <name>.debug_info</name>
         <load_address>0x3395</load_address>
         <run_address>0x3395</run_address>
         <size>0x12e</size>
         <input_file_ref idref="fl-7"/>
      </object_component>
      <object_component id="oc-124">
         <name>.debug_info</name>
         <load_address>0x34c3</load_address>
         <run_address>0x34c3</run_address>
         <size>0x16e</size>
         <input_file_ref idref="fl-7"/>
      </object_component>
      <object_component id="oc-129">
         <name>.debug_info</name>
         <load_address>0x3631</load_address>
         <run_address>0x3631</run_address>
         <size>0x119</size>
         <input_file_ref idref="fl-7"/>
      </object_component>
      <object_component id="oc-131">
         <name>.debug_info</name>
         <load_address>0x374a</load_address>
         <run_address>0x374a</run_address>
         <size>0x13b</size>
         <input_file_ref idref="fl-5d"/>
      </object_component>
      <object_component id="oc-132">
         <name>.debug_info</name>
         <load_address>0x3885</load_address>
         <run_address>0x3885</run_address>
         <size>0x2c</size>
         <input_file_ref idref="fl-5d"/>
      </object_component>
      <object_component id="oc-140">
         <name>.debug_info</name>
         <load_address>0x38b1</load_address>
         <run_address>0x38b1</run_address>
         <size>0x339</size>
         <input_file_ref idref="fl-3"/>
      </object_component>
      <object_component id="oc-148">
         <name>.debug_info</name>
         <load_address>0x3bea</load_address>
         <run_address>0x3bea</run_address>
         <size>0x16e</size>
         <input_file_ref idref="fl-f"/>
      </object_component>
      <object_component id="oc-14d">
         <name>.debug_info</name>
         <load_address>0x3d58</load_address>
         <run_address>0x3d58</run_address>
         <size>0x39</size>
         <input_file_ref idref="fl-40"/>
      </object_component>
      <object_component id="oc-154">
         <name>.debug_info</name>
         <load_address>0x3d91</load_address>
         <run_address>0x3d91</run_address>
         <size>0x209</size>
         <input_file_ref idref="fl-5f"/>
      </object_component>
      <object_component id="oc-158">
         <name>.debug_info</name>
         <load_address>0x3f9a</load_address>
         <run_address>0x3f9a</run_address>
         <size>0x232</size>
         <input_file_ref idref="fl-7"/>
      </object_component>
      <object_component id="oc-15d">
         <name>.debug_info</name>
         <load_address>0x41cc</load_address>
         <run_address>0x41cc</run_address>
         <size>0xe1</size>
         <input_file_ref idref="fl-7"/>
      </object_component>
      <object_component id="oc-15f">
         <name>.debug_info</name>
         <load_address>0x42ad</load_address>
         <run_address>0x42ad</run_address>
         <size>0x293</size>
         <input_file_ref idref="fl-7"/>
      </object_component>
      <object_component id="oc-164">
         <name>.debug_info</name>
         <load_address>0x4540</load_address>
         <run_address>0x4540</run_address>
         <size>0x156</size>
         <input_file_ref idref="fl-7"/>
      </object_component>
      <object_component id="oc-169">
         <name>.debug_info</name>
         <load_address>0x4696</load_address>
         <run_address>0x4696</run_address>
         <size>0x1be</size>
         <input_file_ref idref="fl-7"/>
      </object_component>
      <object_component id="oc-16e">
         <name>.debug_info</name>
         <load_address>0x4854</load_address>
         <run_address>0x4854</run_address>
         <size>0x129</size>
         <input_file_ref idref="fl-7"/>
      </object_component>
      <object_component id="oc-173">
         <name>.debug_info</name>
         <load_address>0x497d</load_address>
         <run_address>0x497d</run_address>
         <size>0x238</size>
         <input_file_ref idref="fl-7"/>
      </object_component>
      <object_component id="oc-178">
         <name>.debug_info</name>
         <load_address>0x4bb5</load_address>
         <run_address>0x4bb5</run_address>
         <size>0x130</size>
         <input_file_ref idref="fl-7"/>
      </object_component>
      <object_component id="oc-17e">
         <name>.debug_info</name>
         <load_address>0x4ce5</load_address>
         <run_address>0x4ce5</run_address>
         <size>0x129</size>
         <input_file_ref idref="fl-7"/>
      </object_component>
      <object_component id="oc-184">
         <name>.debug_info</name>
         <load_address>0x4e0e</load_address>
         <run_address>0x4e0e</run_address>
         <size>0x185</size>
         <input_file_ref idref="fl-7"/>
      </object_component>
      <object_component id="oc-18a">
         <name>.debug_info</name>
         <load_address>0x4f93</load_address>
         <run_address>0x4f93</run_address>
         <size>0x137</size>
         <input_file_ref idref="fl-7"/>
      </object_component>
      <object_component id="oc-18e">
         <name>.debug_info</name>
         <load_address>0x50ca</load_address>
         <run_address>0x50ca</run_address>
         <size>0x551</size>
         <input_file_ref idref="fl-7"/>
      </object_component>
      <object_component id="oc-192">
         <name>.debug_info</name>
         <load_address>0x561b</load_address>
         <run_address>0x561b</run_address>
         <size>0x15b</size>
         <input_file_ref idref="fl-7"/>
      </object_component>
      <object_component id="oc-197">
         <name>.debug_info</name>
         <load_address>0x5776</load_address>
         <run_address>0x5776</run_address>
         <size>0x2d0</size>
         <input_file_ref idref="fl-7"/>
      </object_component>
      <object_component id="oc-19c">
         <name>.debug_info</name>
         <load_address>0x5a46</load_address>
         <run_address>0x5a46</run_address>
         <size>0x111</size>
         <input_file_ref idref="fl-7"/>
      </object_component>
      <object_component id="oc-1a7">
         <name>.debug_info</name>
         <load_address>0x5b57</load_address>
         <run_address>0x5b57</run_address>
         <size>0xf3</size>
         <input_file_ref idref="fl-7"/>
      </object_component>
      <object_component id="oc-1ab">
         <name>.debug_info</name>
         <load_address>0x5c4a</load_address>
         <run_address>0x5c4a</run_address>
         <size>0x46</size>
         <input_file_ref idref="fl-3"/>
      </object_component>
      <object_component id="oc-1b0">
         <name>.debug_info</name>
         <load_address>0x5c90</load_address>
         <run_address>0x5c90</run_address>
         <size>0x2c</size>
         <input_file_ref idref="fl-3"/>
      </object_component>
      <object_component id="oc-1b5">
         <name>.debug_info</name>
         <load_address>0x5cbc</load_address>
         <run_address>0x5cbc</run_address>
         <size>0xae</size>
         <input_file_ref idref="fl-3"/>
      </object_component>
      <object_component id="oc-1bb">
         <name>.debug_info</name>
         <load_address>0x5d6a</load_address>
         <run_address>0x5d6a</run_address>
         <size>0x1fe</size>
         <input_file_ref idref="fl-f"/>
      </object_component>
      <object_component id="oc-1bd">
         <name>.debug_info</name>
         <load_address>0x5f68</load_address>
         <run_address>0x5f68</run_address>
         <size>0x194</size>
         <input_file_ref idref="fl-60"/>
      </object_component>
      <object_component id="oc-1c3">
         <name>.debug_info</name>
         <load_address>0x60fc</load_address>
         <run_address>0x60fc</run_address>
         <size>0x120</size>
         <input_file_ref idref="fl-61"/>
      </object_component>
      <object_component id="oc-1c7">
         <name>.debug_info</name>
         <load_address>0x621c</load_address>
         <run_address>0x621c</run_address>
         <size>0x211</size>
         <input_file_ref idref="fl-62"/>
      </object_component>
      <object_component id="oc-1cd">
         <name>.debug_info</name>
         <load_address>0x642d</load_address>
         <run_address>0x642d</run_address>
         <size>0x28e</size>
         <input_file_ref idref="fl-63"/>
      </object_component>
      <object_component id="oc-1d4">
         <name>.debug_info</name>
         <load_address>0x66bb</load_address>
         <run_address>0x66bb</run_address>
         <size>0x176</size>
         <input_file_ref idref="fl-64"/>
      </object_component>
      <object_component id="oc-1d6">
         <name>.debug_info</name>
         <load_address>0x6831</load_address>
         <run_address>0x6831</run_address>
         <size>0x1db</size>
         <input_file_ref idref="fl-65"/>
      </object_component>
      <object_component id="oc-1db">
         <name>.debug_info</name>
         <load_address>0x6a0c</load_address>
         <run_address>0x6a0c</run_address>
         <size>0x1db</size>
         <input_file_ref idref="fl-66"/>
      </object_component>
      <object_component id="oc-1e0">
         <name>.debug_info</name>
         <load_address>0x6be7</load_address>
         <run_address>0x6be7</run_address>
         <size>0x15c</size>
         <input_file_ref idref="fl-10"/>
      </object_component>
      <object_component id="oc-1e5">
         <name>.debug_info</name>
         <load_address>0x6d43</load_address>
         <run_address>0x6d43</run_address>
         <size>0x12a</size>
         <input_file_ref idref="fl-67"/>
      </object_component>
      <object_component id="oc-1ea">
         <name>.debug_info</name>
         <load_address>0x6e6d</load_address>
         <run_address>0x6e6d</run_address>
         <size>0x143</size>
         <input_file_ref idref="fl-68"/>
      </object_component>
      <object_component id="oc-1f5">
         <name>.debug_info</name>
         <load_address>0x6fb0</load_address>
         <run_address>0x6fb0</run_address>
         <size>0x13f</size>
         <input_file_ref idref="fl-7"/>
      </object_component>
      <object_component id="oc-1fb">
         <name>.debug_info</name>
         <load_address>0x70ef</load_address>
         <run_address>0x70ef</run_address>
         <size>0x133</size>
         <input_file_ref idref="fl-7"/>
      </object_component>
      <object_component id="oc-200">
         <name>.debug_info</name>
         <load_address>0x7222</load_address>
         <run_address>0x7222</run_address>
         <size>0x1d4</size>
         <input_file_ref idref="fl-7"/>
      </object_component>
      <object_component id="oc-205">
         <name>.debug_info</name>
         <load_address>0x73f6</load_address>
         <run_address>0x73f6</run_address>
         <size>0x174</size>
         <input_file_ref idref="fl-7"/>
      </object_component>
      <object_component id="oc-20c">
         <name>.debug_info</name>
         <load_address>0x756a</load_address>
         <run_address>0x756a</run_address>
         <size>0x212</size>
         <input_file_ref idref="fl-7"/>
      </object_component>
      <object_component id="oc-211">
         <name>.debug_info</name>
         <load_address>0x777c</load_address>
         <run_address>0x777c</run_address>
         <size>0xea</size>
         <input_file_ref idref="fl-7"/>
      </object_component>
      <object_component id="oc-213">
         <name>.debug_info</name>
         <load_address>0x7866</load_address>
         <run_address>0x7866</run_address>
         <size>0x257</size>
         <input_file_ref idref="fl-7"/>
      </object_component>
      <object_component id="oc-221">
         <name>.debug_info</name>
         <load_address>0x7abd</load_address>
         <run_address>0x7abd</run_address>
         <size>0xfe</size>
         <input_file_ref idref="fl-7"/>
      </object_component>
      <object_component id="oc-223">
         <name>.debug_info</name>
         <load_address>0x7bbb</load_address>
         <run_address>0x7bbb</run_address>
         <size>0x1a6</size>
         <input_file_ref idref="fl-7"/>
      </object_component>
      <object_component id="oc-228">
         <name>.debug_info</name>
         <load_address>0x7d61</load_address>
         <run_address>0x7d61</run_address>
         <size>0x169</size>
         <input_file_ref idref="fl-7"/>
      </object_component>
      <object_component id="oc-22d">
         <name>.debug_info</name>
         <load_address>0x7eca</load_address>
         <run_address>0x7eca</run_address>
         <size>0x177</size>
         <input_file_ref idref="fl-7"/>
      </object_component>
      <object_component id="oc-232">
         <name>.debug_info</name>
         <load_address>0x8041</load_address>
         <run_address>0x8041</run_address>
         <size>0xea</size>
         <input_file_ref idref="fl-7"/>
      </object_component>
      <object_component id="oc-234">
         <name>.debug_info</name>
         <load_address>0x812b</load_address>
         <run_address>0x812b</run_address>
         <size>0x1d3</size>
         <input_file_ref idref="fl-7"/>
      </object_component>
      <object_component id="oc-239">
         <name>.debug_info</name>
         <load_address>0x82fe</load_address>
         <run_address>0x82fe</run_address>
         <size>0xe4</size>
         <input_file_ref idref="fl-7"/>
      </object_component>
      <object_component id="oc-23b">
         <name>.debug_info</name>
         <load_address>0x83e2</load_address>
         <run_address>0x83e2</run_address>
         <size>0xe8</size>
         <input_file_ref idref="fl-7"/>
      </object_component>
      <object_component id="oc-24a">
         <name>.debug_info</name>
         <load_address>0x84ca</load_address>
         <run_address>0x84ca</run_address>
         <size>0x18b</size>
         <input_file_ref idref="fl-3"/>
      </object_component>
      <object_component id="oc-252">
         <name>.debug_info</name>
         <load_address>0x8655</load_address>
         <run_address>0x8655</run_address>
         <size>0x2ab</size>
         <input_file_ref idref="fl-6d"/>
      </object_component>
      <object_component id="oc-257">
         <name>.debug_info</name>
         <load_address>0x8900</load_address>
         <run_address>0x8900</run_address>
         <size>0x4ad</size>
         <input_file_ref idref="fl-6d"/>
      </object_component>
      <object_component id="oc-25c">
         <name>.debug_info</name>
         <load_address>0x8dad</load_address>
         <run_address>0x8dad</run_address>
         <size>0x294</size>
         <input_file_ref idref="fl-6d"/>
      </object_component>
      <object_component id="oc-265">
         <name>.debug_info</name>
         <load_address>0x9041</load_address>
         <run_address>0x9041</run_address>
         <size>0x2ec</size>
         <input_file_ref idref="fl-6a"/>
      </object_component>
      <object_component id="oc-26a">
         <name>.debug_info</name>
         <load_address>0x932d</load_address>
         <run_address>0x932d</run_address>
         <size>0x2aa</size>
         <input_file_ref idref="fl-6a"/>
      </object_component>
      <object_component id="oc-26e">
         <name>.debug_info</name>
         <load_address>0x95d7</load_address>
         <run_address>0x95d7</run_address>
         <size>0x289</size>
         <input_file_ref idref="fl-6a"/>
      </object_component>
      <object_component id="oc-274">
         <name>.debug_info</name>
         <load_address>0x9860</load_address>
         <run_address>0x9860</run_address>
         <size>0x345</size>
         <input_file_ref idref="fl-6a"/>
      </object_component>
      <object_component id="oc-278">
         <name>.debug_info</name>
         <load_address>0x9ba5</load_address>
         <run_address>0x9ba5</run_address>
         <size>0x2a2</size>
         <input_file_ref idref="fl-6a"/>
      </object_component>
      <object_component id="oc-27d">
         <name>.debug_info</name>
         <load_address>0x9e47</load_address>
         <run_address>0x9e47</run_address>
         <size>0x294</size>
         <input_file_ref idref="fl-6a"/>
      </object_component>
      <object_component id="oc-282">
         <name>.debug_info</name>
         <load_address>0xa0db</load_address>
         <run_address>0xa0db</run_address>
         <size>0x39a</size>
         <input_file_ref idref="fl-69"/>
      </object_component>
      <object_component id="oc-287">
         <name>.debug_info</name>
         <load_address>0xa475</load_address>
         <run_address>0xa475</run_address>
         <size>0x252</size>
         <input_file_ref idref="fl-69"/>
      </object_component>
      <object_component id="oc-28c">
         <name>.debug_info</name>
         <load_address>0xa6c7</load_address>
         <run_address>0xa6c7</run_address>
         <size>0x303</size>
         <input_file_ref idref="fl-69"/>
      </object_component>
      <object_component id="oc-291">
         <name>.debug_info</name>
         <load_address>0xa9ca</load_address>
         <run_address>0xa9ca</run_address>
         <size>0x383</size>
         <input_file_ref idref="fl-69"/>
      </object_component>
      <object_component id="oc-296">
         <name>.debug_info</name>
         <load_address>0xad4d</load_address>
         <run_address>0xad4d</run_address>
         <size>0x2cb</size>
         <input_file_ref idref="fl-69"/>
      </object_component>
      <object_component id="oc-29b">
         <name>.debug_info</name>
         <load_address>0xb018</load_address>
         <run_address>0xb018</run_address>
         <size>0x2bd</size>
         <input_file_ref idref="fl-69"/>
      </object_component>
      <object_component id="oc-2a0">
         <name>.debug_info</name>
         <load_address>0xb2d5</load_address>
         <run_address>0xb2d5</run_address>
         <size>0x2df</size>
         <input_file_ref idref="fl-69"/>
      </object_component>
      <object_component id="oc-2a5">
         <name>.debug_info</name>
         <load_address>0xb5b4</load_address>
         <run_address>0xb5b4</run_address>
         <size>0x28b</size>
         <input_file_ref idref="fl-69"/>
      </object_component>
      <object_component id="oc-2ad">
         <name>.debug_info</name>
         <load_address>0xb83f</load_address>
         <run_address>0xb83f</run_address>
         <size>0x2c2</size>
         <input_file_ref idref="fl-6c"/>
      </object_component>
      <object_component id="oc-2b3">
         <name>.debug_info</name>
         <load_address>0xbb01</load_address>
         <run_address>0xbb01</run_address>
         <size>0x25e</size>
         <input_file_ref idref="fl-6c"/>
      </object_component>
      <object_component id="oc-2b8">
         <name>.debug_info</name>
         <load_address>0xbd5f</load_address>
         <run_address>0xbd5f</run_address>
         <size>0x254</size>
         <input_file_ref idref="fl-6c"/>
      </object_component>
      <object_component id="oc-2bb">
         <name>.debug_info</name>
         <load_address>0xbfb3</load_address>
         <run_address>0xbfb3</run_address>
         <size>0x4eb</size>
         <input_file_ref idref="fl-6b"/>
      </object_component>
      <object_component id="oc-2c0">
         <name>.debug_info</name>
         <load_address>0xc49e</load_address>
         <run_address>0xc49e</run_address>
         <size>0x26e</size>
         <input_file_ref idref="fl-6b"/>
      </object_component>
      <object_component id="oc-2c5">
         <name>.debug_info</name>
         <load_address>0xc70c</load_address>
         <run_address>0xc70c</run_address>
         <size>0x2d2</size>
         <input_file_ref idref="fl-6b"/>
      </object_component>
      <object_component id="oc-2ca">
         <name>.debug_info</name>
         <load_address>0xc9de</load_address>
         <run_address>0xc9de</run_address>
         <size>0x2bb</size>
         <input_file_ref idref="fl-6b"/>
      </object_component>
      <object_component id="oc-2d5">
         <name>.debug_info</name>
         <load_address>0xcc99</load_address>
         <run_address>0xcc99</run_address>
         <size>0x2ba</size>
         <input_file_ref idref="fl-6e"/>
      </object_component>
      <object_component id="oc-2e3">
         <name>.debug_info</name>
         <load_address>0xcf53</load_address>
         <run_address>0xcf53</run_address>
         <size>0xe8</size>
         <input_file_ref idref="fl-7"/>
      </object_component>
      <object_component id="oc-2ec">
         <name>.debug_info</name>
         <load_address>0xd03b</load_address>
         <run_address>0xd03b</run_address>
         <size>0x13d</size>
         <input_file_ref idref="fl-7"/>
      </object_component>
      <object_component id="oc-2fb">
         <name>.debug_info</name>
         <load_address>0xd178</load_address>
         <run_address>0xd178</run_address>
         <size>0x2db</size>
         <input_file_ref idref="fl-6d"/>
      </object_component>
      <object_component id="oc-302">
         <name>.debug_info</name>
         <load_address>0xd453</load_address>
         <run_address>0xd453</run_address>
         <size>0x180</size>
         <input_file_ref idref="fl-6a"/>
      </object_component>
      <object_component id="oc-305">
         <name>.debug_info</name>
         <load_address>0xd5d3</load_address>
         <run_address>0xd5d3</run_address>
         <size>0x2c</size>
         <input_file_ref idref="fl-60"/>
      </object_component>
      <object_component id="oc-389">
         <name>.debug_info</name>
         <load_address>0xd5ff</load_address>
         <run_address>0xd5ff</run_address>
         <size>0xb6</size>
      </object_component>
      <object_component id="oc-80">
         <name>.debug_line</name>
         <load_address>0x0</load_address>
         <run_address>0x0</run_address>
         <size>0x4f</size>
         <input_file_ref idref="fl-d"/>
      </object_component>
      <object_component id="oc-8c">
         <name>.debug_line</name>
         <load_address>0x4f</load_address>
         <run_address>0x4f</run_address>
         <size>0x50</size>
         <input_file_ref idref="fl-41"/>
      </object_component>
      <object_component id="oc-8f">
         <name>.debug_line</name>
         <load_address>0x9f</load_address>
         <run_address>0x9f</run_address>
         <size>0x4a</size>
         <input_file_ref idref="fl-43"/>
      </object_component>
      <object_component id="oc-94">
         <name>.debug_line</name>
         <load_address>0xe9</load_address>
         <run_address>0xe9</run_address>
         <size>0x49</size>
         <input_file_ref idref="fl-42"/>
      </object_component>
      <object_component id="oc-9d">
         <name>.debug_line</name>
         <load_address>0x132</load_address>
[...]
      </symbol>
      <symbol id="sm-490">
         <name>recUploads</name>
         <value>0xff02</value>
         <object_component_ref idref="oc-106"/>
      </symbol>
      <symbol id="sm-491">
         <name>recReadings</name>
         <value>0xff04</value>
         <object_component_ref idref="oc-106"/>
      </symbol>
      <symbol id="sm-492">
         <name>nest_ID</name>
         <value>0xff24</value>
         <object_component_ref idref="oc-106"/>
      </symbol>
      <symbol id="sm-493">
         <name>messages</name>
         <value>0x1c00</value>
         <object_component_ref idref="oc-15c"/>
      </symbol>
      <symbol id="sm-494">
         <name>recSecs</name>
         <value>0xff1a</value>
         <object_component_ref idref="oc-106"/>
      </symbol>
      <symbol id="sm-495">
         <name>parameters</name>
         <value>0xff54</value>
         <object_component_ref idref="oc-106"/>
      </symbol>
      <symbol id="sm-496">
         <name>room_here</name>
         <value>0xff10</value>
         <object_component_ref idref="oc-106"/>
      </symbol>
      <symbol id="sm-4a5">
         <name>_stack</name>
         <value>0x1fc0</value>
         <object_component_ref idref="oc-99"/>
      </symbol>
      <symbol id="sm-4a6">
         <name>_reset_vector</name>
         <value>0xfffe</value>
         <object_component_ref idref="oc-9b"/>
      </symbol>
      <symbol id="sm-4c9">
         <name>__TI_int51</name>
         <value>0xfff6</value>
         <object_component_ref idref="oc-84"/>
      </symbol>
      <symbol id="sm-529">
         <name>__TI_int31</name>
         <value>0xffce</value>
         <object_component_ref idref="oc-6b"/>
      </symbol>
      <symbol id="sm-52c">
         <name>__TI_int32</name>
         <value>0xffd0</value>
         <object_component_ref idref="oc-6c"/>
      </symbol>
      <symbol id="sm-52f">
         <name>__TI_int33</name>
         <value>0xffd2</value>
         <object_component_ref idref="oc-6d"/>
      </symbol>
      <symbol id="sm-532">
         <name>__TI_int34</name>
         <value>0xffd4</value>
         <object_component_ref idref="oc-6e"/>
      </symbol>
      <symbol id="sm-535">
         <name>__TI_int35</name>
         <value>0xffd6</value>
         <object_component_ref idref="oc-6f"/>
      </symbol>
      <symbol id="sm-538">
         <name>__TI_int36</name>
         <value>0xffd8</value>
         <object_component_ref idref="oc-70"/>
      </symbol>
      <symbol id="sm-53b">
         <name>__TI_int37</name>
         <value>0xffda</value>
         <object_component_ref idref="oc-71"/>
      </symbol>
      <symbol id="sm-53e">
         <name>__TI_int38</name>
         <value>0xffdc</value>
         <object_component_ref idref="oc-72"/>
      </symbol>
      <symbol id="sm-541">
         <name>__TI_int39</name>
         <value>0xffde</value>
         <object_component_ref idref="oc-73"/>
      </symbol>
      <symbol id="sm-544">
         <name>__TI_int40</name>
         <value>0xffe0</value>
         <object_component_ref idref="oc-74"/>
      </symbol>
      <symbol id="sm-547">
         <name>__TI_int41</name>
         <value>0xffe2</value>
         <object_component_ref idref="oc-75"/>
      </symbol>
      <symbol id="sm-54a">
         <name>__TI_int42</name>
         <value>0xffe4</value>
         <object_component_ref idref="oc-76"/>
      </symbol>
      <symbol id="sm-54d">
         <name>__TI_int43</name>
         <value>0xffe6</value>
         <object_component_ref idref="oc-77"/>
      </symbol>
      <symbol id="sm-550">
         <name>__TI_int44</name>
         <value>0xffe8</value>
         <object_component_ref idref="oc-78"/>
      </symbol>
      <symbol id="sm-553">
         <name>__TI_int45</name>
         <value>0xffea</value>
         <object_component_ref idref="oc-79"/>
      </symbol>
      <symbol id="sm-556">
         <name>__TI_int46</name>
         <value>0xffec</value>
         <object_component_ref idref="oc-7a"/>
      </symbol>
      <symbol id="sm-559">
         <name>__TI_int47</name>
         <value>0xffee</value>
         <object_component_ref idref="oc-7b"/>
      </symbol>
      <symbol id="sm-55c">
         <name>__TI_int48</name>
         <value>0xfff0</value>
         <object_component_ref idref="oc-7c"/>
      </symbol>
      <symbol id="sm-55f">
         <name>__TI_int49</name>
         <value>0xfff2</value>
         <object_component_ref idref="oc-7d"/>
      </symbol>
      <symbol id="sm-562">
         <name>__TI_int50</name>
         <value>0xfff4</value>
         <object_component_ref idref="oc-83"/>
      </symbol>
      <symbol id="sm-565">
         <name>__TI_int52</name>
         <value>0xfff8</value>
         <object_component_ref idref="oc-85"/>
      </symbol>
      <symbol id="sm-568">
         <name>__TI_int53</name>
         <value>0xfffa</value>
         <object_component_ref idref="oc-86"/>
      </symbol>
      <symbol id="sm-56b">
         <name>__TI_int54</name>
         <value>0xfffc</value>
         <object_component_ref idref="oc-87"/>
      </symbol>
      <symbol id="sm-638">
         <name>CS_XT2ClockFrequency</name>
         <value>0x1d12</value>
         <object_component_ref idref="oc-301"/>
      </symbol>
      <symbol id="sm-639">
         <name>CS_XT1ClockFrequency</name>
         <value>0x1d0e</value>
         <object_component_ref idref="oc-301"/>
      </symbol>
      <symbol id="sm-69a">
         <name>ti_catalog_msp430_init_Boot_init</name>
         <value>0xde4c</value>
         <object_component_ref idref="oc-e9"/>
      </symbol>
      <symbol id="sm-69b">
         <name>xdc_runtime_Startup_reset__I</name>
         <value>0xde90</value>
         <object_component_ref idref="oc-a0"/>
      </symbol>
      <symbol id="sm-69c">
         <name>send_byte</name>
         <value>0xdd3c</value>
         <object_component_ref idref="oc-227"/>
      </symbol>
      <symbol id="sm-69d">
         <name>send_integer</name>
         <value>0xddcc</value>
         <object_component_ref idref="oc-22c"/>
      </symbol>
      <symbol id="sm-69e">
         <name>watchdog_password</name>
         <value>0xc78c</value>
         <object_component_ref idref="oc-1a6"/>
      </symbol>
      <symbol id="sm-69f">
         <name>sensor_connection</name>
         <value>0xda20</value>
         <object_component_ref idref="oc-11e"/>
      </symbol>
      <symbol id="sm-6a0">
         <name>reset_phone_UART</name>
         <value>0xdbfc</value>
         <object_component_ref idref="oc-1fa"/>
      </symbol>
      <symbol id="sm-6a1">
         <name>contact_sensor</name>
         <value>0xdca6</value>
         <object_component_ref idref="oc-f7"/>
      </symbol>
      <symbol id="sm-6a2">
         <name>clear_data</name>
         <value>0xd216</value>
         <object_component_ref idref="oc-19b"/>
      </symbol>
      <symbol id="sm-6a3">
         <name>start_up</name>
         <value>0xc800</value>
         <object_component_ref idref="oc-f2"/>
      </symbol>
      <symbol id="sm-6a4">
         <name>readBattery</name>
         <value>0xd190</value>
         <object_component_ref idref="oc-1f4"/>
      </symbol>
      <symbol id="sm-6a5">
         <name>multi_blink</name>
         <value>0xdb64</value>
         <object_component_ref idref="oc-183"/>
      </symbol>
      <symbol id="sm-6a6">
         <name>watchdog_reset</name>
         <value>0xdd52</value>
         <object_component_ref idref="oc-128"/>
      </symbol>
      <symbol id="sm-6a7">
         <name>ascii2int</name>
         <value>0xd94a</value>
         <object_component_ref idref="oc-20b"/>
      </symbol>
      <symbol id="sm-6a8">
         <name>set_report_frequency</name>
         <value>0xd810</value>
         <object_component_ref idref="oc-10d"/>
      </symbol>
      <symbol id="sm-6a9">
         <name>ATresponse</name>
         <value>0xd900</value>
         <object_component_ref idref="oc-204"/>
      </symbol>
      <symbol id="sm-6aa">
         <name>rs485_on</name>
         <value>0xdb0a</value>
         <object_component_ref idref="oc-17d"/>
      </symbol>
      <symbol id="sm-6ab">
         <name>main</name>
         <value>0xd532</value>
         <object_component_ref idref="oc-af"/>
      </symbol>
      <symbol id="sm-6ac">
         <name>report_counter</name>
         <value>0xd65e</value>
         <object_component_ref idref="oc-191"/>
      </symbol>
      <symbol id="sm-6ad">
         <name>blink</name>
         <value>0xdd26</value>
         <object_component_ref idref="oc-117"/>
      </symbol>
      <symbol id="sm-6ae">
         <name>sendMessage</name>
         <value>0xd6b8</value>
         <object_component_ref idref="oc-1ff"/>
      </symbol>
      <symbol id="sm-6af">
         <name>move_string</name>
         <value>0xdaa2</value>
         <object_component_ref idref="oc-15e"/>
      </symbol>
      <symbol id="sm-6b0">
         <name>phone_it_in</name>
         <value>0xd9da</value>
         <object_component_ref idref="oc-112"/>
      </symbol>
      <symbol id="sm-6b1">
         <name>wait</name>
         <value>0xdb3a</value>
         <object_component_ref idref="oc-108"/>
      </symbol>
      <symbol id="sm-6b2">
         <name>send_report</name>
         <value>0xc8fe</value>
         <object_component_ref idref="oc-196"/>
      </symbol>
      <symbol id="sm-6b3">
         <name>phone_on</name>
         <value>0xcd38</value>
         <object_component_ref idref="oc-163"/>
      </symbol>
      <symbol id="sm-6b4">
         <name>int2ascii</name>
         <value>0xd454</value>
         <object_component_ref idref="oc-212"/>
      </symbol>
      <symbol id="sm-6b5">
         <name>phone_off</name>
         <value>0xd8b2</value>
         <object_component_ref idref="oc-177"/>
      </symbol>
      <symbol id="sm-6b6">
         <name>makeConnection</name>
         <value>0xd600</value>
         <object_component_ref idref="oc-168"/>
      </symbol>
      <symbol id="sm-6b7">
         <name>report_record_data</name>
         <value>0xd102</value>
         <object_component_ref idref="oc-233"/>
      </symbol>
      <symbol id="sm-6b8">
         <name>await_connection</name>
         <value>0xdbb2</value>
         <object_component_ref idref="oc-123"/>
      </symbol>
      <symbol id="sm-6b9">
         <name>transfer_string</name>
         <value>0xd300</value>
         <object_component_ref idref="oc-157"/>
      </symbol>
      <symbol id="sm-6ba">
         <name>send_nibble</name>
         <value>0xdc86</value>
         <object_component_ref idref="oc-2eb"/>
      </symbol>
      <symbol id="sm-6bb">
         <name>set_time</name>
         <value>0xc9f6</value>
         <object_component_ref idref="oc-172"/>
      </symbol>
      <symbol id="sm-6bc">
         <name>SS_receive_records</name>
         <value>0xd28c</value>
         <object_component_ref idref="oc-101"/>
      </symbol>
      <symbol id="sm-6bd">
         <name>SS_command</name>
         <value>0xd06c</value>
         <object_component_ref idref="oc-fc"/>
      </symbol>
      <symbol id="sm-6be">
         <name>do_script</name>
         <value>0xd862</value>
         <object_component_ref idref="oc-222"/>
      </symbol>
      <symbol id="sm-6bf">
         <name>sleep</name>
         <value>0xde16</value>
         <object_component_ref idref="oc-16d"/>
      </symbol>
      <symbol id="sm-6c0">
         <name>_c_int00_noexit</name>
         <value>0xdb8c</value>
         <object_component_ref idref="oc-7e"/>
      </symbol>
      <symbol id="sm-6c1">
         <name>_c_int00</name>
         <value>0xdb8c</value>
         <object_component_ref idref="oc-7e"/>
      </symbol>
      <symbol id="sm-6c2">
         <name>_system_pre_init</name>
         <value>0xde96</value>
         <object_component_ref idref="oc-a5"/>
      </symbol>
      <symbol id="sm-6c3">
         <name>ti_catalog_msp430_init_Boot_disableWatchdog</name>
         <value>0xde56</value>
         <object_component_ref idref="oc-145"/>
      </symbol>
      <symbol id="sm-6c4">
         <name>InterruptVectors_graceInit</name>
         <value>0xde9e</value>
         <object_component_ref idref="oc-1df"/>
      </symbol>
      <symbol id="sm-6c5">
         <name>TIMER0_B0_ISR_HOOK</name>
         <value>0xd768</value>
         <object_component_ref idref="oc-bf"/>
      </symbol>
      <symbol id="sm-6c6">
         <name>__TI_args_main</name>
         <value>0x1</value>
      </symbol>
      <symbol id="sm-6c7">
         <name>__TI_INITARRAY_Base</name>
         <value>0x0</value>
      </symbol>
      <symbol id="sm-6c8">
         <name>__TI_INITARRAY_Limit</name>
         <value>0x0</value>
      </symbol>
      <symbol id="sm-6c9">
         <name>_auto_init_hold_wdt</name>
         <value>0xd4c4</value>
         <object_component_ref idref="oc-aa"/>
      </symbol>
      <symbol id="sm-6ca">
         <name>__TI_decompress_none</name>
         <value>0xde04</value>
         <object_component_ref idref="oc-88"/>
      </symbol>
      <symbol id="sm-6cb">
         <name>__TI_decompress_rle24</name>
         <value>0xde8a</value>
         <object_component_ref idref="oc-92"/>
      </symbol>
      <symbol id="sm-6cc">
         <name>__TI_zero_init</name>
         <value>0xdbd8</value>
         <object_component_ref idref="oc-8d"/>
      </symbol>
      <symbol id="sm-6cd">
         <name>C$$EXIT</name>
         <value>0xde9a</value>
         <object_component_ref idref="oc-b4"/>
      </symbol>
      <symbol id="sm-6ce">
         <name>abort</name>
         <value>0xde9a</value>
         <object_component_ref idref="oc-b4"/>
      </symbol>
      <symbol id="sm-6cf">
         <name>__TI_exit</name>
         <value>0x1</value>
      </symbol>
      <symbol id="sm-6d0">
         <name>__TI_ISR_TRAP</name>
         <value>0xde84</value>
         <object_component_ref idref="oc-9c"/>
      </symbol>
      <symbol id="sm-6d1">
         <name>memcpy</name>
         <value>0xddb8</value>
         <object_component_ref idref="oc-c4"/>
      </symbol>
      <symbol id="sm-6d2">
         <name>Grace_init</name>
         <value>0xdad8</value>
         <object_component_ref idref="oc-152"/>
      </symbol>
      <symbol id="sm-6d3">
         <name>Timer0_B3_graceInit</name>
         <value>0xd994</value>
         <object_component_ref idref="oc-1bc"/>
      </symbol>
      <symbol id="sm-6d4">
         <name>GPIO_graceInit</name>
         <value>0xcfd0</value>
         <object_component_ref idref="oc-1c1"/>
      </symbol>
      <symbol id="sm-6d5">
         <name>CS_graceInit</name>
         <value>0xce8e</value>
         <object_component_ref idref="oc-1c6"/>
      </symbol>
      <symbol id="sm-6d6">
         <name>ADC10_B_graceInit</name>
         <value>0xcf34</value>
         <object_component_ref idref="oc-1cb"/>
      </symbol>
      <symbol id="sm-6d7">
         <name>REF_graceInit</name>
         <value>0xdc64</value>
         <object_component_ref idref="oc-1d0"/>
      </symbol>
      <symbol id="sm-6d8">
         <name>EUSCI_A0_graceInit</name>
         <value>0xd374</value>
         <object_component_ref idref="oc-1d5"/>
      </symbol>
      <symbol id="sm-6d9">
         <name>EUSCI_A1_graceInit</name>
         <value>0xd3e4</value>
         <object_component_ref idref="oc-1da"/>
      </symbol>
      <symbol id="sm-6da">
         <name>System_graceInit</name>
         <value>0xde78</value>
         <object_component_ref idref="oc-1e4"/>
      </symbol>
      <symbol id="sm-6db">
         <name>WDT_A_graceInit</name>
         <value>0xddf2</value>
         <object_component_ref idref="oc-1e9"/>
      </symbol>
      <symbol id="sm-6dc">
         <name>ADC10_B_setupSamplingTimer</name>
         <value>0xdcc4</value>
         <object_component_ref idref="oc-28b"/>
      </symbol>
      <symbol id="sm-6dd">
         <name>ADC10_B_setSampleHoldSignalInversion</name>
         <value>0xdd10</value>
         <object_component_ref idref="oc-295"/>
      </symbol>
      <symbol id="sm-6de">
         <name>ADC10_B_enable</name>
         <value>0xde5e</value>
         <object_component_ref idref="oc-286"/>
      </symbol>
      <symbol id="sm-6df">
         <name>ADC10_B_memoryConfigure</name>
         <value>0xdde0</value>
         <object_component_ref idref="oc-290"/>
      </symbol>
      <symbol id="sm-6e0">
         <name>ADC10_B_init</name>
         <value>0xd7be</value>
         <object_component_ref idref="oc-281"/>
      </symbol>
      <symbol id="sm-6e1">
         <name>ADC10_B_setReferenceBufferSamplingRate</name>
         <value>0xdd7c</value>
         <object_component_ref idref="oc-29f"/>
      </symbol>
      <symbol id="sm-6e2">
         <name>ADC10_B_setDataReadBackFormat</name>
         <value>0xdd68</value>
         <object_component_ref idref="oc-29a"/>
      </symbol>
      <symbol id="sm-6e3">
         <name>ADC10_B_disableInterrupt</name>
         <value>0xde26</value>
         <object_component_ref idref="oc-2a4"/>
      </symbol>
      <symbol id="sm-6e4">
         <name>CS_setDCOFreq</name>
         <value>0xdcf8</value>
         <object_component_ref idref="oc-26c"/>
      </symbol>
      <symbol id="sm-6e5">
         <name>CS_clearAllOscFlagsWithTimeout</name>
         <value>0xda66</value>
         <object_component_ref idref="oc-276"/>
      </symbol>
      <symbol id="sm-6e6">
         <name>CS_disableClockRequest</name>
         <value>0xdcde</value>
         <object_component_ref idref="oc-27b"/>
      </symbol>
      <symbol id="sm-6e7">
         <name>CS_XT1StartWithTimeout</name>
         <value>0xcbb4</value>
         <object_component_ref idref="oc-267"/>
      </symbol>
      <symbol id="sm-6e8">
         <name>CS_setExternalClockSource</name>
         <value>0xdc20</value>
         <object_component_ref idref="oc-262"/>
      </symbol>
      <symbol id="sm-6e9">
         <name>CS_clockSignalInit</name>
         <value>0xcc78</value>
         <object_component_ref idref="oc-271"/>
      </symbol>
      <symbol id="sm-6ea">
         <name>EUSCI_A_UART_enable</name>
         <value>0xde66</value>
         <object_component_ref idref="oc-2bf"/>
      </symbol>
      <symbol id="sm-6eb">
         <name>EUSCI_A_UART_selectDeglitchTime</name>
         <value>0xdd90</value>
         <object_component_ref idref="oc-2c4"/>
      </symbol>
      <symbol id="sm-6ec">
         <name>EUSCI_A_UART_disableInterrupt</name>
         <value>0xdc42</value>
         <object_component_ref idref="oc-2c9"/>
      </symbol>
      <symbol id="sm-6ed">
         <name>EUSCI_A_UART_initAdvance</name>
         <value>0xcde4</value>
         <object_component_ref idref="oc-2ba"/>
      </symbol>
      <symbol id="sm-6ee">
         <name>REF_setReferenceVoltage</name>
         <value>0xde34</value>
         <object_component_ref idref="oc-2aa"/>
      </symbol>
      <symbol id="sm-6ef">
         <name>REF_enableReferenceVoltage</name>
         <value>0xde72</value>
         <object_component_ref idref="oc-2af"/>
      </symbol>
      <symbol id="sm-6f0">
         <name>REF_disableTempSensor</name>
         <value>0xde6c</value>
         <object_component_ref idref="oc-2b4"/>
      </symbol>
      <symbol id="sm-6f1">
         <name>TIMER_B_selectCounterLength</name>
         <value>0xde40</value>
         <object_component_ref idref="oc-251"/>
      </symbol>
      <symbol id="sm-6f2">
         <name>TIMER_B_configureUpMode</name>
         <value>0xd712</value>
         <object_component_ref idref="oc-256"/>
      </symbol>
      <symbol id="sm-6f3">
         <name>TIMER_B_startCounter</name>
         <value>0xde7e</value>
         <object_component_ref idref="oc-25b"/>
      </symbol>
      <symbol id="sm-6f4">
         <name>WDT_A_watchdogTimerInit</name>
         <value>0xdda4</value>
         <object_component_ref idref="oc-2d2"/>
      </symbol>
   </symbol_table>
   <title>Link successful</title>
</link_info>
