******************************************************************************
                  MSP430 Linker PC v4.2.3                      
******************************************************************************
>> Linked Sun Jun 22 03:13:32 2014

OUTPUT FILE NAME:   <Comm Head v0.2502.out>
ENTRY POINT SYMBOL: "_c_int00"  address: 0000dc10


MEMORY CONFIGURATION

         name            origin    length      used     unused   attr    fill
----------------------  --------  ---------  --------  --------  ----  --------
  SFR                   00000000   00000010  00000000  00000010  RWIX
  PERIPHERALS_8BIT      00000010   000000f0  00000000  000000f0  RWIX
  PERIPHERALS_16BIT     00000100   00000100  00000000  00000100  RWIX
  INFOB                 00001800   00000080  00000000  00000080  RWIX
  INFOA                 00001880   00000080  00000000  00000080  RWIX
  RAM                   00001c00   00000400  0000015a  000002a6  RWIX
  FRAM                  0000c200   00001e00  00001d24  000000dc  RWIX
  FRAM_VARS             0000e000   00001f80  00001f1f  00000061  RWIX
  JTAGSIGNATURE         0000ff80   00000004  00000004  00000000  RWIX  ffff 
  BSLSIGNATURE          0000ff84   00000004  00000004  00000000  RWIX  ffff 
  IPESIGNATURE          0000ff88   00000008  00000008  00000000  RWIX  ffff 
  INT00                 0000ff90   00000002  00000000  00000002  RWIX
  INT01                 0000ff92   00000002  00000000  00000002  RWIX
  INT02                 0000ff94   00000002  00000000  00000002  RWIX
  INT03                 0000ff96   00000002  00000000  00000002  RWIX
  INT04                 0000ff98   00000002  00000000  00000002  RWIX
  INT05                 0000ff9a   00000002  00000000  00000002  RWIX
  INT06                 0000ff9c   00000002  00000000  00000002  RWIX
  INT07                 0000ff9e   00000002  00000000  00000002  RWIX
  INT08                 0000ffa0   00000002  00000000  00000002  RWIX
  INT09                 0000ffa2   00000002  00000000  00000002  RWIX
  INT10                 0000ffa4   00000002  00000000  00000002  RWIX
  INT11                 0000ffa6   00000002  00000000  00000002  RWIX
  INT12                 0000ffa8   00000002  00000000  00000002  RWIX
  INT13                 0000ffaa   00000002  00000000  00000002  RWIX
  INT14                 0000ffac   00000002  00000000  00000002  RWIX
  INT15                 0000ffae   00000002  00000000  00000002  RWIX
  INT16                 0000ffb0   00000002  00000000  00000002  RWIX
  INT17                 0000ffb2   00000002  00000000  00000002  RWIX
  INT18                 0000ffb4   00000002  00000000  00000002  RWIX
  INT19                 0000ffb6   00000002  00000000  00000002  RWIX
  INT20                 0000ffb8   00000002  00000000  00000002  RWIX
  INT21                 0000ffba   00000002  00000000  00000002  RWIX
  INT22                 0000ffbc   00000002  00000000  00000002  RWIX
  INT23                 0000ffbe   00000002  00000000  00000002  RWIX
  INT24                 0000ffc0   00000002  00000000  00000002  RWIX
  INT25                 0000ffc2   00000002  00000000  00000002  RWIX
  INT26                 0000ffc4   00000002  00000000  00000002  RWIX
  INT27                 0000ffc6   00000002  00000000  00000002  RWIX
  INT28                 0000ffc8   00000002  00000000  00000002  RWIX
  INT29                 0000ffca   00000002  00000000  00000002  RWIX
  INT30                 0000ffcc   00000002  00000000  00000002  RWIX
  INT31                 0000ffce   00000002  00000002  00000000  RWIX
  INT32                 0000ffd0   00000002  00000002  00000000  RWIX
  INT33                 0000ffd2   00000002  00000002  00000000  RWIX
  INT34                 0000ffd4   00000002  00000002  00000000  RWIX
  INT35                 0000ffd6   00000002  00000002  00000000  RWIX
  INT36                 0000ffd8   00000002  00000002  00000000  RWIX
  INT37                 0000ffda   00000002  00000002  00000000  RWIX
  INT38                 0000ffdc   00000002  00000002  00000000  RWIX
  INT39                 0000ffde   00000002  00000002  00000000  RWIX
  INT40                 0000ffe0   00000002  00000002  00000000  RWIX
  INT41                 0000ffe2   00000002  00000002  00000000  RWIX
  INT42                 0000ffe4   00000002  00000002  00000000  RWIX
  INT43                 0000ffe6   00000002  00000002  00000000  RWIX
  INT44                 0000ffe8   00000002  00000002  00000000  RWIX
  INT45                 0000ffea   00000002  00000002  00000000  RWIX
  INT46                 0000ffec   00000002  00000002  00000000  RWIX
  INT47                 0000ffee   00000002  00000002  00000000  RWIX
  INT48                 0000fff0   00000002  00000002  00000000  RWIX
  INT49                 0000fff2   00000002  00000002  00000000  RWIX
  INT50                 0000fff4   00000002  00000002  00000000  RWIX
  INT51                 0000fff6   00000002  00000002  00000000  RWIX
  INT52                 0000fff8   00000002  00000002  00000000  RWIX
  INT53                 0000fffa   00000002  00000002  00000000  RWIX
  INT54                 0000fffc   00000002  00000002  00000000  RWIX
  RESET                 0000fffe   00000002  00000002  00000000  RWIX


SECTION ALLOCATION MAP

 output                                  attributes/
section   page    origin      length       input sections
--------  ----  ----------  ----------   ----------------
xdc.meta   0    00000000    0000011c     COPY SECTION
                  00000000    0000011c     main_pe430X.oe430X (xdc.meta)

.data      0    00001c00    00000112     UNINITIALIZED
                  00001c00    000000fc     main.obj (.data:messages)
                  00001cfc    0000000d     main.obj (.data)
                  00001d09    00000001     --HOLE--
                  00001d0a    00000008     grace.lib : cs.obj (.data)

.TI.persistent 
*          0    00001c00    00000000     UNINITIALIZED

.bss       0    00001d12    00000008     UNINITIALIZED
                  00001d12    00000004     (.common:x)
                  00001d16    00000002     (.common:y)
                  00001d18    00000002     (.common:z)

.TI.noinit 
*          0    00001d12    00000000     UNINITIALIZED

.stack     0    00001fc0    00000040     UNINITIALIZED
                  00001fc0    00000004     ti.targets.msp430.rts430.ae430X : boot.oe430X (.stack)
                  00001fc4    0000003c     --HOLE--

.cio       0    0000c200    00000000     UNINITIALIZED

.sysmem    0    0000c200    00000000     UNINITIALIZED

.cinit     0    0000c200    0000013c     
                  0000c200    00000118     (.cinit..data.load) [load image]
                  0000c31a    0000000c     (__TI_handler_table)
                  0000c326    00000006     (.cinit..bss.load) [load image, compression = zero_init]
                  0000c32c    00000010     (__TI_cinit_table)

.pinit     0    0000c33c    00000000     UNINITIALIZED

.init_array 
*          0    0000c33c    00000000     UNINITIALIZED

.mspabi.exidx 
*          0    0000c33c    00000000     UNINITIALIZED

.mspabi.extab 
*          0    0000c33c    00000000     UNINITIALIZED

.const     0    0000c33c    0000040a     
                  0000c33c    0000039c     main.obj (.const:.string)
                  0000c6d8    0000002d     main.obj (.const:.string:report_script)
                  0000c705    00000001     --HOLE-- [fill = 0]
                  0000c706    00000024     main.obj (.const:.string:report_script_noheading)
                  0000c72a    0000000d     main.obj (.const:.string:days_in_month)
                  0000c737    00000001     --HOLE-- [fill = 0]
                  0000c738    0000000a     main.obj (.const:powers_of_10)
                  0000c742    00000004     main.obj (.const:.string:end_report)

.text      0    0000c800    00001724     
                  0000c800    00000144     main.obj (.text:send_report)
                  0000c944    00000118     main.obj (.text:start_up)
                  0000ca5c    000000da     grace.lib : timer_b.obj (.text:privateTimerBProcessClockSourceDivider)
                  0000cb36    000000ce     main.obj (.text:set_time)
                  0000cc04    000000c4     grace.lib : cs.obj (.text:CS_XT1StartWithTimeout)
                  0000ccc8    000000c0               : cs.obj (.text:CS_clockSignalInit)
                  0000cd88    000000ac     main.obj (.text:phone_on)
                  0000ce34    000000aa     grace.lib : eusci_a_uart.obj (.text:EUSCI_A_UART_initAdvance)
                  0000cede    000000a6               : CS_init.obj (.text:CS_graceInit)
                  0000cf84    0000009c               : ADC10_B_init.obj (.text:ADC10_B_graceInit)
                  0000d020    0000009c               : GPIO_init.obj (.text:GPIO_graceInit)
                  0000d0bc    00000096     main.obj (.text:SS_command)
                  0000d152    0000008e     main.obj (.text:report_record_data)
                  0000d1e0    00000088     main.obj (.text:main)
                  0000d268    00000086     main.obj (.text:readBattery)
                  0000d2ee    00000076     main.obj (.text:clear_data)
                  0000d364    00000074     main.obj (.text:SS_receive_records)
                  0000d3d8    00000074     main.obj (.text:transfer_string)
                  0000d44c    00000070     grace.lib : EUSCI_A0_init.obj (.text:EUSCI_A0_graceInit)
                  0000d4bc    00000070               : EUSCI_A1_init.obj (.text:EUSCI_A1_graceInit)
                  0000d52c    00000070     main.obj (.text:int2ascii)
                  0000d59c    00000070     main.obj (.text:set_report_frequency)
                  0000d60c    0000006e     rts430x_lc_rd_eabi.lib : autoinit.obj (.text:_auto_init_hold_wdt)
                  0000d67a    00000062                            : copy_decompress_rle.obj (.text:__TI_decompress_rle_core)
                  0000d6dc    00000060     main.obj (.text:phone_it_in)
                  0000d73c    0000005e     main.obj (.text:makeConnection)
                  0000d79a    0000005a     main.obj (.text:report_counter)
                  0000d7f4    0000005a     main.obj (.text:sendMessage)
                  0000d84e    00000056     grace.lib : timer_b.obj (.text:TIMER_B_configureUpMode)
                  0000d8a4    00000056               : InterruptVectors_init.obj (.text:_isr:TIMER0_B0_ISR_HOOK)
                  0000d8fa    00000052               : adc10_b.obj (.text:ADC10_B_init)
                  0000d94c    0000004e     main.obj (.text:phone_off)
                  0000d99a    0000004a     main.obj (.text:ATresponse)
                  0000d9e4    0000004a     main.obj (.text:ascii2int)
                  0000da2e    00000046     grace.lib : Timer0_B3_init.obj (.text:Timer0_B3_graceInit)
                  0000da74    00000046     main.obj (.text:sensor_connection)
                  0000daba    0000003c     grace.lib : cs.obj (.text:CS_clearAllOscFlagsWithTimeout)
                  0000daf6    00000036     main.obj (.text:move_string)
                  0000db2c    00000032     grace.lib : Grace_init.obj (.text:Grace_init)
                  0000db5e    00000030     main.obj (.text:do_script)
                  0000db8e    00000030     main.obj (.text:rs485_on)
                  0000dbbe    0000002a     main.obj (.text:wait)
                  0000dbe8    00000028     main.obj (.text:multi_blink)
                  0000dc10    00000026     ti.targets.msp430.rts430.ae430X : boot.oe430X (.text:_isr:_c_int00_noexit)
                  0000dc36    00000026     main.obj (.text:await_connection)
                  0000dc5c    00000024     rts430x_lc_rd_eabi.lib : copy_zero_init.obj (.text:decompress:ZI:__TI_zero_init)
                  0000dc80    00000024     main.obj (.text:reset_phone_UART)
                  0000dca4    00000022     grace.lib : cs.obj (.text:CS_setExternalClockSource)
                  0000dcc6    00000022               : eusci_a_uart.obj (.text:EUSCI_A_UART_disableInterrupt)
                  0000dce8    00000022               : REF_init.obj (.text:REF_graceInit)
                  0000dd0a    00000020     main.obj (.text:send_nibble)
                  0000dd2a    0000001e     main.obj (.text:contact_sensor)
                  0000dd48    0000001a     grace.lib : adc10_b.obj (.text:ADC10_B_setupSamplingTimer)
                  0000dd62    0000001a               : cs.obj (.text:CS_disableClockRequest)
                  0000dd7c    00000018               : cs.obj (.text:CS_setDCOFreq)
                  0000dd94    00000016               : adc10_b.obj (.text:ADC10_B_setSampleHoldSignalInversion)
                  0000ddaa    00000016     main.obj (.text:blink)
                  0000ddc0    00000016     main.obj (.text:send_byte)
                  0000ddd6    00000016     main.obj (.text:watchdog_reset)
                  0000ddec    00000014     grace.lib : adc10_b.obj (.text:ADC10_B_setDataReadBackFormat)
                  0000de00    00000014               : adc10_b.obj (.text:ADC10_B_setReferenceBufferSamplingRate)
                  0000de14    00000014               : eusci_a_uart.obj (.text:EUSCI_A_UART_selectDeglitchTime)
                  0000de28    00000014               : wdt_a.obj (.text:WDT_A_watchdogTimerInit)
                  0000de3c    00000014     rts430x_lc_rd_eabi.lib : memcpy.obj (.text:memcpy)
                  0000de50    00000014     main.obj (.text:send_integer)
                  0000de64    00000012     grace.lib : adc10_b.obj (.text:ADC10_B_memoryConfigure)
                  0000de76    00000012               : WDT_A_init.obj (.text:WDT_A_graceInit)
                  0000de88    00000012     rts430x_lc_rd_eabi.lib : copy_decompress_none.obj (.text:decompress:none:__TI_decompress_none)
                  0000de9a    00000010     main.obj (.text:sleep)
                  0000deaa    0000000e     grace.lib : adc10_b.obj (.text:ADC10_B_disableInterrupt)
                  0000deb8    0000000c               : ref.obj (.text:REF_setReferenceVoltage)
                  0000dec4    0000000c               : timer_b.obj (.text:TIMER_B_selectCounterLength)
                  0000ded0    0000000a     main_pe430X.oe430X (.text:.bootCodeSection:ti_catalog_msp430_init_Boot_init)
                  0000deda    00000008     ti.catalog.msp430.init.ae430X : Boot.oe430X (.text:.bootCodeSection:ti_catalog_msp430_init_Boot_disableWatchdog)
                  0000dee2    00000008     grace.lib : adc10_b.obj (.text:ADC10_B_enable)
                  0000deea    00000006               : eusci_a_uart.obj (.text:EUSCI_A_UART_enable)
                  0000def0    00000006               : ref.obj (.text:REF_disableTempSensor)
                  0000def6    00000006               : ref.obj (.text:REF_enableReferenceVoltage)
                  0000defc    00000006               : System_init.obj (.text:System_graceInit)
                  0000df02    00000006               : timer_b.obj (.text:TIMER_B_startCounter)
                  0000df08    00000006     rts430x_lc_rd_eabi.lib : isr_trap.obj (.text:__TI_ISR_TRAP)
                  0000df0e    00000006                            : copy_decompress_rle.obj (.text:decompress:rle24:__TI_decompress_rle24)
                  0000df14    00000006     main_pe430X.oe430X (.text:xdc_runtime_Startup_reset__I)
                  0000df1a    00000004     ti.targets.msp430.rts430.ae430X : pre_init.oe430X (.text:_system_pre_init)
                  0000df1e    00000004     rts430x_lc_rd_eabi.lib : exit.obj (.text:abort)
                  0000df22    00000002     grace.lib : InterruptVectors_init.obj (.text:InterruptVectors_graceInit)

.fram_vars 
*          0    0000e000    00001f1f     
                  0000e000    00001e82     main.obj (.fram_vars:uninit) [fill = 0]
                  0000fe82    0000009d     main.obj (.fram_vars:init)

$fill000   0    0000ff80    00000004     
                  0000ff80    00000004     --HOLE-- [fill = ffff]

$fill001   0    0000ff84    00000004     
                  0000ff84    00000004     --HOLE-- [fill = ffff]

$fill002   0    0000ff88    00000008     
                  0000ff88    00000008     --HOLE-- [fill = ffff]

RTC        0    0000ffce    00000002     
                  0000ffce    00000002     rts430x_lc_rd_eabi.lib : int31.obj (.int31)

PORT4      0    0000ffd0    00000002     
                  0000ffd0    00000002     rts430x_lc_rd_eabi.lib : int32.obj (.int32)

PORT3      0    0000ffd2    00000002     
                  0000ffd2    00000002     rts430x_lc_rd_eabi.lib : int33.obj (.int33)

TIMER2_B1 
*          0    0000ffd4    00000002     
                  0000ffd4    00000002     rts430x_lc_rd_eabi.lib : int34.obj (.int34)

TIMER2_B0 
*          0    0000ffd6    00000002     
                  0000ffd6    00000002     rts430x_lc_rd_eabi.lib : int35.obj (.int35)

PORT2      0    0000ffd8    00000002     
                  0000ffd8    00000002     rts430x_lc_rd_eabi.lib : int36.obj (.int36)

TIMER1_B1 
*          0    0000ffda    00000002     
                  0000ffda    00000002     rts430x_lc_rd_eabi.lib : int37.obj (.int37)

TIMER1_B0 
*          0    0000ffdc    00000002     
                  0000ffdc    00000002     rts430x_lc_rd_eabi.lib : int38.obj (.int38)

PORT1      0    0000ffde    00000002     
                  0000ffde    00000002     rts430x_lc_rd_eabi.lib : int39.obj (.int39)

TIMER1_A1 
*          0    0000ffe0    00000002     
                  0000ffe0    00000002     rts430x_lc_rd_eabi.lib : int40.obj (.int40)

TIMER1_A0 
*          0    0000ffe2    00000002     
                  0000ffe2    00000002     rts430x_lc_rd_eabi.lib : int41.obj (.int41)

DMA        0    0000ffe4    00000002     
                  0000ffe4    00000002     rts430x_lc_rd_eabi.lib : int42.obj (.int42)

USCI_A1    0    0000ffe6    00000002     
                  0000ffe6    00000002     rts430x_lc_rd_eabi.lib : int43.obj (.int43)

TIMER0_A1 
*          0    0000ffe8    00000002     
                  0000ffe8    00000002     rts430x_lc_rd_eabi.lib : int44.obj (.int44)

TIMER0_A0 
*          0    0000ffea    00000002     
                  0000ffea    00000002     rts430x_lc_rd_eabi.lib : int45.obj (.int45)

ADC10      0    0000ffec    00000002     
                  0000ffec    00000002     rts430x_lc_rd_eabi.lib : int46.obj (.int46)

USCI_B0    0    0000ffee    00000002     
                  0000ffee    00000002     rts430x_lc_rd_eabi.lib : int47.obj (.int47)

USCI_A0    0    0000fff0    00000002     
                  0000fff0    00000002     rts430x_lc_rd_eabi.lib : int48.obj (.int48)

WDT        0    0000fff2    00000002     
                  0000fff2    00000002     rts430x_lc_rd_eabi.lib : int49.obj (.int49)

TIMER0_B1 
*          0    0000fff4    00000002     
                  0000fff4    00000002     rts430x_lc_rd_eabi.lib : int50.obj (.int50)

TIMER0_B0 
*          0    0000fff6    00000002     
                  0000fff6    00000002     grace.lib : InterruptVectors_init.obj (.int51)

COMP_D     0    0000fff8    00000002     
                  0000fff8    00000002     rts430x_lc_rd_eabi.lib : int52.obj (.int52)

UNMI       0    0000fffa    00000002     
                  0000fffa    00000002     rts430x_lc_rd_eabi.lib : int53.obj (.int53)

SYSNMI     0    0000fffc    00000002     
                  0000fffc    00000002     rts430x_lc_rd_eabi.lib : int54.obj (.int54)

.reset     0    0000fffe    00000002     
                  0000fffe    00000002     ti.targets.msp430.rts430.ae430X : boot.oe430X (.reset)


LINKER GENERATED COPY TABLES

__TI_cinit_table @ 0000c32c records: 2, size/record: 8, table size: 16
	.data: load addr=0000c200, load size=00000118 bytes, run addr=00001c00, run size=00000112 bytes, compression=copy
	.bss: load addr=0000c326, load size=00000006 bytes, run addr=00001d12, run size=00000008 bytes, compression=zero_init


LINKER GENERATED HANDLER TABLE

__TI_handler_table @ 0000c31a records: 3, size/record: 4, table size: 12
	index: 0, handler: __TI_zero_init
	index: 1, handler: __TI_decompress_rle24
	index: 2, handler: __TI_decompress_none


GLOBAL SYMBOLS: SORTED ALPHABETICALLY BY Name 

address    name
--------   ----
00000700   ADC10CTL0
00000701   ADC10CTL0_H
00000700   ADC10CTL0_L
00000702   ADC10CTL1
00000703   ADC10CTL1_H
00000702   ADC10CTL1_L
00000704   ADC10CTL2
00000705   ADC10CTL2_H
00000704   ADC10CTL2_L
00000708   ADC10HI
00000709   ADC10HI_H
00000708   ADC10HI_L
0000071a   ADC10IE
0000071b   ADC10IE_H
0000071a   ADC10IE_L
0000071c   ADC10IFG
0000071d   ADC10IFG_H
0000071c   ADC10IFG_L
0000071e   ADC10IV
0000071f   ADC10IV_H
0000071e   ADC10IV_L
00000706   ADC10LO
00000707   ADC10LO_H
00000706   ADC10LO_L
0000070a   ADC10MCTL0
0000070b   ADC10MCTL0_H
0000070a   ADC10MCTL0_L
00000712   ADC10MEM0
00000713   ADC10MEM0_H
00000712   ADC10MEM0_L
0000deaa   ADC10_B_disableInterrupt
0000dee2   ADC10_B_enable
0000cf84   ADC10_B_graceInit
0000d8fa   ADC10_B_init
0000de64   ADC10_B_memoryConfigure
0000ddec   ADC10_B_setDataReadBackFormat
0000de00   ADC10_B_setReferenceBufferSamplingRate
0000dd94   ADC10_B_setSampleHoldSignalInversion
0000dd48   ADC10_B_setupSamplingTimer
0000d99a   ATresponse
000004be   BCD2BIN
000004bc   BIN2BCD
0000df1e   C$$EXIT
000008c0   CDCTL0
000008c1   CDCTL0_H
000008c0   CDCTL0_L
000008c2   CDCTL1
000008c3   CDCTL1_H
000008c2   CDCTL1_L
000008c4   CDCTL2
000008c5   CDCTL2_H
000008c4   CDCTL2_L
000008c6   CDCTL3
000008c7   CDCTL3_H
000008c6   CDCTL3_L
000008cc   CDINT
000008cd   CDINT_H
000008cc   CDINT_L
000008ce   CDIV
000008cf   CDIV_H
000008ce   CDIV_L
00000150   CRCDI
00000152   CRCDIRB
00000153   CRCDIRB_H
00000152   CRCDIRB_L
00000151   CRCDI_H
00000150   CRCDI_L
00000154   CRCINIRES
00000155   CRCINIRES_H
00000154   CRCINIRES_L
00000156   CRCRESR
00000157   CRCRESR_H
00000156   CRCRESR_L
00000160   CSCTL0
00000161   CSCTL0_H
00000160   CSCTL0_L
00000162   CSCTL1
00000163   CSCTL1_H
00000162   CSCTL1_L
00000164   CSCTL2
00000165   CSCTL2_H
00000164   CSCTL2_L
00000166   CSCTL3
00000167   CSCTL3_H
00000166   CSCTL3_L
00000168   CSCTL4
00000169   CSCTL4_H
00000168   CSCTL4_L
0000016a   CSCTL5
0000016b   CSCTL5_H
0000016a   CSCTL5_L
0000016c   CSCTL6
0000016d   CSCTL6_H
0000016c   CSCTL6_L
00001d0a   CS_XT1ClockFrequency
0000cc04   CS_XT1StartWithTimeout
00001d0e   CS_XT2ClockFrequency
0000daba   CS_clearAllOscFlagsWithTimeout
0000ccc8   CS_clockSignalInit
0000dd62   CS_disableClockRequest
0000cede   CS_graceInit
0000dd7c   CS_setDCOFreq
0000dca4   CS_setExternalClockSource
00000510   DMA0CTL
00000511   DMA0CTL_H
00000510   DMA0CTL_L
00000516   DMA0DA
00000516   DMA0DAL
00000512   DMA0SA
00000512   DMA0SAL
0000051a   DMA0SZ
00000520   DMA1CTL
00000521   DMA1CTL_H
00000520   DMA1CTL_L
00000526   DMA1DA
00000526   DMA1DAL
00000522   DMA1SA
00000522   DMA1SAL
0000052a   DMA1SZ
00000530   DMA2CTL
00000531   DMA2CTL_H
00000530   DMA2CTL_L
00000536   DMA2DA
00000536   DMA2DAL
00000532   DMA2SA
00000532   DMA2SAL
0000053a   DMA2SZ
00000500   DMACTL0
00000501   DMACTL0_H
00000500   DMACTL0_L
00000502   DMACTL1
00000503   DMACTL1_H
00000502   DMACTL1_L
00000504   DMACTL2
00000505   DMACTL2_H
00000504   DMACTL2_L
00000506   DMACTL3
00000507   DMACTL3_H
00000506   DMACTL3_L
00000508   DMACTL4
00000509   DMACTL4_H
00000508   DMACTL4_L
0000050e   DMAIV
0000050f   DMAIV_H
0000050e   DMAIV_L
0000d44c   EUSCI_A0_graceInit
0000d4bc   EUSCI_A1_graceInit
0000dcc6   EUSCI_A_UART_disableInterrupt
0000deea   EUSCI_A_UART_enable
0000ce34   EUSCI_A_UART_initAdvance
0000de14   EUSCI_A_UART_selectDeglitchTime
00000140   FRCTL0
00000141   FRCTL0_H
00000140   FRCTL0_L
00000144   GCCTL0
00000145   GCCTL0_H
00000144   GCCTL0_L
00000146   GCCTL1
00000147   GCCTL1_H
00000146   GCCTL1_L
0000d020   GPIO_graceInit
0000db2c   Grace_init
0000df22   InterruptVectors_graceInit
000004c4   MAC
000004da   MAC32H
000004db   MAC32H_H
000004da   MAC32H_L
000004d8   MAC32L
000004d9   MAC32L_H
000004d8   MAC32L_L
000004c6   MACS
000004de   MACS32H
000004df   MACS32H_H
000004de   MACS32H_L
000004dc   MACS32L
000004dd   MACS32L_H
000004dc   MACS32L_L
000004c7   MACS_H
000004c6   MACS_L
000004c5   MAC_H
000004c4   MAC_L
000005a0   MPUCTL0
000005a1   MPUCTL0_H
000005a0   MPUCTL0_L
000005a2   MPUCTL1
000005a3   MPUCTL1_H
000005a2   MPUCTL1_L
000005a6   MPUSAM
000005a7   MPUSAM_H
000005a6   MPUSAM_L
000005a4   MPUSEG
000005a5   MPUSEG_H
000005a4   MPUSEG_L
000004c0   MPY
000004ec   MPY32CTL0
000004ed   MPY32CTL0_H
000004ec   MPY32CTL0_L
000004d2   MPY32H
000004d3   MPY32H_H
000004d2   MPY32H_L
000004d0   MPY32L
000004d1   MPY32L_H
000004d0   MPY32L_L
000004c2   MPYS
000004d6   MPYS32H
000004d7   MPYS32H_H
000004d6   MPYS32H_L
000004d4   MPYS32L
000004d5   MPYS32L_H
000004d4   MPYS32L_L
000004c3   MPYS_H
000004c2   MPYS_L
000004c1   MPY_H
000004c0   MPY_L
000004c8   OP2
000004e2   OP2H
000004e3   OP2H_H
000004e2   OP2H_L
000004e0   OP2L
000004e1   OP2L_H
000004e0   OP2L_L
000004c9   OP2_H
000004c8   OP2_L
0000020e   P1IV
0000021e   P2IV
0000022e   P3IV
0000023e   P4IV
00000204   PADIR
00000205   PADIR_H
00000204   PADIR_L
0000021a   PAIE
00000218   PAIES
00000219   PAIES_H
00000218   PAIES_L
0000021b   PAIE_H
0000021a   PAIE_L
0000021c   PAIFG
0000021d   PAIFG_H
0000021c   PAIFG_L
00000200   PAIN
00000201   PAIN_H
00000200   PAIN_L
00000202   PAOUT
00000203   PAOUT_H
00000202   PAOUT_L
00000206   PAREN
00000207   PAREN_H
00000206   PAREN_L
0000020a   PASEL0
0000020b   PASEL0_H
0000020a   PASEL0_L
0000020c   PASEL1
0000020d   PASEL1_H
0000020c   PASEL1_L
00000216   PASELC
00000217   PASELC_H
00000216   PASELC_L
00000224   PBDIR
00000225   PBDIR_H
00000224   PBDIR_L
0000023a   PBIE
00000238   PBIES
00000239   PBIES_H
00000238   PBIES_L
0000023b   PBIE_H
0000023a   PBIE_L
0000023c   PBIFG
0000023d   PBIFG_H
0000023c   PBIFG_L
00000220   PBIN
00000221   PBIN_H
00000220   PBIN_L
00000222   PBOUT
00000223   PBOUT_H
00000222   PBOUT_L
00000226   PBREN
00000227   PBREN_H
00000226   PBREN_L
0000022a   PBSEL0
0000022b   PBSEL0_H
0000022a   PBSEL0_L
0000022c   PBSEL1
0000022d   PBSEL1_H
0000022c   PBSEL1_L
00000236   PBSELC
00000237   PBSELC_H
00000236   PBSELC_L
00000324   PJDIR
00000325   PJDIR_H
00000324   PJDIR_L
00000320   PJIN
00000321   PJIN_H
00000320   PJIN_L
00000322   PJOUT
00000323   PJOUT_H
00000322   PJOUT_L
00000326   PJREN
00000327   PJREN_H
00000326   PJREN_L
0000032a   PJSEL0
0000032b   PJSEL0_H
0000032a   PJSEL0_L
0000032c   PJSEL1
0000032d   PJSEL1_H
0000032c   PJSEL1_L
00000336   PJSELC
00000337   PJSELC_H
00000336   PJSELC_L
00000130   PM5CTL0
00000131   PM5CTL0_H
00000130   PM5CTL0_L
00000120   PMMCTL0
00000121   PMMCTL0_H
00000120   PMMCTL0_L
0000012a   PMMIFG
0000012b   PMMIFG_H
0000012a   PMMIFG_L
00001cfd   Python_available
000001b0   REFCTL0
000001b1   REFCTL0_H
000001b0   REFCTL0_L
0000def0   REF_disableTempSensor
0000def6   REF_enableReferenceVoltage
0000dce8   REF_graceInit
0000deb8   REF_setReferenceVoltage
000004e4   RES0
000004e5   RES0_H
000004e4   RES0_L
000004e6   RES1
000004e7   RES1_H
000004e6   RES1_L
000004e8   RES2
000004e9   RES2_H
000004e8   RES2_L
000004ea   RES3
000004eb   RES3_H
000004ea   RES3_L
000004cc   RESHI
000004cd   RESHI_H
000004cc   RESHI_L
000004ca   RESLO
000004cb   RESLO_H
000004ca   RESLO_L
000004ba   RTCADOWDAY
000004bb   RTCADOWDAY_H
000004ba   RTCADOWDAY_L
000004b8   RTCAMINHR
000004b9   RTCAMINHR_H
000004b8   RTCAMINHR_L
000004a0   RTCCTL01
000004a1   RTCCTL01_H
000004a0   RTCCTL01_L
000004a2   RTCCTL23
000004a3   RTCCTL23_H
000004a2   RTCCTL23_L
000004b4   RTCDATE
000004b5   RTCDATE_H
000004b4   RTCDATE_L
000004ae   RTCIV
000004ac   RTCPS
000004a8   RTCPS0CTL
000004a9   RTCPS0CTL_H
000004a8   RTCPS0CTL_L
000004aa   RTCPS1CTL
000004ab   RTCPS1CTL_H
000004aa   RTCPS1CTL_L
000004ad   RTCPS_H
000004ac   RTCPS_L
000004b0   RTCTIM0
000004b1   RTCTIM0_H
000004b0   RTCTIM0_L
000004b2   RTCTIM1
000004b3   RTCTIM1_H
000004b2   RTCTIM1_L
000004b6   RTCYEAR
000004b7   RTCYEAR_H
000004b6   RTCYEAR_L
00000100   SFRIE1
00000101   SFRIE1_H
00000100   SFRIE1_L
00000102   SFRIFG1
00000103   SFRIFG1_H
00000102   SFRIFG1_L
00000104   SFRRPCR
00000105   SFRRPCR_H
00000104   SFRRPCR_L
0000d0bc   SS_command
0000d364   SS_receive_records
000004ce   SUMEXT
000004cf   SUMEXT_H
000004ce   SUMEXT_L
00000198   SYSBERRIV
00000199   SYSBERRIV_H
00000198   SYSBERRIV_L
00000182   SYSBSLC
00000183   SYSBSLC_H
00000182   SYSBSLC_L
00000180   SYSCTL
00000181   SYSCTL_H
00000180   SYSCTL_L
00000186   SYSJMBC
00000187   SYSJMBC_H
00000186   SYSJMBC_L
00000188   SYSJMBI0
00000189   SYSJMBI0_H
00000188   SYSJMBI0_L
0000018a   SYSJMBI1
0000018b   SYSJMBI1_H
0000018a   SYSJMBI1_L
0000018c   SYSJMBO0
0000018d   SYSJMBO0_H
0000018c   SYSJMBO0_L
0000018e   SYSJMBO1
0000018f   SYSJMBO1_H
0000018e   SYSJMBO1_L
0000019e   SYSRSTIV
0000019f   SYSRSTIV_H
0000019e   SYSRSTIV_L
0000019c   SYSSNIV
0000019d   SYSSNIV_H
0000019c   SYSSNIV_L
0000019a   SYSUNIV
0000019b   SYSUNIV_H
0000019a   SYSUNIV_L
0000defc   System_graceInit
00000352   TA0CCR0
00000354   TA0CCR1
00000356   TA0CCR2
00000342   TA0CCTL0
00000344   TA0CCTL1
00000346   TA0CCTL2
00000340   TA0CTL
00000360   TA0EX0
0000036e   TA0IV
00000350   TA0R
00000392   TA1CCR0
00000394   TA1CCR1
00000396   TA1CCR2
00000382   TA1CCTL0
00000384   TA1CCTL1
00000386   TA1CCTL2
00000380   TA1CTL
000003a0   TA1EX0
000003ae   TA1IV
00000390   TA1R
000003d2   TB0CCR0
000003d4   TB0CCR1
000003d6   TB0CCR2
000003c2   TB0CCTL0
000003c4   TB0CCTL1
000003c6   TB0CCTL2
000003c0   TB0CTL
000003e0   TB0EX0
000003ee   TB0IV
000003d0   TB0R
00000412   TB1CCR0
00000414   TB1CCR1
00000416   TB1CCR2
00000402   TB1CCTL0
00000404   TB1CCTL1
00000406   TB1CCTL2
00000400   TB1CTL
00000420   TB1EX0
0000042e   TB1IV
00000410   TB1R
00000452   TB2CCR0
00000454   TB2CCR1
00000456   TB2CCR2
00000442   TB2CCTL0
00000444   TB2CCTL1
00000446   TB2CCTL2
00000440   TB2CTL
00000460   TB2EX0
0000046e   TB2IV
00000450   TB2R
0000d8a4   TIMER0_B0_ISR_HOOK
0000d84e   TIMER_B_configureUpMode
0000dec4   TIMER_B_selectCounterLength
0000df02   TIMER_B_startCounter
0000da2e   Timer0_B3_graceInit
000005d0   UCA0ABCTL
000005c6   UCA0BRW
000005c7   UCA0BRW_H
000005c6   UCA0BRW_L
000005c0   UCA0CTLW0
000005c1   UCA0CTLW0_H
000005c0   UCA0CTLW0_L
000005c2   UCA0CTLW1
000005c3   UCA0CTLW1_H
000005c2   UCA0CTLW1_L
000005da   UCA0IE
000005db   UCA0IE_H
000005da   UCA0IE_L
000005dc   UCA0IFG
000005dd   UCA0IFG_H
000005dc   UCA0IFG_L
000005d2   UCA0IRCTL
000005d3   UCA0IRCTL_H
000005d2   UCA0IRCTL_L
000005de   UCA0IV
000005c8   UCA0MCTLW
000005c9   UCA0MCTLW_H
000005c8   UCA0MCTLW_L
000005cc   UCA0RXBUF
000005cd   UCA0RXBUF_H
000005cc   UCA0RXBUF_L
000005ca   UCA0STATW
000005ce   UCA0TXBUF
000005cf   UCA0TXBUF_H
000005ce   UCA0TXBUF_L
000005f0   UCA1ABCTL
000005e6   UCA1BRW
000005e7   UCA1BRW_H
000005e6   UCA1BRW_L
000005e0   UCA1CTLW0
000005e1   UCA1CTLW0_H
000005e0   UCA1CTLW0_L
000005e2   UCA1CTLW1
000005e3   UCA1CTLW1_H
000005e2   UCA1CTLW1_L
000005fa   UCA1IE
000005fb   UCA1IE_H
000005fa   UCA1IE_L
000005fc   UCA1IFG
000005fd   UCA1IFG_H
000005fc   UCA1IFG_L
000005f2   UCA1IRCTL
000005f3   UCA1IRCTL_H
000005f2   UCA1IRCTL_L
000005fe   UCA1IV
000005e8   UCA1MCTLW
000005e9   UCA1MCTLW_H
000005e8   UCA1MCTLW_L
000005ec   UCA1RXBUF
000005ed   UCA1RXBUF_H
000005ec   UCA1RXBUF_L
000005ea   UCA1STATW
000005ee   UCA1TXBUF
000005ef   UCA1TXBUF_H
000005ee   UCA1TXBUF_L
0000065e   UCB0ADDMASK
0000065f   UCB0ADDMASK_H
0000065e   UCB0ADDMASK_L
0000065c   UCB0ADDRX
0000065d   UCB0ADDRX_H
0000065c   UCB0ADDRX_L
00000646   UCB0BRW
00000647   UCB0BRW_H
00000646   UCB0BRW_L
00000640   UCB0CTLW0
00000641   UCB0CTLW0_H
00000640   UCB0CTLW0_L
00000642   UCB0CTLW1
00000643   UCB0CTLW1_H
00000642   UCB0CTLW1_L
00000654   UCB0I2COA0
00000655   UCB0I2COA0_H
00000654   UCB0I2COA0_L
00000656   UCB0I2COA1
00000657   UCB0I2COA1_H
00000656   UCB0I2COA1_L
00000658   UCB0I2COA2
00000659   UCB0I2COA2_H
00000658   UCB0I2COA2_L
0000065a   UCB0I2COA3
0000065b   UCB0I2COA3_H
0000065a   UCB0I2COA3_L
00000660   UCB0I2CSA
00000661   UCB0I2CSA_H
00000660   UCB0I2CSA_L
0000066a   UCB0IE
0000066b   UCB0IE_H
0000066a   UCB0IE_L
0000066c   UCB0IFG
0000066d   UCB0IFG_H
0000066c   UCB0IFG_L
0000066e   UCB0IV
0000064c   UCB0RXBUF
0000064d   UCB0RXBUF_H
0000064c   UCB0RXBUF_L
00000648   UCB0STATW
00000649   UCB0STATW_H
00000648   UCB0STATW_L
0000064a   UCB0TBCNT
0000064b   UCB0TBCNT_H
0000064a   UCB0TBCNT_L
0000064e   UCB0TXBUF
0000064f   UCB0TXBUF_H
0000064e   UCB0TXBUF_L
0000015c   WDTCTL
0000015d   WDTCTL_H
0000015c   WDTCTL_L
0000de76   WDT_A_graceInit
0000de28   WDT_A_watchdogTimerInit
00000000   __ASM__
0000008e   __ISA__
000000a2   __PLAT__
00002000   __STACK_END
00000040   __STACK_SIZE
000000c6   __TARG__
0000c32c   __TI_CINIT_Base
0000c33c   __TI_CINIT_Limit
0000c31a   __TI_Handler_Table_Base
0000c326   __TI_Handler_Table_Limit
UNDEFED    __TI_INITARRAY_Base
UNDEFED    __TI_INITARRAY_Limit
0000df08   __TI_ISR_TRAP
00000001   __TI_args_main
0000de88   __TI_decompress_none
0000df0e   __TI_decompress_rle24
00000001   __TI_exit
0000ffce   __TI_int31
0000ffd0   __TI_int32
0000ffd2   __TI_int33
0000ffd4   __TI_int34
0000ffd6   __TI_int35
0000ffd8   __TI_int36
0000ffda   __TI_int37
0000ffdc   __TI_int38
0000ffde   __TI_int39
0000ffe0   __TI_int40
0000ffe2   __TI_int41
0000ffe4   __TI_int42
0000ffe6   __TI_int43
0000ffe8   __TI_int44
0000ffea   __TI_int45
0000ffec   __TI_int46
0000ffee   __TI_int47
0000fff0   __TI_int48
0000fff2   __TI_int49
0000fff4   __TI_int50
0000fff6   __TI_int51
0000fff8   __TI_int52
0000fffa   __TI_int53
0000fffc   __TI_int54
0000dc5c   __TI_zero_init
000000f4   __TRDR__
ffffffff   __binit__
ffffffff   __c_args__
0000d60c   _auto_init_hold_wdt
0000dc10   _c_int00
0000dc10   _c_int00_noexit
0000fffe   _reset_vector
00001fc0   _stack
0000df1a   _system_pre_init
0000df1e   abort
0000fe9c   active
0000d9e4   ascii2int
0000dc36   await_connection
0000fe80   battery_level
ffffffff   binit
0000ddaa   blink
0000d2ee   clear_data
0000dd2a   contact_sensor
0000e000   data_received
0000fe96   day_count
0000db5e   do_script
00001d08   eightCount
0000fe9d   error_code
00001d02   force_shut_down
0000c200   fram_ro_start
0000c200   fram_rw_start
0000c800   fram_rx_start
0000d52c   int2ascii
0000fe98   last_day_count
0000d1e0   main
0000d73c   makeConnection
0000de3c   memcpy
00001c00   messages
0000daf6   move_string
0000dbe8   multi_blink
0000fe9e   nest_ID
0000fef6   new_parameters
0000ff1e   new_parameters_loaded
00001cfc   new_settings
0000fece   parameters
0000d6dc   phone_it_in
0000d94c   phone_off
0000cd88   phone_on
0000d268   readBattery
0000fe88   recCount
0000fe8a   recCount_here
0000fe8e   recCount_phone
0000fe84   recReadings
0000fe9a   recSecs
0000fe82   recUploads
0000e080   records
0000d79a   report_counter
0000d152   report_record_data
0000dc80   reset_phone_UART
0000fe90   room_here
0000db8e   rs485_on
00001d04   script_counter
0000fe92   secCount
0000d7f4   sendMessage
0000ddc0   send_byte
0000de50   send_integer
0000dd0a   send_nibble
0000c800   send_report
0000da74   sensor_connection
00001d07   sensor_error
00001d06   sensor_plugged_in
00001cfe   sensor_ready
0000fe8c   sensor_recCount
0000d59c   set_report_frequency
0000cb36   set_time
0000de9a   sleep
0000c944   start_up
00001d01   starting_up
00001d00   tamper_count
0000deda   ti_catalog_msp430_init_Boot_disableWatchdog
0000ded0   ti_catalog_msp430_init_Boot_init
0000d3d8   transfer_string
0000dbbe   wait
0000ddd6   watchdog_reset
00001cff   wd_reset
00001d12   x
00000000   xdc_runtime_Startup__EXECFXN__C
00000001   xdc_runtime_Startup__RESETFXN__C
00000000   xdc_runtime_Startup_exec__E
0000df14   xdc_runtime_Startup_reset__I
00001d16   y
00001d18   z


GLOBAL SYMBOLS: SORTED BY Symbol Address 

address    name
--------   ----
00000000   __ASM__
00000000   xdc_runtime_Startup__EXECFXN__C
00000000   xdc_runtime_Startup_exec__E
00000001   __TI_args_main
00000001   __TI_exit
00000001   xdc_runtime_Startup__RESETFXN__C
00000040   __STACK_SIZE
0000008e   __ISA__
000000a2   __PLAT__
000000c6   __TARG__
000000f4   __TRDR__
00000100   SFRIE1
00000100   SFRIE1_L
00000101   SFRIE1_H
00000102   SFRIFG1
00000102   SFRIFG1_L
00000103   SFRIFG1_H
00000104   SFRRPCR
00000104   SFRRPCR_L
00000105   SFRRPCR_H
00000120   PMMCTL0
00000120   PMMCTL0_L
00000121   PMMCTL0_H
0000012a   PMMIFG
0000012a   PMMIFG_L
0000012b   PMMIFG_H
00000130   PM5CTL0
00000130   PM5CTL0_L
00000131   PM5CTL0_H
00000140   FRCTL0
00000140   FRCTL0_L
00000141   FRCTL0_H
00000144   GCCTL0
00000144   GCCTL0_L
00000145   GCCTL0_H
00000146   GCCTL1
00000146   GCCTL1_L
00000147   GCCTL1_H
00000150   CRCDI
00000150   CRCDI_L
00000151   CRCDI_H
00000152   CRCDIRB
00000152   CRCDIRB_L
00000153   CRCDIRB_H
00000154   CRCINIRES
00000154   CRCINIRES_L
00000155   CRCINIRES_H
00000156   CRCRESR
00000156   CRCRESR_L
00000157   CRCRESR_H
0000015c   WDTCTL
0000015c   WDTCTL_L
0000015d   WDTCTL_H
00000160   CSCTL0
00000160   CSCTL0_L
00000161   CSCTL0_H
00000162   CSCTL1
00000162   CSCTL1_L
00000163   CSCTL1_H
00000164   CSCTL2
00000164   CSCTL2_L
00000165   CSCTL2_H
00000166   CSCTL3
00000166   CSCTL3_L
00000167   CSCTL3_H
00000168   CSCTL4
00000168   CSCTL4_L
00000169   CSCTL4_H
0000016a   CSCTL5
0000016a   CSCTL5_L
0000016b   CSCTL5_H
0000016c   CSCTL6
0000016c   CSCTL6_L
0000016d   CSCTL6_H
00000180   SYSCTL
00000180   SYSCTL_L
00000181   SYSCTL_H
00000182   SYSBSLC
00000182   SYSBSLC_L
00000183   SYSBSLC_H
00000186   SYSJMBC
00000186   SYSJMBC_L
00000187   SYSJMBC_H
00000188   SYSJMBI0
00000188   SYSJMBI0_L
00000189   SYSJMBI0_H
0000018a   SYSJMBI1
0000018a   SYSJMBI1_L
0000018b   SYSJMBI1_H
0000018c   SYSJMBO0
0000018c   SYSJMBO0_L
0000018d   SYSJMBO0_H
0000018e   SYSJMBO1
0000018e   SYSJMBO1_L
0000018f   SYSJMBO1_H
00000198   SYSBERRIV
00000198   SYSBERRIV_L
00000199   SYSBERRIV_H
0000019a   SYSUNIV
0000019a   SYSUNIV_L
0000019b   SYSUNIV_H
0000019c   SYSSNIV
0000019c   SYSSNIV_L
0000019d   SYSSNIV_H
0000019e   SYSRSTIV
0000019e   SYSRSTIV_L
0000019f   SYSRSTIV_H
000001b0   REFCTL0
000001b0   REFCTL0_L
000001b1   REFCTL0_H
00000200   PAIN
00000200   PAIN_L
00000201   PAIN_H
00000202   PAOUT
00000202   PAOUT_L
00000203   PAOUT_H
00000204   PADIR
00000204   PADIR_L
00000205   PADIR_H
00000206   PAREN
00000206   PAREN_L
00000207   PAREN_H
0000020a   PASEL0
0000020a   PASEL0_L
0000020b   PASEL0_H
0000020c   PASEL1
0000020c   PASEL1_L
0000020d   PASEL1_H
0000020e   P1IV
00000216   PASELC
00000216   PASELC_L
00000217   PASELC_H
00000218   PAIES
00000218   PAIES_L
00000219   PAIES_H
0000021a   PAIE
0000021a   PAIE_L
0000021b   PAIE_H
0000021c   PAIFG
0000021c   PAIFG_L
0000021d   PAIFG_H
0000021e   P2IV
00000220   PBIN
00000220   PBIN_L
00000221   PBIN_H
00000222   PBOUT
00000222   PBOUT_L
00000223   PBOUT_H
00000224   PBDIR
00000224   PBDIR_L
00000225   PBDIR_H
00000226   PBREN
00000226   PBREN_L
00000227   PBREN_H
0000022a   PBSEL0
0000022a   PBSEL0_L
0000022b   PBSEL0_H
0000022c   PBSEL1
0000022c   PBSEL1_L
0000022d   PBSEL1_H
0000022e   P3IV
00000236   PBSELC
00000236   PBSELC_L
00000237   PBSELC_H
00000238   PBIES
00000238   PBIES_L
00000239   PBIES_H
0000023a   PBIE
0000023a   PBIE_L
0000023b   PBIE_H
0000023c   PBIFG
0000023c   PBIFG_L
0000023d   PBIFG_H
0000023e   P4IV
00000320   PJIN
00000320   PJIN_L
00000321   PJIN_H
00000322   PJOUT
00000322   PJOUT_L
00000323   PJOUT_H
00000324   PJDIR
00000324   PJDIR_L
00000325   PJDIR_H
00000326   PJREN
00000326   PJREN_L
00000327   PJREN_H
0000032a   PJSEL0
0000032a   PJSEL0_L
0000032b   PJSEL0_H
0000032c   PJSEL1
0000032c   PJSEL1_L
0000032d   PJSEL1_H
00000336   PJSELC
00000336   PJSELC_L
00000337   PJSELC_H
00000340   TA0CTL
00000342   TA0CCTL0
00000344   TA0CCTL1
00000346   TA0CCTL2
00000350   TA0R
00000352   TA0CCR0
00000354   TA0CCR1
00000356   TA0CCR2
00000360   TA0EX0
0000036e   TA0IV
00000380   TA1CTL
00000382   TA1CCTL0
00000384   TA1CCTL1
00000386   TA1CCTL2
00000390   TA1R
00000392   TA1CCR0
00000394   TA1CCR1
00000396   TA1CCR2
000003a0   TA1EX0
000003ae   TA1IV
000003c0   TB0CTL
000003c2   TB0CCTL0
000003c4   TB0CCTL1
000003c6   TB0CCTL2
000003d0   TB0R
000003d2   TB0CCR0
000003d4   TB0CCR1
000003d6   TB0CCR2
000003e0   TB0EX0
000003ee   TB0IV
00000400   TB1CTL
00000402   TB1CCTL0
00000404   TB1CCTL1
00000406   TB1CCTL2
00000410   TB1R
00000412   TB1CCR0
00000414   TB1CCR1
00000416   TB1CCR2
00000420   TB1EX0
0000042e   TB1IV
00000440   TB2CTL
00000442   TB2CCTL0
00000444   TB2CCTL1
00000446   TB2CCTL2
00000450   TB2R
00000452   TB2CCR0
00000454   TB2CCR1
00000456   TB2CCR2
00000460   TB2EX0
0000046e   TB2IV
000004a0   RTCCTL01
000004a0   RTCCTL01_L
000004a1   RTCCTL01_H
000004a2   RTCCTL23
000004a2   RTCCTL23_L
000004a3   RTCCTL23_H
000004a8   RTCPS0CTL
000004a8   RTCPS0CTL_L
000004a9   RTCPS0CTL_H
000004aa   RTCPS1CTL
000004aa   RTCPS1CTL_L
000004ab   RTCPS1CTL_H
000004ac   RTCPS
000004ac   RTCPS_L
000004ad   RTCPS_H
000004ae   RTCIV
000004b0   RTCTIM0
000004b0   RTCTIM0_L
000004b1   RTCTIM0_H
000004b2   RTCTIM1
000004b2   RTCTIM1_L
000004b3   RTCTIM1_H
000004b4   RTCDATE
000004b4   RTCDATE_L
000004b5   RTCDATE_H
000004b6   RTCYEAR
000004b6   RTCYEAR_L
000004b7   RTCYEAR_H
000004b8   RTCAMINHR
000004b8   RTCAMINHR_L
000004b9   RTCAMINHR_H
000004ba   RTCADOWDAY
000004ba   RTCADOWDAY_L
000004bb   RTCADOWDAY_H
000004bc   BIN2BCD
000004be   BCD2BIN
000004c0   MPY
000004c0   MPY_L
000004c1   MPY_H
000004c2   MPYS
000004c2   MPYS_L
000004c3   MPYS_H
000004c4   MAC
000004c4   MAC_L
000004c5   MAC_H
000004c6   MACS
000004c6   MACS_L
000004c7   MACS_H
000004c8   OP2
000004c8   OP2_L
000004c9   OP2_H
000004ca   RESLO
000004ca   RESLO_L
000004cb   RESLO_H
000004cc   RESHI
000004cc   RESHI_L
000004cd   RESHI_H
000004ce   SUMEXT
000004ce   SUMEXT_L
000004cf   SUMEXT_H
000004d0   MPY32L
000004d0   MPY32L_L
000004d1   MPY32L_H
000004d2   MPY32H
000004d2   MPY32H_L
000004d3   MPY32H_H
000004d4   MPYS32L
000004d4   MPYS32L_L
000004d5   MPYS32L_H
000004d6   MPYS32H
000004d6   MPYS32H_L
000004d7   MPYS32H_H
000004d8   MAC32L
000004d8   MAC32L_L
000004d9   MAC32L_H
000004da   MAC32H
000004da   MAC32H_L
000004db   MAC32H_H
000004dc   MACS32L
000004dc   MACS32L_L
000004dd   MACS32L_H
000004de   MACS32H
000004de   MACS32H_L
000004df   MACS32H_H
000004e0   OP2L
000004e0   OP2L_L
000004e1   OP2L_H
000004e2   OP2H
000004e2   OP2H_L
000004e3   OP2H_H
000004e4   RES0
000004e4   RES0_L
000004e5   RES0_H
000004e6   RES1
000004e6   RES1_L
000004e7   RES1_H
000004e8   RES2
000004e8   RES2_L
000004e9   RES2_H
000004ea   RES3
000004ea   RES3_L
000004eb   RES3_H
000004ec   MPY32CTL0
000004ec   MPY32CTL0_L
000004ed   MPY32CTL0_H
00000500   DMACTL0
00000500   DMACTL0_L
00000501   DMACTL0_H
00000502   DMACTL1
00000502   DMACTL1_L
00000503   DMACTL1_H
00000504   DMACTL2
00000504   DMACTL2_L
00000505   DMACTL2_H
00000506   DMACTL3
00000506   DMACTL3_L
00000507   DMACTL3_H
00000508   DMACTL4
00000508   DMACTL4_L
00000509   DMACTL4_H
0000050e   DMAIV
0000050e   DMAIV_L
0000050f   DMAIV_H
00000510   DMA0CTL
00000510   DMA0CTL_L
00000511   DMA0CTL_H
00000512   DMA0SA
00000512   DMA0SAL
00000516   DMA0DA
00000516   DMA0DAL
0000051a   DMA0SZ
00000520   DMA1CTL
00000520   DMA1CTL_L
00000521   DMA1CTL_H
00000522   DMA1SA
00000522   DMA1SAL
00000526   DMA1DA
00000526   DMA1DAL
0000052a   DMA1SZ
00000530   DMA2CTL
00000530   DMA2CTL_L
00000531   DMA2CTL_H
00000532   DMA2SA
00000532   DMA2SAL
00000536   DMA2DA
00000536   DMA2DAL
0000053a   DMA2SZ
000005a0   MPUCTL0
000005a0   MPUCTL0_L
000005a1   MPUCTL0_H
000005a2   MPUCTL1
000005a2   MPUCTL1_L
000005a3   MPUCTL1_H
000005a4   MPUSEG
000005a4   MPUSEG_L
000005a5   MPUSEG_H
000005a6   MPUSAM
000005a6   MPUSAM_L
000005a7   MPUSAM_H
000005c0   UCA0CTLW0
000005c0   UCA0CTLW0_L
000005c1   UCA0CTLW0_H
000005c2   UCA0CTLW1
000005c2   UCA0CTLW1_L
000005c3   UCA0CTLW1_H
000005c6   UCA0BRW
000005c6   UCA0BRW_L
000005c7   UCA0BRW_H
000005c8   UCA0MCTLW
000005c8   UCA0MCTLW_L
000005c9   UCA0MCTLW_H
000005ca   UCA0STATW
000005cc   UCA0RXBUF
000005cc   UCA0RXBUF_L
000005cd   UCA0RXBUF_H
000005ce   UCA0TXBUF
000005ce   UCA0TXBUF_L
000005cf   UCA0TXBUF_H
000005d0   UCA0ABCTL
000005d2   UCA0IRCTL
000005d2   UCA0IRCTL_L
000005d3   UCA0IRCTL_H
000005da   UCA0IE
000005da   UCA0IE_L
000005db   UCA0IE_H
000005dc   UCA0IFG
000005dc   UCA0IFG_L
000005dd   UCA0IFG_H
000005de   UCA0IV
000005e0   UCA1CTLW0
000005e0   UCA1CTLW0_L
000005e1   UCA1CTLW0_H
000005e2   UCA1CTLW1
000005e2   UCA1CTLW1_L
000005e3   UCA1CTLW1_H
000005e6   UCA1BRW
000005e6   UCA1BRW_L
000005e7   UCA1BRW_H
000005e8   UCA1MCTLW
000005e8   UCA1MCTLW_L
000005e9   UCA1MCTLW_H
000005ea   UCA1STATW
000005ec   UCA1RXBUF
000005ec   UCA1RXBUF_L
000005ed   UCA1RXBUF_H
000005ee   UCA1TXBUF
000005ee   UCA1TXBUF_L
000005ef   UCA1TXBUF_H
000005f0   UCA1ABCTL
000005f2   UCA1IRCTL
000005f2   UCA1IRCTL_L
000005f3   UCA1IRCTL_H
000005fa   UCA1IE
000005fa   UCA1IE_L
000005fb   UCA1IE_H
000005fc   UCA1IFG
000005fc   UCA1IFG_L
000005fd   UCA1IFG_H
000005fe   UCA1IV
00000640   UCB0CTLW0
00000640   UCB0CTLW0_L
00000641   UCB0CTLW0_H
00000642   UCB0CTLW1
00000642   UCB0CTLW1_L
00000643   UCB0CTLW1_H
00000646   UCB0BRW
00000646   UCB0BRW_L
00000647   UCB0BRW_H
00000648   UCB0STATW
00000648   UCB0STATW_L
00000649   UCB0STATW_H
0000064a   UCB0TBCNT
0000064a   UCB0TBCNT_L
0000064b   UCB0TBCNT_H
0000064c   UCB0RXBUF
0000064c   UCB0RXBUF_L
0000064d   UCB0RXBUF_H
0000064e   UCB0TXBUF
0000064e   UCB0TXBUF_L
0000064f   UCB0TXBUF_H
00000654   UCB0I2COA0
00000654   UCB0I2COA0_L
00000655   UCB0I2COA0_H
00000656   UCB0I2COA1
00000656   UCB0I2COA1_L
00000657   UCB0I2COA1_H
00000658   UCB0I2COA2
00000658   UCB0I2COA2_L
00000659   UCB0I2COA2_H
0000065a   UCB0I2COA3
0000065a   UCB0I2COA3_L
0000065b   UCB0I2COA3_H
0000065c   UCB0ADDRX
0000065c   UCB0ADDRX_L
0000065d   UCB0ADDRX_H
0000065e   UCB0ADDMASK
0000065e   UCB0ADDMASK_L
0000065f   UCB0ADDMASK_H
00000660   UCB0I2CSA
00000660   UCB0I2CSA_L
00000661   UCB0I2CSA_H
0000066a   UCB0IE
0000066a   UCB0IE_L
0000066b   UCB0IE_H
0000066c   UCB0IFG
0000066c   UCB0IFG_L
0000066d   UCB0IFG_H
0000066e   UCB0IV
00000700   ADC10CTL0
00000700   ADC10CTL0_L
00000701   ADC10CTL0_H
00000702   ADC10CTL1
00000702   ADC10CTL1_L
00000703   ADC10CTL1_H
00000704   ADC10CTL2
00000704   ADC10CTL2_L
00000705   ADC10CTL2_H
00000706   ADC10LO
00000706   ADC10LO_L
00000707   ADC10LO_H
00000708   ADC10HI
00000708   ADC10HI_L
00000709   ADC10HI_H
0000070a   ADC10MCTL0
0000070a   ADC10MCTL0_L
0000070b   ADC10MCTL0_H
00000712   ADC10MEM0
00000712   ADC10MEM0_L
00000713   ADC10MEM0_H
0000071a   ADC10IE
0000071a   ADC10IE_L
0000071b   ADC10IE_H
0000071c   ADC10IFG
0000071c   ADC10IFG_L
0000071d   ADC10IFG_H
0000071e   ADC10IV
0000071e   ADC10IV_L
0000071f   ADC10IV_H
000008c0   CDCTL0
000008c0   CDCTL0_L
000008c1   CDCTL0_H
000008c2   CDCTL1
000008c2   CDCTL1_L
000008c3   CDCTL1_H
000008c4   CDCTL2
000008c4   CDCTL2_L
000008c5   CDCTL2_H
000008c6   CDCTL3
000008c6   CDCTL3_L
000008c7   CDCTL3_H
000008cc   CDINT
000008cc   CDINT_L
000008cd   CDINT_H
000008ce   CDIV
000008ce   CDIV_L
000008cf   CDIV_H
00001c00   messages
00001cfc   new_settings
00001cfd   Python_available
00001cfe   sensor_ready
00001cff   wd_reset
00001d00   tamper_count
00001d01   starting_up
00001d02   force_shut_down
00001d04   script_counter
00001d06   sensor_plugged_in
00001d07   sensor_error
00001d08   eightCount
00001d0a   CS_XT1ClockFrequency
00001d0e   CS_XT2ClockFrequency
00001d12   x
00001d16   y
00001d18   z
00001fc0   _stack
00002000   __STACK_END
0000c200   fram_ro_start
0000c200   fram_rw_start
0000c31a   __TI_Handler_Table_Base
0000c326   __TI_Handler_Table_Limit
0000c32c   __TI_CINIT_Base
0000c33c   __TI_CINIT_Limit
0000c800   fram_rx_start
0000c800   send_report
0000c944   start_up
0000cb36   set_time
0000cc04   CS_XT1StartWithTimeout
0000ccc8   CS_clockSignalInit
0000cd88   phone_on
0000ce34   EUSCI_A_UART_initAdvance
0000cede   CS_graceInit
0000cf84   ADC10_B_graceInit
0000d020   GPIO_graceInit
0000d0bc   SS_command
0000d152   report_record_data
0000d1e0   main
0000d268   readBattery
0000d2ee   clear_data
0000d364   SS_receive_records
0000d3d8   transfer_string
0000d44c   EUSCI_A0_graceInit
0000d4bc   EUSCI_A1_graceInit
0000d52c   int2ascii
0000d59c   set_report_frequency
0000d60c   _auto_init_hold_wdt
0000d6dc   phone_it_in
0000d73c   makeConnection
0000d79a   report_counter
0000d7f4   sendMessage
0000d84e   TIMER_B_configureUpMode
0000d8a4   TIMER0_B0_ISR_HOOK
0000d8fa   ADC10_B_init
0000d94c   phone_off
0000d99a   ATresponse
0000d9e4   ascii2int
0000da2e   Timer0_B3_graceInit
0000da74   sensor_connection
0000daba   CS_clearAllOscFlagsWithTimeout
0000daf6   move_string
0000db2c   Grace_init
0000db5e   do_script
0000db8e   rs485_on
0000dbbe   wait
0000dbe8   multi_blink
0000dc10   _c_int00
0000dc10   _c_int00_noexit
0000dc36   await_connection
0000dc5c   __TI_zero_init
0000dc80   reset_phone_UART
0000dca4   CS_setExternalClockSource
0000dcc6   EUSCI_A_UART_disableInterrupt
0000dce8   REF_graceInit
0000dd0a   send_nibble
0000dd2a   contact_sensor
0000dd48   ADC10_B_setupSamplingTimer
0000dd62   CS_disableClockRequest
0000dd7c   CS_setDCOFreq
0000dd94   ADC10_B_setSampleHoldSignalInversion
0000ddaa   blink
0000ddc0   send_byte
0000ddd6   watchdog_reset
0000ddec   ADC10_B_setDataReadBackFormat
0000de00   ADC10_B_setReferenceBufferSamplingRate
0000de14   EUSCI_A_UART_selectDeglitchTime
0000de28   WDT_A_watchdogTimerInit
0000de3c   memcpy
0000de50   send_integer
0000de64   ADC10_B_memoryConfigure
0000de76   WDT_A_graceInit
0000de88   __TI_decompress_none
0000de9a   sleep
0000deaa   ADC10_B_disableInterrupt
0000deb8   REF_setReferenceVoltage
0000dec4   TIMER_B_selectCounterLength
0000ded0   ti_catalog_msp430_init_Boot_init
0000deda   ti_catalog_msp430_init_Boot_disableWatchdog
0000dee2   ADC10_B_enable
0000deea   EUSCI_A_UART_enable
0000def0   REF_disableTempSensor
0000def6   REF_enableReferenceVoltage
0000defc   System_graceInit
0000df02   TIMER_B_startCounter
0000df08   __TI_ISR_TRAP
0000df0e   __TI_decompress_rle24
0000df14   xdc_runtime_Startup_reset__I
0000df1a   _system_pre_init
0000df1e   C$$EXIT
0000df1e   abort
0000df22   InterruptVectors_graceInit
0000e000   data_received
0000e080   records
0000fe80   battery_level
0000fe82   recUploads
0000fe84   recReadings
0000fe88   recCount
0000fe8a   recCount_here
0000fe8c   sensor_recCount
0000fe8e   recCount_phone
0000fe90   room_here
0000fe92   secCount
0000fe96   day_count
0000fe98   last_day_count
0000fe9a   recSecs
0000fe9c   active
0000fe9d   error_code
0000fe9e   nest_ID
0000fece   parameters
0000fef6   new_parameters
0000ff1e   new_parameters_loaded
0000ffce   __TI_int31
0000ffd0   __TI_int32
0000ffd2   __TI_int33
0000ffd4   __TI_int34
0000ffd6   __TI_int35
0000ffd8   __TI_int36
0000ffda   __TI_int37
0000ffdc   __TI_int38
0000ffde   __TI_int39
0000ffe0   __TI_int40
0000ffe2   __TI_int41
0000ffe4   __TI_int42
0000ffe6   __TI_int43
0000ffe8   __TI_int44
0000ffea   __TI_int45
0000ffec   __TI_int46
0000ffee   __TI_int47
0000fff0   __TI_int48
0000fff2   __TI_int49
0000fff4   __TI_int50
0000fff6   __TI_int51
0000fff8   __TI_int52
0000fffa   __TI_int53
0000fffc   __TI_int54
0000fffe   _reset_vector
ffffffff   __binit__
ffffffff   __c_args__
ffffffff   binit
UNDEFED    __TI_INITARRAY_Base
UNDEFED    __TI_INITARRAY_Limit

[723 symbols]
